Archive member included to satisfy reference by file (symbol)

c:/program files (x86)/atmel/studio/7.0/toolchain/avr8/avr8-gnu-toolchain/bin/../lib/gcc/avr/5.4.0/../../../../avr/lib/avr5\libm.a(floatsisf.o)
                              BSP/ADC/AD.o (__floatunsisf)
c:/program files (x86)/atmel/studio/7.0/toolchain/avr8/avr8-gnu-toolchain/bin/../lib/gcc/avr/5.4.0/../../../../avr/lib/avr5\libm.a(mulsf3.o)
                              BSP/ADC/AD.o (__mulsf3)
c:/program files (x86)/atmel/studio/7.0/toolchain/avr8/avr8-gnu-toolchain/bin/../lib/gcc/avr/5.4.0/../../../../avr/lib/avr5\libm.a(mulsf3x.o)
                              c:/program files (x86)/atmel/studio/7.0/toolchain/avr8/avr8-gnu-toolchain/bin/../lib/gcc/avr/5.4.0/../../../../avr/lib/avr5\libm.a(mulsf3.o) (__mulsf3x)
c:/program files (x86)/atmel/studio/7.0/toolchain/avr8/avr8-gnu-toolchain/bin/../lib/gcc/avr/5.4.0/../../../../avr/lib/avr5\libm.a(fp_inf.o)
                              c:/program files (x86)/atmel/studio/7.0/toolchain/avr8/avr8-gnu-toolchain/bin/../lib/gcc/avr/5.4.0/../../../../avr/lib/avr5\libm.a(mulsf3x.o) (__fp_inf)
c:/program files (x86)/atmel/studio/7.0/toolchain/avr8/avr8-gnu-toolchain/bin/../lib/gcc/avr/5.4.0/../../../../avr/lib/avr5\libm.a(fp_nan.o)
                              c:/program files (x86)/atmel/studio/7.0/toolchain/avr8/avr8-gnu-toolchain/bin/../lib/gcc/avr/5.4.0/../../../../avr/lib/avr5\libm.a(mulsf3x.o) (__fp_nan)
c:/program files (x86)/atmel/studio/7.0/toolchain/avr8/avr8-gnu-toolchain/bin/../lib/gcc/avr/5.4.0/../../../../avr/lib/avr5\libm.a(fp_pscA.o)
                              c:/program files (x86)/atmel/studio/7.0/toolchain/avr8/avr8-gnu-toolchain/bin/../lib/gcc/avr/5.4.0/../../../../avr/lib/avr5\libm.a(mulsf3x.o) (__fp_pscA)
c:/program files (x86)/atmel/studio/7.0/toolchain/avr8/avr8-gnu-toolchain/bin/../lib/gcc/avr/5.4.0/../../../../avr/lib/avr5\libm.a(fp_pscB.o)
                              c:/program files (x86)/atmel/studio/7.0/toolchain/avr8/avr8-gnu-toolchain/bin/../lib/gcc/avr/5.4.0/../../../../avr/lib/avr5\libm.a(mulsf3x.o) (__fp_pscB)
c:/program files (x86)/atmel/studio/7.0/toolchain/avr8/avr8-gnu-toolchain/bin/../lib/gcc/avr/5.4.0/../../../../avr/lib/avr5\libm.a(fp_round.o)
                              c:/program files (x86)/atmel/studio/7.0/toolchain/avr8/avr8-gnu-toolchain/bin/../lib/gcc/avr/5.4.0/../../../../avr/lib/avr5\libm.a(mulsf3.o) (__fp_round)
c:/program files (x86)/atmel/studio/7.0/toolchain/avr8/avr8-gnu-toolchain/bin/../lib/gcc/avr/5.4.0/../../../../avr/lib/avr5\libm.a(fp_split3.o)
                              c:/program files (x86)/atmel/studio/7.0/toolchain/avr8/avr8-gnu-toolchain/bin/../lib/gcc/avr/5.4.0/../../../../avr/lib/avr5\libm.a(mulsf3x.o) (__fp_split3)
c:/program files (x86)/atmel/studio/7.0/toolchain/avr8/avr8-gnu-toolchain/bin/../lib/gcc/avr/5.4.0/../../../../avr/lib/avr5\libm.a(fp_zero.o)
                              c:/program files (x86)/atmel/studio/7.0/toolchain/avr8/avr8-gnu-toolchain/bin/../lib/gcc/avr/5.4.0/../../../../avr/lib/avr5\libm.a(mulsf3x.o) (__fp_szero)
c:/program files (x86)/atmel/studio/7.0/toolchain/avr8/avr8-gnu-toolchain/bin/../lib/gcc/avr/5.4.0/../../../../avr/lib/avr5\libprintf_flt.a(vfprintf_flt.o)
                              (vfprintf)
c:/program files (x86)/atmel/studio/7.0/toolchain/avr8/avr8-gnu-toolchain/bin/../lib/gcc/avr/5.4.0/avr5\libgcc.a(_mulsi3.o)
                              BSP/UART/uart.o (__mulsi3)
c:/program files (x86)/atmel/studio/7.0/toolchain/avr8/avr8-gnu-toolchain/bin/../lib/gcc/avr/5.4.0/avr5\libgcc.a(_udivmodsi4.o)
                              BSP/UART/uart.o (__udivmodsi4)
c:/program files (x86)/atmel/studio/7.0/toolchain/avr8/avr8-gnu-toolchain/bin/../lib/gcc/avr/5.4.0/avr5\libgcc.a(_exit.o)
                              C:/Program Files (x86)/Atmel/Studio/7.0/Packs/atmel/ATmega_DFP/1.7.374/gcc/dev/atmega64/avr5/crtatmega64.o (exit)
c:/program files (x86)/atmel/studio/7.0/toolchain/avr8/avr8-gnu-toolchain/bin/../lib/gcc/avr/5.4.0/avr5\libgcc.a(_tablejump2.o)
                              BSP/UART/uart.o (__tablejump2__)
c:/program files (x86)/atmel/studio/7.0/toolchain/avr8/avr8-gnu-toolchain/bin/../lib/gcc/avr/5.4.0/avr5\libgcc.a(_copy_data.o)
                              Application/POWER/ADC/ADC.o (__do_copy_data)
c:/program files (x86)/atmel/studio/7.0/toolchain/avr8/avr8-gnu-toolchain/bin/../lib/gcc/avr/5.4.0/avr5\libgcc.a(_clear_bss.o)
                              Application/POWER/ADC/ADC.o (__do_clear_bss)
c:/program files (x86)/atmel/studio/7.0/toolchain/avr8/avr8-gnu-toolchain/bin/../lib/gcc/avr/5.4.0/avr5\libgcc.a(_muluhisi3.o)
                              c:/program files (x86)/atmel/studio/7.0/toolchain/avr8/avr8-gnu-toolchain/bin/../lib/gcc/avr/5.4.0/avr5\libgcc.a(_mulsi3.o) (__muluhisi3)
c:/program files (x86)/atmel/studio/7.0/toolchain/avr8/avr8-gnu-toolchain/bin/../lib/gcc/avr/5.4.0/avr5\libgcc.a(_prologue.o)
                              c:/program files (x86)/atmel/studio/7.0/toolchain/avr8/avr8-gnu-toolchain/bin/../lib/gcc/avr/5.4.0/../../../../avr/lib/avr5\libprintf_flt.a(vfprintf_flt.o) (__prologue_saves__)
c:/program files (x86)/atmel/studio/7.0/toolchain/avr8/avr8-gnu-toolchain/bin/../lib/gcc/avr/5.4.0/avr5\libgcc.a(_epilogue.o)
                              c:/program files (x86)/atmel/studio/7.0/toolchain/avr8/avr8-gnu-toolchain/bin/../lib/gcc/avr/5.4.0/../../../../avr/lib/avr5\libprintf_flt.a(vfprintf_flt.o) (__epilogue_restores__)
c:/program files (x86)/atmel/studio/7.0/toolchain/avr8/avr8-gnu-toolchain/bin/../lib/gcc/avr/5.4.0/avr5\libgcc.a(_umulhisi3.o)
                              c:/program files (x86)/atmel/studio/7.0/toolchain/avr8/avr8-gnu-toolchain/bin/../lib/gcc/avr/5.4.0/avr5\libgcc.a(_muluhisi3.o) (__umulhisi3)
c:/program files (x86)/atmel/studio/7.0/toolchain/avr8/avr8-gnu-toolchain/bin/../lib/gcc/avr/5.4.0/../../../../avr/lib/avr5\libc.a(atoi.o)
                              CMDLine/command.o (atoi)
c:/program files (x86)/atmel/studio/7.0/toolchain/avr8/avr8-gnu-toolchain/bin/../lib/gcc/avr/5.4.0/../../../../avr/lib/avr5\libc.a(ftoa_engine.o)
                              c:/program files (x86)/atmel/studio/7.0/toolchain/avr8/avr8-gnu-toolchain/bin/../lib/gcc/avr/5.4.0/../../../../avr/lib/avr5\libprintf_flt.a(vfprintf_flt.o) (__ftoa_engine)
c:/program files (x86)/atmel/studio/7.0/toolchain/avr8/avr8-gnu-toolchain/bin/../lib/gcc/avr/5.4.0/../../../../avr/lib/avr5\libc.a(strnlen_P.o)
                              c:/program files (x86)/atmel/studio/7.0/toolchain/avr8/avr8-gnu-toolchain/bin/../lib/gcc/avr/5.4.0/../../../../avr/lib/avr5\libprintf_flt.a(vfprintf_flt.o) (strnlen_P)
c:/program files (x86)/atmel/studio/7.0/toolchain/avr8/avr8-gnu-toolchain/bin/../lib/gcc/avr/5.4.0/../../../../avr/lib/avr5\libc.a(strcmp.o)
                              CMDLine/cmdline.o (strcmp)
c:/program files (x86)/atmel/studio/7.0/toolchain/avr8/avr8-gnu-toolchain/bin/../lib/gcc/avr/5.4.0/../../../../avr/lib/avr5\libc.a(strnlen.o)
                              c:/program files (x86)/atmel/studio/7.0/toolchain/avr8/avr8-gnu-toolchain/bin/../lib/gcc/avr/5.4.0/../../../../avr/lib/avr5\libprintf_flt.a(vfprintf_flt.o) (strnlen)
c:/program files (x86)/atmel/studio/7.0/toolchain/avr8/avr8-gnu-toolchain/bin/../lib/gcc/avr/5.4.0/../../../../avr/lib/avr5\libc.a(mul10.o)
                              c:/program files (x86)/atmel/studio/7.0/toolchain/avr8/avr8-gnu-toolchain/bin/../lib/gcc/avr/5.4.0/../../../../avr/lib/avr5\libc.a(atoi.o) (__mulhi_const_10)
c:/program files (x86)/atmel/studio/7.0/toolchain/avr8/avr8-gnu-toolchain/bin/../lib/gcc/avr/5.4.0/../../../../avr/lib/avr5\libc.a(fputc.o)
                              c:/program files (x86)/atmel/studio/7.0/toolchain/avr8/avr8-gnu-toolchain/bin/../lib/gcc/avr/5.4.0/../../../../avr/lib/avr5\libprintf_flt.a(vfprintf_flt.o) (fputc)
c:/program files (x86)/atmel/studio/7.0/toolchain/avr8/avr8-gnu-toolchain/bin/../lib/gcc/avr/5.4.0/../../../../avr/lib/avr5\libc.a(sprintf.o)
                              CMDLine/command.o (sprintf)
c:/program files (x86)/atmel/studio/7.0/toolchain/avr8/avr8-gnu-toolchain/bin/../lib/gcc/avr/5.4.0/../../../../avr/lib/avr5\libc.a(ultoa_invert.o)
                              c:/program files (x86)/atmel/studio/7.0/toolchain/avr8/avr8-gnu-toolchain/bin/../lib/gcc/avr/5.4.0/../../../../avr/lib/avr5\libprintf_flt.a(vfprintf_flt.o) (__ultoa_invert)

Allocating common symbols
Common symbol       size              file

s_SystemTick        0x2               Scheduler/scheduler.o
CHANNEL_STATUS_TABLE
                    0x13              Application/POWER/POWER_IO/POWER_IO.o
UART1_meta          0x108             BSP/UART/uart.o
s_SoftTimers        0x4               Scheduler/scheduler.o
fsp_my_adr          0x1               ThirdParty/libsfp/fsp.o
UART0_meta          0x108             BSP/UART/uart.o
ADC_data            0x75              Application/POWER/ADC/ADC.o
kk                  0x1               Application/POWER/ADC/ADC.o

Discarded input sections

 .data          0x00000000        0x0 C:/Program Files (x86)/Atmel/Studio/7.0/Packs/atmel/ATmega_DFP/1.7.374/gcc/dev/atmega64/avr5/crtatmega64.o
 .bss           0x00000000        0x0 C:/Program Files (x86)/Atmel/Studio/7.0/Packs/atmel/ATmega_DFP/1.7.374/gcc/dev/atmega64/avr5/crtatmega64.o
 .text          0x00000000        0x0 Application/POWER/ADC/ADC.o
 .data          0x00000000        0x0 Application/POWER/ADC/ADC.o
 .bss           0x00000000        0x0 Application/POWER/ADC/ADC.o
 .text.get_raw  0x00000000       0x2c Application/POWER/ADC/ADC.o
 .text.ADC_Interrupt_En
                0x00000000        0x8 Application/POWER/ADC/ADC.o
 .text.ADC_Interrupt_Dis
                0x00000000        0x8 Application/POWER/ADC/ADC.o
 .text.ADC_Start_Convert
                0x00000000        0x8 Application/POWER/ADC/ADC.o
 .text          0x00000000        0x0 Application/ANALOG_MUX/HC4067.o
 .data          0x00000000        0x0 Application/ANALOG_MUX/HC4067.o
 .bss           0x00000000        0x0 Application/ANALOG_MUX/HC4067.o
 .text          0x00000000        0x0 Application/COPC/COPC.o
 .data          0x00000000        0x0 Application/COPC/COPC.o
 .bss           0x00000000        0x0 Application/COPC/COPC.o
 .text          0x00000000        0x0 Application/LED/status_led.o
 .data          0x00000000        0x0 Application/LED/status_led.o
 .bss           0x00000000        0x0 Application/LED/status_led.o
 .text.status_led_set_status
                0x00000000       0x12 Application/LED/status_led.o
 .text          0x00000000        0x0 Application/main.o
 .data          0x00000000        0x0 Application/main.o
 .bss           0x00000000        0x0 Application/main.o
 .text          0x00000000        0x0 Application/POWER/POWER_IO/POWER_IO.o
 .data          0x00000000        0x0 Application/POWER/POWER_IO/POWER_IO.o
 .bss           0x00000000        0x0 Application/POWER/POWER_IO/POWER_IO.o
 .text.HDRM_On  0x00000000        0x8 Application/POWER/POWER_IO/POWER_IO.o
 .text.HDRM_Off
                0x00000000        0x8 Application/POWER/POWER_IO/POWER_IO.o
 .rodata.channel_mapping_to_cmd
                0x00000000       0x13 Application/POWER/POWER_IO/POWER_IO.o
 .text          0x00000000        0x0 Application/WDT/watchdog.o
 .data          0x00000000        0x0 Application/WDT/watchdog.o
 .bss           0x00000000        0x0 Application/WDT/watchdog.o
 .text          0x00000000        0x0 BSP/ADC/AD.o
 .data          0x00000000        0x0 BSP/ADC/AD.o
 .bss           0x00000000        0x0 BSP/ADC/AD.o
 .text.init_adc
                0x00000000        0x8 BSP/ADC/AD.o
 .text.adc_read
                0x00000000       0x26 BSP/ADC/AD.o
 .text.voltage  0x00000000       0x1c BSP/ADC/AD.o
 .debug_info    0x00000000      0x102 BSP/ADC/AD.o
 .debug_abbrev  0x00000000       0xaf BSP/ADC/AD.o
 .debug_loc     0x00000000       0x42 BSP/ADC/AD.o
 .debug_aranges
                0x00000000       0x30 BSP/ADC/AD.o
 .debug_ranges  0x00000000       0x20 BSP/ADC/AD.o
 .debug_line    0x00000000       0xfd BSP/ADC/AD.o
 .debug_str     0x00000000      0x198 BSP/ADC/AD.o
 .comment       0x00000000       0x31 BSP/ADC/AD.o
 .debug_frame   0x00000000       0x44 BSP/ADC/AD.o
 .text          0x00000000        0x0 BSP/TIMER/SPI/spi.o
 .data          0x00000000        0x0 BSP/TIMER/SPI/spi.o
 .bss           0x00000000        0x0 BSP/TIMER/SPI/spi.o
 .text.SPI_Init
                0x00000000       0x14 BSP/TIMER/SPI/spi.o
 .text.SPI_SendByte
                0x00000000        0xa BSP/TIMER/SPI/spi.o
 .text.SPI_ReadByte
                0x00000000        0xc BSP/TIMER/SPI/spi.o
 .debug_info    0x00000000       0xcb BSP/TIMER/SPI/spi.o
 .debug_abbrev  0x00000000       0x96 BSP/TIMER/SPI/spi.o
 .debug_loc     0x00000000       0x1f BSP/TIMER/SPI/spi.o
 .debug_aranges
                0x00000000       0x30 BSP/TIMER/SPI/spi.o
 .debug_ranges  0x00000000       0x20 BSP/TIMER/SPI/spi.o
 .debug_line    0x00000000      0x110 BSP/TIMER/SPI/spi.o
 .debug_str     0x00000000      0x195 BSP/TIMER/SPI/spi.o
 .comment       0x00000000       0x31 BSP/TIMER/SPI/spi.o
 .debug_frame   0x00000000       0x44 BSP/TIMER/SPI/spi.o
 .text          0x00000000        0x0 BSP/TIMER/timer.o
 .data          0x00000000        0x0 BSP/TIMER/timer.o
 .bss           0x00000000        0x0 BSP/TIMER/timer.o
 .text.timer_stop_timer0
                0x00000000        0x8 BSP/TIMER/timer.o
 .text          0x00000000        0x0 BSP/TWI/i2c.o
 .data          0x00000000        0x0 BSP/TWI/i2c.o
 .bss           0x00000000        0x0 BSP/TWI/i2c.o
 .text.i2c_wait
                0x00000000        0xa BSP/TWI/i2c.o
 .text.i2c_init
                0x00000000        0xe BSP/TWI/i2c.o
 .text.i2c_init_with_pullups
                0x00000000       0x12 BSP/TWI/i2c.o
 .text.i2c_uninit
                0x00000000        0xc BSP/TWI/i2c.o
 .text.i2c_start
                0x00000000       0x1a BSP/TWI/i2c.o
 .text.i2c_restart
                0x00000000       0x1a BSP/TWI/i2c.o
 .text.i2c_stop
                0x00000000       0x12 BSP/TWI/i2c.o
 .text.i2c_addr
                0x00000000       0x36 BSP/TWI/i2c.o
 .text.i2c_tx_byte
                0x00000000       0x1e BSP/TWI/i2c.o
 .text.i2c_tx_data
                0x00000000       0x42 BSP/TWI/i2c.o
 .text.i2c_rx_byte
                0x00000000       0x2a BSP/TWI/i2c.o
 .text.i2c_rx_last
                0x00000000       0x2a BSP/TWI/i2c.o
 .text.i2c_rx_data
                0x00000000       0x5a BSP/TWI/i2c.o
 .debug_info    0x00000000      0x310 BSP/TWI/i2c.o
 .debug_abbrev  0x00000000      0x159 BSP/TWI/i2c.o
 .debug_loc     0x00000000      0x37f BSP/TWI/i2c.o
 .debug_aranges
                0x00000000       0x80 BSP/TWI/i2c.o
 .debug_ranges  0x00000000       0x70 BSP/TWI/i2c.o
 .debug_line    0x00000000      0x353 BSP/TWI/i2c.o
 .debug_str     0x00000000      0x21b BSP/TWI/i2c.o
 .comment       0x00000000       0x31 BSP/TWI/i2c.o
 .debug_frame   0x00000000      0x144 BSP/TWI/i2c.o
 .text          0x00000000        0x0 BSP/UART/uart.o
 .data          0x00000000        0x0 BSP/UART/uart.o
 .bss           0x00000000        0x0 BSP/UART/uart.o
 .text.rbuffer_count
                0x00000000        0xa BSP/UART/uart.o
 .text.usart0_send_char
                0x00000000       0x34 BSP/UART/uart.o
 .text.usart0_send_string
                0x00000000       0x1a BSP/UART/uart.o
 .text.usart0_send_array
                0x00000000       0x2e BSP/UART/uart.o
 .text.usart0_send_string_P
                0x00000000       0x1e BSP/UART/uart.o
 .text.usart0_rx_count
                0x00000000        0xe BSP/UART/uart.o
 .text.usart0_read_char
                0x00000000       0x5a BSP/UART/uart.o
 .text.usart0_close
                0x00000000       0x3c BSP/UART/uart.o
 .text.usart1_rx_count
                0x00000000        0xe BSP/UART/uart.o
 .text.usart1_read_char
                0x00000000       0x5a BSP/UART/uart.o
 .text.usart1_close
                0x00000000       0x44 BSP/UART/uart.o
 .text          0x00000000        0x0 CMDLine/cmdline.o
 .data          0x00000000        0x0 CMDLine/cmdline.o
 .bss           0x00000000        0x0 CMDLine/cmdline.o
 .text          0x00000000        0x0 CMDLine/command.o
 .data          0x00000000        0x0 CMDLine/command.o
 .bss           0x00000000        0x0 CMDLine/command.o
 .text.Cmd_TEC_disable
                0x00000000       0x30 CMDLine/command.o
 .text.Cmd_TEC_disable_auto_control
                0x00000000       0x30 CMDLine/command.o
 .text          0x00000000        0x0 Scheduler/scheduler.o
 .data          0x00000000        0x0 Scheduler/scheduler.o
 .bss           0x00000000        0x0 Scheduler/scheduler.o
 .text.SCH_TASK_ResumeTask
                0x00000000       0x28 Scheduler/scheduler.o
 .text.SCH_TASK_StopTask
                0x00000000       0x26 Scheduler/scheduler.o
 .text.SCH_TIM_CreateTimer
                0x00000000       0x62 Scheduler/scheduler.o
 .text.SCH_TIM_RestartTimer
                0x00000000       0x34 Scheduler/scheduler.o
 .text.SCH_TIM_StopTimer
                0x00000000       0x26 Scheduler/scheduler.o
 .text.SCH_StopSchedular
                0x00000000       0x30 Scheduler/scheduler.o
 .text.SCH_SystemTick
                0x00000000        0xa Scheduler/scheduler.o
 .text          0x00000000        0x0 ThirdParty/libsfp/crc16.o
 .data          0x00000000        0x0 ThirdParty/libsfp/crc16.o
 .bss           0x00000000        0x0 ThirdParty/libsfp/crc16.o
 .text          0x00000000        0x0 ThirdParty/libsfp/fsp.o
 .data          0x00000000        0x0 ThirdParty/libsfp/fsp.o
 .bss           0x00000000        0x0 ThirdParty/libsfp/fsp.o
 .text.fsp_reset
                0x00000000        0x6 ThirdParty/libsfp/fsp.o
 .text.fsp_gen_pkt
                0x00000000       0x5e ThirdParty/libsfp/fsp.o
 .text.fsp_gen_data_pkt
                0x00000000       0x1c ThirdParty/libsfp/fsp.o
 .text.fsp_gen_cmd_pkt
                0x00000000       0x42 ThirdParty/libsfp/fsp.o
 .text.fsp_gen_ack_pkt
                0x00000000       0x1a ThirdParty/libsfp/fsp.o
 .text.fsp_gen_nack_pkt
                0x00000000       0x1a ThirdParty/libsfp/fsp.o
 .text.fsp_encode
                0x00000000       0x72 ThirdParty/libsfp/fsp.o
 .text          0x00000000        0x0 c:/program files (x86)/atmel/studio/7.0/toolchain/avr8/avr8-gnu-toolchain/bin/../lib/gcc/avr/5.4.0/../../../../avr/lib/avr5\libm.a(floatsisf.o)
 .data          0x00000000        0x0 c:/program files (x86)/atmel/studio/7.0/toolchain/avr8/avr8-gnu-toolchain/bin/../lib/gcc/avr/5.4.0/../../../../avr/lib/avr5\libm.a(floatsisf.o)
 .bss           0x00000000        0x0 c:/program files (x86)/atmel/studio/7.0/toolchain/avr8/avr8-gnu-toolchain/bin/../lib/gcc/avr/5.4.0/../../../../avr/lib/avr5\libm.a(floatsisf.o)
 .text          0x00000000        0x0 c:/program files (x86)/atmel/studio/7.0/toolchain/avr8/avr8-gnu-toolchain/bin/../lib/gcc/avr/5.4.0/../../../../avr/lib/avr5\libm.a(mulsf3.o)
 .data          0x00000000        0x0 c:/program files (x86)/atmel/studio/7.0/toolchain/avr8/avr8-gnu-toolchain/bin/../lib/gcc/avr/5.4.0/../../../../avr/lib/avr5\libm.a(mulsf3.o)
 .bss           0x00000000        0x0 c:/program files (x86)/atmel/studio/7.0/toolchain/avr8/avr8-gnu-toolchain/bin/../lib/gcc/avr/5.4.0/../../../../avr/lib/avr5\libm.a(mulsf3.o)
 .text          0x00000000        0x0 c:/program files (x86)/atmel/studio/7.0/toolchain/avr8/avr8-gnu-toolchain/bin/../lib/gcc/avr/5.4.0/../../../../avr/lib/avr5\libm.a(mulsf3x.o)
 .data          0x00000000        0x0 c:/program files (x86)/atmel/studio/7.0/toolchain/avr8/avr8-gnu-toolchain/bin/../lib/gcc/avr/5.4.0/../../../../avr/lib/avr5\libm.a(mulsf3x.o)
 .bss           0x00000000        0x0 c:/program files (x86)/atmel/studio/7.0/toolchain/avr8/avr8-gnu-toolchain/bin/../lib/gcc/avr/5.4.0/../../../../avr/lib/avr5\libm.a(mulsf3x.o)
 .text          0x00000000        0x0 c:/program files (x86)/atmel/studio/7.0/toolchain/avr8/avr8-gnu-toolchain/bin/../lib/gcc/avr/5.4.0/../../../../avr/lib/avr5\libm.a(fp_inf.o)
 .data          0x00000000        0x0 c:/program files (x86)/atmel/studio/7.0/toolchain/avr8/avr8-gnu-toolchain/bin/../lib/gcc/avr/5.4.0/../../../../avr/lib/avr5\libm.a(fp_inf.o)
 .bss           0x00000000        0x0 c:/program files (x86)/atmel/studio/7.0/toolchain/avr8/avr8-gnu-toolchain/bin/../lib/gcc/avr/5.4.0/../../../../avr/lib/avr5\libm.a(fp_inf.o)
 .text          0x00000000        0x0 c:/program files (x86)/atmel/studio/7.0/toolchain/avr8/avr8-gnu-toolchain/bin/../lib/gcc/avr/5.4.0/../../../../avr/lib/avr5\libm.a(fp_nan.o)
 .data          0x00000000        0x0 c:/program files (x86)/atmel/studio/7.0/toolchain/avr8/avr8-gnu-toolchain/bin/../lib/gcc/avr/5.4.0/../../../../avr/lib/avr5\libm.a(fp_nan.o)
 .bss           0x00000000        0x0 c:/program files (x86)/atmel/studio/7.0/toolchain/avr8/avr8-gnu-toolchain/bin/../lib/gcc/avr/5.4.0/../../../../avr/lib/avr5\libm.a(fp_nan.o)
 .text          0x00000000        0x0 c:/program files (x86)/atmel/studio/7.0/toolchain/avr8/avr8-gnu-toolchain/bin/../lib/gcc/avr/5.4.0/../../../../avr/lib/avr5\libm.a(fp_pscA.o)
 .data          0x00000000        0x0 c:/program files (x86)/atmel/studio/7.0/toolchain/avr8/avr8-gnu-toolchain/bin/../lib/gcc/avr/5.4.0/../../../../avr/lib/avr5\libm.a(fp_pscA.o)
 .bss           0x00000000        0x0 c:/program files (x86)/atmel/studio/7.0/toolchain/avr8/avr8-gnu-toolchain/bin/../lib/gcc/avr/5.4.0/../../../../avr/lib/avr5\libm.a(fp_pscA.o)
 .text          0x00000000        0x0 c:/program files (x86)/atmel/studio/7.0/toolchain/avr8/avr8-gnu-toolchain/bin/../lib/gcc/avr/5.4.0/../../../../avr/lib/avr5\libm.a(fp_pscB.o)
 .data          0x00000000        0x0 c:/program files (x86)/atmel/studio/7.0/toolchain/avr8/avr8-gnu-toolchain/bin/../lib/gcc/avr/5.4.0/../../../../avr/lib/avr5\libm.a(fp_pscB.o)
 .bss           0x00000000        0x0 c:/program files (x86)/atmel/studio/7.0/toolchain/avr8/avr8-gnu-toolchain/bin/../lib/gcc/avr/5.4.0/../../../../avr/lib/avr5\libm.a(fp_pscB.o)
 .text          0x00000000        0x0 c:/program files (x86)/atmel/studio/7.0/toolchain/avr8/avr8-gnu-toolchain/bin/../lib/gcc/avr/5.4.0/../../../../avr/lib/avr5\libm.a(fp_round.o)
 .data          0x00000000        0x0 c:/program files (x86)/atmel/studio/7.0/toolchain/avr8/avr8-gnu-toolchain/bin/../lib/gcc/avr/5.4.0/../../../../avr/lib/avr5\libm.a(fp_round.o)
 .bss           0x00000000        0x0 c:/program files (x86)/atmel/studio/7.0/toolchain/avr8/avr8-gnu-toolchain/bin/../lib/gcc/avr/5.4.0/../../../../avr/lib/avr5\libm.a(fp_round.o)
 .text          0x00000000        0x0 c:/program files (x86)/atmel/studio/7.0/toolchain/avr8/avr8-gnu-toolchain/bin/../lib/gcc/avr/5.4.0/../../../../avr/lib/avr5\libm.a(fp_split3.o)
 .data          0x00000000        0x0 c:/program files (x86)/atmel/studio/7.0/toolchain/avr8/avr8-gnu-toolchain/bin/../lib/gcc/avr/5.4.0/../../../../avr/lib/avr5\libm.a(fp_split3.o)
 .bss           0x00000000        0x0 c:/program files (x86)/atmel/studio/7.0/toolchain/avr8/avr8-gnu-toolchain/bin/../lib/gcc/avr/5.4.0/../../../../avr/lib/avr5\libm.a(fp_split3.o)
 .text          0x00000000        0x0 c:/program files (x86)/atmel/studio/7.0/toolchain/avr8/avr8-gnu-toolchain/bin/../lib/gcc/avr/5.4.0/../../../../avr/lib/avr5\libm.a(fp_zero.o)
 .data          0x00000000        0x0 c:/program files (x86)/atmel/studio/7.0/toolchain/avr8/avr8-gnu-toolchain/bin/../lib/gcc/avr/5.4.0/../../../../avr/lib/avr5\libm.a(fp_zero.o)
 .bss           0x00000000        0x0 c:/program files (x86)/atmel/studio/7.0/toolchain/avr8/avr8-gnu-toolchain/bin/../lib/gcc/avr/5.4.0/../../../../avr/lib/avr5\libm.a(fp_zero.o)
 .text          0x00000000        0x0 c:/program files (x86)/atmel/studio/7.0/toolchain/avr8/avr8-gnu-toolchain/bin/../lib/gcc/avr/5.4.0/../../../../avr/lib/avr5\libprintf_flt.a(vfprintf_flt.o)
 .data          0x00000000        0x0 c:/program files (x86)/atmel/studio/7.0/toolchain/avr8/avr8-gnu-toolchain/bin/../lib/gcc/avr/5.4.0/../../../../avr/lib/avr5\libprintf_flt.a(vfprintf_flt.o)
 .bss           0x00000000        0x0 c:/program files (x86)/atmel/studio/7.0/toolchain/avr8/avr8-gnu-toolchain/bin/../lib/gcc/avr/5.4.0/../../../../avr/lib/avr5\libprintf_flt.a(vfprintf_flt.o)
 .text          0x00000000        0x0 c:/program files (x86)/atmel/studio/7.0/toolchain/avr8/avr8-gnu-toolchain/bin/../lib/gcc/avr/5.4.0/avr5\libgcc.a(_mulsi3.o)
 .data          0x00000000        0x0 c:/program files (x86)/atmel/studio/7.0/toolchain/avr8/avr8-gnu-toolchain/bin/../lib/gcc/avr/5.4.0/avr5\libgcc.a(_mulsi3.o)
 .bss           0x00000000        0x0 c:/program files (x86)/atmel/studio/7.0/toolchain/avr8/avr8-gnu-toolchain/bin/../lib/gcc/avr/5.4.0/avr5\libgcc.a(_mulsi3.o)
 .text.libgcc.div
                0x00000000        0x0 c:/program files (x86)/atmel/studio/7.0/toolchain/avr8/avr8-gnu-toolchain/bin/../lib/gcc/avr/5.4.0/avr5\libgcc.a(_mulsi3.o)
 .text.libgcc   0x00000000        0x0 c:/program files (x86)/atmel/studio/7.0/toolchain/avr8/avr8-gnu-toolchain/bin/../lib/gcc/avr/5.4.0/avr5\libgcc.a(_mulsi3.o)
 .text.libgcc.prologue
                0x00000000        0x0 c:/program files (x86)/atmel/studio/7.0/toolchain/avr8/avr8-gnu-toolchain/bin/../lib/gcc/avr/5.4.0/avr5\libgcc.a(_mulsi3.o)
 .text.libgcc.builtins
                0x00000000        0x0 c:/program files (x86)/atmel/studio/7.0/toolchain/avr8/avr8-gnu-toolchain/bin/../lib/gcc/avr/5.4.0/avr5\libgcc.a(_mulsi3.o)
 .text.libgcc.fmul
                0x00000000        0x0 c:/program files (x86)/atmel/studio/7.0/toolchain/avr8/avr8-gnu-toolchain/bin/../lib/gcc/avr/5.4.0/avr5\libgcc.a(_mulsi3.o)
 .text.libgcc.fixed
                0x00000000        0x0 c:/program files (x86)/atmel/studio/7.0/toolchain/avr8/avr8-gnu-toolchain/bin/../lib/gcc/avr/5.4.0/avr5\libgcc.a(_mulsi3.o)
 .text          0x00000000        0x0 c:/program files (x86)/atmel/studio/7.0/toolchain/avr8/avr8-gnu-toolchain/bin/../lib/gcc/avr/5.4.0/avr5\libgcc.a(_udivmodsi4.o)
 .data          0x00000000        0x0 c:/program files (x86)/atmel/studio/7.0/toolchain/avr8/avr8-gnu-toolchain/bin/../lib/gcc/avr/5.4.0/avr5\libgcc.a(_udivmodsi4.o)
 .bss           0x00000000        0x0 c:/program files (x86)/atmel/studio/7.0/toolchain/avr8/avr8-gnu-toolchain/bin/../lib/gcc/avr/5.4.0/avr5\libgcc.a(_udivmodsi4.o)
 .text.libgcc.mul
                0x00000000        0x0 c:/program files (x86)/atmel/studio/7.0/toolchain/avr8/avr8-gnu-toolchain/bin/../lib/gcc/avr/5.4.0/avr5\libgcc.a(_udivmodsi4.o)
 .text.libgcc   0x00000000        0x0 c:/program files (x86)/atmel/studio/7.0/toolchain/avr8/avr8-gnu-toolchain/bin/../lib/gcc/avr/5.4.0/avr5\libgcc.a(_udivmodsi4.o)
 .text.libgcc.prologue
                0x00000000        0x0 c:/program files (x86)/atmel/studio/7.0/toolchain/avr8/avr8-gnu-toolchain/bin/../lib/gcc/avr/5.4.0/avr5\libgcc.a(_udivmodsi4.o)
 .text.libgcc.builtins
                0x00000000        0x0 c:/program files (x86)/atmel/studio/7.0/toolchain/avr8/avr8-gnu-toolchain/bin/../lib/gcc/avr/5.4.0/avr5\libgcc.a(_udivmodsi4.o)
 .text.libgcc.fmul
                0x00000000        0x0 c:/program files (x86)/atmel/studio/7.0/toolchain/avr8/avr8-gnu-toolchain/bin/../lib/gcc/avr/5.4.0/avr5\libgcc.a(_udivmodsi4.o)
 .text.libgcc.fixed
                0x00000000        0x0 c:/program files (x86)/atmel/studio/7.0/toolchain/avr8/avr8-gnu-toolchain/bin/../lib/gcc/avr/5.4.0/avr5\libgcc.a(_udivmodsi4.o)
 .text          0x00000000        0x0 c:/program files (x86)/atmel/studio/7.0/toolchain/avr8/avr8-gnu-toolchain/bin/../lib/gcc/avr/5.4.0/avr5\libgcc.a(_exit.o)
 .data          0x00000000        0x0 c:/program files (x86)/atmel/studio/7.0/toolchain/avr8/avr8-gnu-toolchain/bin/../lib/gcc/avr/5.4.0/avr5\libgcc.a(_exit.o)
 .bss           0x00000000        0x0 c:/program files (x86)/atmel/studio/7.0/toolchain/avr8/avr8-gnu-toolchain/bin/../lib/gcc/avr/5.4.0/avr5\libgcc.a(_exit.o)
 .text.libgcc.mul
                0x00000000        0x0 c:/program files (x86)/atmel/studio/7.0/toolchain/avr8/avr8-gnu-toolchain/bin/../lib/gcc/avr/5.4.0/avr5\libgcc.a(_exit.o)
 .text.libgcc.div
                0x00000000        0x0 c:/program files (x86)/atmel/studio/7.0/toolchain/avr8/avr8-gnu-toolchain/bin/../lib/gcc/avr/5.4.0/avr5\libgcc.a(_exit.o)
 .text.libgcc   0x00000000        0x0 c:/program files (x86)/atmel/studio/7.0/toolchain/avr8/avr8-gnu-toolchain/bin/../lib/gcc/avr/5.4.0/avr5\libgcc.a(_exit.o)
 .text.libgcc.prologue
                0x00000000        0x0 c:/program files (x86)/atmel/studio/7.0/toolchain/avr8/avr8-gnu-toolchain/bin/../lib/gcc/avr/5.4.0/avr5\libgcc.a(_exit.o)
 .text.libgcc.builtins
                0x00000000        0x0 c:/program files (x86)/atmel/studio/7.0/toolchain/avr8/avr8-gnu-toolchain/bin/../lib/gcc/avr/5.4.0/avr5\libgcc.a(_exit.o)
 .text.libgcc.fmul
                0x00000000        0x0 c:/program files (x86)/atmel/studio/7.0/toolchain/avr8/avr8-gnu-toolchain/bin/../lib/gcc/avr/5.4.0/avr5\libgcc.a(_exit.o)
 .text.libgcc.fixed
                0x00000000        0x0 c:/program files (x86)/atmel/studio/7.0/toolchain/avr8/avr8-gnu-toolchain/bin/../lib/gcc/avr/5.4.0/avr5\libgcc.a(_exit.o)
 .text          0x00000000        0x0 c:/program files (x86)/atmel/studio/7.0/toolchain/avr8/avr8-gnu-toolchain/bin/../lib/gcc/avr/5.4.0/avr5\libgcc.a(_tablejump2.o)
 .data          0x00000000        0x0 c:/program files (x86)/atmel/studio/7.0/toolchain/avr8/avr8-gnu-toolchain/bin/../lib/gcc/avr/5.4.0/avr5\libgcc.a(_tablejump2.o)
 .bss           0x00000000        0x0 c:/program files (x86)/atmel/studio/7.0/toolchain/avr8/avr8-gnu-toolchain/bin/../lib/gcc/avr/5.4.0/avr5\libgcc.a(_tablejump2.o)
 .text.libgcc.mul
                0x00000000        0x0 c:/program files (x86)/atmel/studio/7.0/toolchain/avr8/avr8-gnu-toolchain/bin/../lib/gcc/avr/5.4.0/avr5\libgcc.a(_tablejump2.o)
 .text.libgcc.div
                0x00000000        0x0 c:/program files (x86)/atmel/studio/7.0/toolchain/avr8/avr8-gnu-toolchain/bin/../lib/gcc/avr/5.4.0/avr5\libgcc.a(_tablejump2.o)
 .text.libgcc.prologue
                0x00000000        0x0 c:/program files (x86)/atmel/studio/7.0/toolchain/avr8/avr8-gnu-toolchain/bin/../lib/gcc/avr/5.4.0/avr5\libgcc.a(_tablejump2.o)
 .text.libgcc.builtins
                0x00000000        0x0 c:/program files (x86)/atmel/studio/7.0/toolchain/avr8/avr8-gnu-toolchain/bin/../lib/gcc/avr/5.4.0/avr5\libgcc.a(_tablejump2.o)
 .text.libgcc.fmul
                0x00000000        0x0 c:/program files (x86)/atmel/studio/7.0/toolchain/avr8/avr8-gnu-toolchain/bin/../lib/gcc/avr/5.4.0/avr5\libgcc.a(_tablejump2.o)
 .text.libgcc.fixed
                0x00000000        0x0 c:/program files (x86)/atmel/studio/7.0/toolchain/avr8/avr8-gnu-toolchain/bin/../lib/gcc/avr/5.4.0/avr5\libgcc.a(_tablejump2.o)
 .text          0x00000000        0x0 c:/program files (x86)/atmel/studio/7.0/toolchain/avr8/avr8-gnu-toolchain/bin/../lib/gcc/avr/5.4.0/avr5\libgcc.a(_copy_data.o)
 .data          0x00000000        0x0 c:/program files (x86)/atmel/studio/7.0/toolchain/avr8/avr8-gnu-toolchain/bin/../lib/gcc/avr/5.4.0/avr5\libgcc.a(_copy_data.o)
 .bss           0x00000000        0x0 c:/program files (x86)/atmel/studio/7.0/toolchain/avr8/avr8-gnu-toolchain/bin/../lib/gcc/avr/5.4.0/avr5\libgcc.a(_copy_data.o)
 .text.libgcc.mul
                0x00000000        0x0 c:/program files (x86)/atmel/studio/7.0/toolchain/avr8/avr8-gnu-toolchain/bin/../lib/gcc/avr/5.4.0/avr5\libgcc.a(_copy_data.o)
 .text.libgcc.div
                0x00000000        0x0 c:/program files (x86)/atmel/studio/7.0/toolchain/avr8/avr8-gnu-toolchain/bin/../lib/gcc/avr/5.4.0/avr5\libgcc.a(_copy_data.o)
 .text.libgcc   0x00000000        0x0 c:/program files (x86)/atmel/studio/7.0/toolchain/avr8/avr8-gnu-toolchain/bin/../lib/gcc/avr/5.4.0/avr5\libgcc.a(_copy_data.o)
 .text.libgcc.prologue
                0x00000000        0x0 c:/program files (x86)/atmel/studio/7.0/toolchain/avr8/avr8-gnu-toolchain/bin/../lib/gcc/avr/5.4.0/avr5\libgcc.a(_copy_data.o)
 .text.libgcc.builtins
                0x00000000        0x0 c:/program files (x86)/atmel/studio/7.0/toolchain/avr8/avr8-gnu-toolchain/bin/../lib/gcc/avr/5.4.0/avr5\libgcc.a(_copy_data.o)
 .text.libgcc.fmul
                0x00000000        0x0 c:/program files (x86)/atmel/studio/7.0/toolchain/avr8/avr8-gnu-toolchain/bin/../lib/gcc/avr/5.4.0/avr5\libgcc.a(_copy_data.o)
 .text.libgcc.fixed
                0x00000000        0x0 c:/program files (x86)/atmel/studio/7.0/toolchain/avr8/avr8-gnu-toolchain/bin/../lib/gcc/avr/5.4.0/avr5\libgcc.a(_copy_data.o)
 .text          0x00000000        0x0 c:/program files (x86)/atmel/studio/7.0/toolchain/avr8/avr8-gnu-toolchain/bin/../lib/gcc/avr/5.4.0/avr5\libgcc.a(_clear_bss.o)
 .data          0x00000000        0x0 c:/program files (x86)/atmel/studio/7.0/toolchain/avr8/avr8-gnu-toolchain/bin/../lib/gcc/avr/5.4.0/avr5\libgcc.a(_clear_bss.o)
 .bss           0x00000000        0x0 c:/program files (x86)/atmel/studio/7.0/toolchain/avr8/avr8-gnu-toolchain/bin/../lib/gcc/avr/5.4.0/avr5\libgcc.a(_clear_bss.o)
 .text.libgcc.mul
                0x00000000        0x0 c:/program files (x86)/atmel/studio/7.0/toolchain/avr8/avr8-gnu-toolchain/bin/../lib/gcc/avr/5.4.0/avr5\libgcc.a(_clear_bss.o)
 .text.libgcc.div
                0x00000000        0x0 c:/program files (x86)/atmel/studio/7.0/toolchain/avr8/avr8-gnu-toolchain/bin/../lib/gcc/avr/5.4.0/avr5\libgcc.a(_clear_bss.o)
 .text.libgcc   0x00000000        0x0 c:/program files (x86)/atmel/studio/7.0/toolchain/avr8/avr8-gnu-toolchain/bin/../lib/gcc/avr/5.4.0/avr5\libgcc.a(_clear_bss.o)
 .text.libgcc.prologue
                0x00000000        0x0 c:/program files (x86)/atmel/studio/7.0/toolchain/avr8/avr8-gnu-toolchain/bin/../lib/gcc/avr/5.4.0/avr5\libgcc.a(_clear_bss.o)
 .text.libgcc.builtins
                0x00000000        0x0 c:/program files (x86)/atmel/studio/7.0/toolchain/avr8/avr8-gnu-toolchain/bin/../lib/gcc/avr/5.4.0/avr5\libgcc.a(_clear_bss.o)
 .text.libgcc.fmul
                0x00000000        0x0 c:/program files (x86)/atmel/studio/7.0/toolchain/avr8/avr8-gnu-toolchain/bin/../lib/gcc/avr/5.4.0/avr5\libgcc.a(_clear_bss.o)
 .text.libgcc.fixed
                0x00000000        0x0 c:/program files (x86)/atmel/studio/7.0/toolchain/avr8/avr8-gnu-toolchain/bin/../lib/gcc/avr/5.4.0/avr5\libgcc.a(_clear_bss.o)
 .text          0x00000000        0x0 c:/program files (x86)/atmel/studio/7.0/toolchain/avr8/avr8-gnu-toolchain/bin/../lib/gcc/avr/5.4.0/avr5\libgcc.a(_muluhisi3.o)
 .data          0x00000000        0x0 c:/program files (x86)/atmel/studio/7.0/toolchain/avr8/avr8-gnu-toolchain/bin/../lib/gcc/avr/5.4.0/avr5\libgcc.a(_muluhisi3.o)
 .bss           0x00000000        0x0 c:/program files (x86)/atmel/studio/7.0/toolchain/avr8/avr8-gnu-toolchain/bin/../lib/gcc/avr/5.4.0/avr5\libgcc.a(_muluhisi3.o)
 .text.libgcc.div
                0x00000000        0x0 c:/program files (x86)/atmel/studio/7.0/toolchain/avr8/avr8-gnu-toolchain/bin/../lib/gcc/avr/5.4.0/avr5\libgcc.a(_muluhisi3.o)
 .text.libgcc   0x00000000        0x0 c:/program files (x86)/atmel/studio/7.0/toolchain/avr8/avr8-gnu-toolchain/bin/../lib/gcc/avr/5.4.0/avr5\libgcc.a(_muluhisi3.o)
 .text.libgcc.prologue
                0x00000000        0x0 c:/program files (x86)/atmel/studio/7.0/toolchain/avr8/avr8-gnu-toolchain/bin/../lib/gcc/avr/5.4.0/avr5\libgcc.a(_muluhisi3.o)
 .text.libgcc.builtins
                0x00000000        0x0 c:/program files (x86)/atmel/studio/7.0/toolchain/avr8/avr8-gnu-toolchain/bin/../lib/gcc/avr/5.4.0/avr5\libgcc.a(_muluhisi3.o)
 .text.libgcc.fmul
                0x00000000        0x0 c:/program files (x86)/atmel/studio/7.0/toolchain/avr8/avr8-gnu-toolchain/bin/../lib/gcc/avr/5.4.0/avr5\libgcc.a(_muluhisi3.o)
 .text.libgcc.fixed
                0x00000000        0x0 c:/program files (x86)/atmel/studio/7.0/toolchain/avr8/avr8-gnu-toolchain/bin/../lib/gcc/avr/5.4.0/avr5\libgcc.a(_muluhisi3.o)
 .text          0x00000000        0x0 c:/program files (x86)/atmel/studio/7.0/toolchain/avr8/avr8-gnu-toolchain/bin/../lib/gcc/avr/5.4.0/avr5\libgcc.a(_prologue.o)
 .data          0x00000000        0x0 c:/program files (x86)/atmel/studio/7.0/toolchain/avr8/avr8-gnu-toolchain/bin/../lib/gcc/avr/5.4.0/avr5\libgcc.a(_prologue.o)
 .bss           0x00000000        0x0 c:/program files (x86)/atmel/studio/7.0/toolchain/avr8/avr8-gnu-toolchain/bin/../lib/gcc/avr/5.4.0/avr5\libgcc.a(_prologue.o)
 .text.libgcc.mul
                0x00000000        0x0 c:/program files (x86)/atmel/studio/7.0/toolchain/avr8/avr8-gnu-toolchain/bin/../lib/gcc/avr/5.4.0/avr5\libgcc.a(_prologue.o)
 .text.libgcc.div
                0x00000000        0x0 c:/program files (x86)/atmel/studio/7.0/toolchain/avr8/avr8-gnu-toolchain/bin/../lib/gcc/avr/5.4.0/avr5\libgcc.a(_prologue.o)
 .text.libgcc   0x00000000        0x0 c:/program files (x86)/atmel/studio/7.0/toolchain/avr8/avr8-gnu-toolchain/bin/../lib/gcc/avr/5.4.0/avr5\libgcc.a(_prologue.o)
 .text.libgcc.builtins
                0x00000000        0x0 c:/program files (x86)/atmel/studio/7.0/toolchain/avr8/avr8-gnu-toolchain/bin/../lib/gcc/avr/5.4.0/avr5\libgcc.a(_prologue.o)
 .text.libgcc.fmul
                0x00000000        0x0 c:/program files (x86)/atmel/studio/7.0/toolchain/avr8/avr8-gnu-toolchain/bin/../lib/gcc/avr/5.4.0/avr5\libgcc.a(_prologue.o)
 .text.libgcc.fixed
                0x00000000        0x0 c:/program files (x86)/atmel/studio/7.0/toolchain/avr8/avr8-gnu-toolchain/bin/../lib/gcc/avr/5.4.0/avr5\libgcc.a(_prologue.o)
 .text          0x00000000        0x0 c:/program files (x86)/atmel/studio/7.0/toolchain/avr8/avr8-gnu-toolchain/bin/../lib/gcc/avr/5.4.0/avr5\libgcc.a(_epilogue.o)
 .data          0x00000000        0x0 c:/program files (x86)/atmel/studio/7.0/toolchain/avr8/avr8-gnu-toolchain/bin/../lib/gcc/avr/5.4.0/avr5\libgcc.a(_epilogue.o)
 .bss           0x00000000        0x0 c:/program files (x86)/atmel/studio/7.0/toolchain/avr8/avr8-gnu-toolchain/bin/../lib/gcc/avr/5.4.0/avr5\libgcc.a(_epilogue.o)
 .text.libgcc.mul
                0x00000000        0x0 c:/program files (x86)/atmel/studio/7.0/toolchain/avr8/avr8-gnu-toolchain/bin/../lib/gcc/avr/5.4.0/avr5\libgcc.a(_epilogue.o)
 .text.libgcc.div
                0x00000000        0x0 c:/program files (x86)/atmel/studio/7.0/toolchain/avr8/avr8-gnu-toolchain/bin/../lib/gcc/avr/5.4.0/avr5\libgcc.a(_epilogue.o)
 .text.libgcc   0x00000000        0x0 c:/program files (x86)/atmel/studio/7.0/toolchain/avr8/avr8-gnu-toolchain/bin/../lib/gcc/avr/5.4.0/avr5\libgcc.a(_epilogue.o)
 .text.libgcc.builtins
                0x00000000        0x0 c:/program files (x86)/atmel/studio/7.0/toolchain/avr8/avr8-gnu-toolchain/bin/../lib/gcc/avr/5.4.0/avr5\libgcc.a(_epilogue.o)
 .text.libgcc.fmul
                0x00000000        0x0 c:/program files (x86)/atmel/studio/7.0/toolchain/avr8/avr8-gnu-toolchain/bin/../lib/gcc/avr/5.4.0/avr5\libgcc.a(_epilogue.o)
 .text.libgcc.fixed
                0x00000000        0x0 c:/program files (x86)/atmel/studio/7.0/toolchain/avr8/avr8-gnu-toolchain/bin/../lib/gcc/avr/5.4.0/avr5\libgcc.a(_epilogue.o)
 .text          0x00000000        0x0 c:/program files (x86)/atmel/studio/7.0/toolchain/avr8/avr8-gnu-toolchain/bin/../lib/gcc/avr/5.4.0/avr5\libgcc.a(_umulhisi3.o)
 .data          0x00000000        0x0 c:/program files (x86)/atmel/studio/7.0/toolchain/avr8/avr8-gnu-toolchain/bin/../lib/gcc/avr/5.4.0/avr5\libgcc.a(_umulhisi3.o)
 .bss           0x00000000        0x0 c:/program files (x86)/atmel/studio/7.0/toolchain/avr8/avr8-gnu-toolchain/bin/../lib/gcc/avr/5.4.0/avr5\libgcc.a(_umulhisi3.o)
 .text.libgcc.div
                0x00000000        0x0 c:/program files (x86)/atmel/studio/7.0/toolchain/avr8/avr8-gnu-toolchain/bin/../lib/gcc/avr/5.4.0/avr5\libgcc.a(_umulhisi3.o)
 .text.libgcc   0x00000000        0x0 c:/program files (x86)/atmel/studio/7.0/toolchain/avr8/avr8-gnu-toolchain/bin/../lib/gcc/avr/5.4.0/avr5\libgcc.a(_umulhisi3.o)
 .text.libgcc.prologue
                0x00000000        0x0 c:/program files (x86)/atmel/studio/7.0/toolchain/avr8/avr8-gnu-toolchain/bin/../lib/gcc/avr/5.4.0/avr5\libgcc.a(_umulhisi3.o)
 .text.libgcc.builtins
                0x00000000        0x0 c:/program files (x86)/atmel/studio/7.0/toolchain/avr8/avr8-gnu-toolchain/bin/../lib/gcc/avr/5.4.0/avr5\libgcc.a(_umulhisi3.o)
 .text.libgcc.fmul
                0x00000000        0x0 c:/program files (x86)/atmel/studio/7.0/toolchain/avr8/avr8-gnu-toolchain/bin/../lib/gcc/avr/5.4.0/avr5\libgcc.a(_umulhisi3.o)
 .text.libgcc.fixed
                0x00000000        0x0 c:/program files (x86)/atmel/studio/7.0/toolchain/avr8/avr8-gnu-toolchain/bin/../lib/gcc/avr/5.4.0/avr5\libgcc.a(_umulhisi3.o)
 .text          0x00000000        0x0 c:/program files (x86)/atmel/studio/7.0/toolchain/avr8/avr8-gnu-toolchain/bin/../lib/gcc/avr/5.4.0/../../../../avr/lib/avr5\libc.a(atoi.o)
 .data          0x00000000        0x0 c:/program files (x86)/atmel/studio/7.0/toolchain/avr8/avr8-gnu-toolchain/bin/../lib/gcc/avr/5.4.0/../../../../avr/lib/avr5\libc.a(atoi.o)
 .bss           0x00000000        0x0 c:/program files (x86)/atmel/studio/7.0/toolchain/avr8/avr8-gnu-toolchain/bin/../lib/gcc/avr/5.4.0/../../../../avr/lib/avr5\libc.a(atoi.o)
 .text          0x00000000        0x0 c:/program files (x86)/atmel/studio/7.0/toolchain/avr8/avr8-gnu-toolchain/bin/../lib/gcc/avr/5.4.0/../../../../avr/lib/avr5\libc.a(ftoa_engine.o)
 .data          0x00000000        0x0 c:/program files (x86)/atmel/studio/7.0/toolchain/avr8/avr8-gnu-toolchain/bin/../lib/gcc/avr/5.4.0/../../../../avr/lib/avr5\libc.a(ftoa_engine.o)
 .bss           0x00000000        0x0 c:/program files (x86)/atmel/studio/7.0/toolchain/avr8/avr8-gnu-toolchain/bin/../lib/gcc/avr/5.4.0/../../../../avr/lib/avr5\libc.a(ftoa_engine.o)
 .text          0x00000000        0x0 c:/program files (x86)/atmel/studio/7.0/toolchain/avr8/avr8-gnu-toolchain/bin/../lib/gcc/avr/5.4.0/../../../../avr/lib/avr5\libc.a(strnlen_P.o)
 .data          0x00000000        0x0 c:/program files (x86)/atmel/studio/7.0/toolchain/avr8/avr8-gnu-toolchain/bin/../lib/gcc/avr/5.4.0/../../../../avr/lib/avr5\libc.a(strnlen_P.o)
 .bss           0x00000000        0x0 c:/program files (x86)/atmel/studio/7.0/toolchain/avr8/avr8-gnu-toolchain/bin/../lib/gcc/avr/5.4.0/../../../../avr/lib/avr5\libc.a(strnlen_P.o)
 .text          0x00000000        0x0 c:/program files (x86)/atmel/studio/7.0/toolchain/avr8/avr8-gnu-toolchain/bin/../lib/gcc/avr/5.4.0/../../../../avr/lib/avr5\libc.a(strcmp.o)
 .data          0x00000000        0x0 c:/program files (x86)/atmel/studio/7.0/toolchain/avr8/avr8-gnu-toolchain/bin/../lib/gcc/avr/5.4.0/../../../../avr/lib/avr5\libc.a(strcmp.o)
 .bss           0x00000000        0x0 c:/program files (x86)/atmel/studio/7.0/toolchain/avr8/avr8-gnu-toolchain/bin/../lib/gcc/avr/5.4.0/../../../../avr/lib/avr5\libc.a(strcmp.o)
 .text          0x00000000        0x0 c:/program files (x86)/atmel/studio/7.0/toolchain/avr8/avr8-gnu-toolchain/bin/../lib/gcc/avr/5.4.0/../../../../avr/lib/avr5\libc.a(strnlen.o)
 .data          0x00000000        0x0 c:/program files (x86)/atmel/studio/7.0/toolchain/avr8/avr8-gnu-toolchain/bin/../lib/gcc/avr/5.4.0/../../../../avr/lib/avr5\libc.a(strnlen.o)
 .bss           0x00000000        0x0 c:/program files (x86)/atmel/studio/7.0/toolchain/avr8/avr8-gnu-toolchain/bin/../lib/gcc/avr/5.4.0/../../../../avr/lib/avr5\libc.a(strnlen.o)
 .text          0x00000000        0x0 c:/program files (x86)/atmel/studio/7.0/toolchain/avr8/avr8-gnu-toolchain/bin/../lib/gcc/avr/5.4.0/../../../../avr/lib/avr5\libc.a(mul10.o)
 .data          0x00000000        0x0 c:/program files (x86)/atmel/studio/7.0/toolchain/avr8/avr8-gnu-toolchain/bin/../lib/gcc/avr/5.4.0/../../../../avr/lib/avr5\libc.a(mul10.o)
 .bss           0x00000000        0x0 c:/program files (x86)/atmel/studio/7.0/toolchain/avr8/avr8-gnu-toolchain/bin/../lib/gcc/avr/5.4.0/../../../../avr/lib/avr5\libc.a(mul10.o)
 .text          0x00000000        0x0 c:/program files (x86)/atmel/studio/7.0/toolchain/avr8/avr8-gnu-toolchain/bin/../lib/gcc/avr/5.4.0/../../../../avr/lib/avr5\libc.a(fputc.o)
 .data          0x00000000        0x0 c:/program files (x86)/atmel/studio/7.0/toolchain/avr8/avr8-gnu-toolchain/bin/../lib/gcc/avr/5.4.0/../../../../avr/lib/avr5\libc.a(fputc.o)
 .bss           0x00000000        0x0 c:/program files (x86)/atmel/studio/7.0/toolchain/avr8/avr8-gnu-toolchain/bin/../lib/gcc/avr/5.4.0/../../../../avr/lib/avr5\libc.a(fputc.o)
 .text          0x00000000        0x0 c:/program files (x86)/atmel/studio/7.0/toolchain/avr8/avr8-gnu-toolchain/bin/../lib/gcc/avr/5.4.0/../../../../avr/lib/avr5\libc.a(sprintf.o)
 .data          0x00000000        0x0 c:/program files (x86)/atmel/studio/7.0/toolchain/avr8/avr8-gnu-toolchain/bin/../lib/gcc/avr/5.4.0/../../../../avr/lib/avr5\libc.a(sprintf.o)
 .bss           0x00000000        0x0 c:/program files (x86)/atmel/studio/7.0/toolchain/avr8/avr8-gnu-toolchain/bin/../lib/gcc/avr/5.4.0/../../../../avr/lib/avr5\libc.a(sprintf.o)
 .text          0x00000000        0x0 c:/program files (x86)/atmel/studio/7.0/toolchain/avr8/avr8-gnu-toolchain/bin/../lib/gcc/avr/5.4.0/../../../../avr/lib/avr5\libc.a(ultoa_invert.o)
 .data          0x00000000        0x0 c:/program files (x86)/atmel/studio/7.0/toolchain/avr8/avr8-gnu-toolchain/bin/../lib/gcc/avr/5.4.0/../../../../avr/lib/avr5\libc.a(ultoa_invert.o)
 .bss           0x00000000        0x0 c:/program files (x86)/atmel/studio/7.0/toolchain/avr8/avr8-gnu-toolchain/bin/../lib/gcc/avr/5.4.0/../../../../avr/lib/avr5\libc.a(ultoa_invert.o)

Memory Configuration

Name             Origin             Length             Attributes
text             0x00000000         0x00010000         xr
data             0x00800100         0x00001000         rw !x
eeprom           0x00810000         0x00000800         rw !x
fuse             0x00820000         0x00000003         rw !x
lock             0x00830000         0x00000400         rw !x
signature        0x00840000         0x00000400         rw !x
user_signatures  0x00850000         0x00000400         rw !x
*default*        0x00000000         0xffffffff

Linker script and memory map

Address of section .data set to 0x800100
LOAD C:/Program Files (x86)/Atmel/Studio/7.0/Packs/atmel/ATmega_DFP/1.7.374/gcc/dev/atmega64/avr5/crtatmega64.o
LOAD Application/POWER/ADC/ADC.o
LOAD Application/ANALOG_MUX/HC4067.o
LOAD Application/COPC/COPC.o
LOAD Application/LED/status_led.o
LOAD Application/main.o
LOAD Application/POWER/POWER_IO/POWER_IO.o
LOAD Application/WDT/watchdog.o
LOAD BSP/ADC/AD.o
LOAD BSP/TIMER/SPI/spi.o
LOAD BSP/TIMER/timer.o
LOAD BSP/TWI/i2c.o
LOAD BSP/UART/uart.o
LOAD CMDLine/cmdline.o
LOAD CMDLine/command.o
LOAD Scheduler/scheduler.o
LOAD ThirdParty/libsfp/crc16.o
LOAD ThirdParty/libsfp/fsp.o
START GROUP
LOAD c:/program files (x86)/atmel/studio/7.0/toolchain/avr8/avr8-gnu-toolchain/bin/../lib/gcc/avr/5.4.0/../../../../avr/lib/avr5\libm.a
END GROUP
LOAD c:/program files (x86)/atmel/studio/7.0/toolchain/avr8/avr8-gnu-toolchain/bin/../lib/gcc/avr/5.4.0/../../../../avr/lib/avr5\libprintf_flt.a
START GROUP
LOAD c:/program files (x86)/atmel/studio/7.0/toolchain/avr8/avr8-gnu-toolchain/bin/../lib/gcc/avr/5.4.0/avr5\libgcc.a
LOAD c:/program files (x86)/atmel/studio/7.0/toolchain/avr8/avr8-gnu-toolchain/bin/../lib/gcc/avr/5.4.0/../../../../avr/lib/avr5\libm.a
LOAD c:/program files (x86)/atmel/studio/7.0/toolchain/avr8/avr8-gnu-toolchain/bin/../lib/gcc/avr/5.4.0/../../../../avr/lib/avr5\libc.a
LOAD C:/Program Files (x86)/Atmel/Studio/7.0/Packs/atmel/ATmega_DFP/1.7.374/gcc/dev/atmega64/avr5\libatmega64.a
END GROUP
                0x00000000                __TEXT_REGION_ORIGIN__ = DEFINED (__TEXT_REGION_ORIGIN__)?__TEXT_REGION_ORIGIN__:0x0
                [0x00800100]                __DATA_REGION_ORIGIN__ = DEFINED (__DATA_REGION_ORIGIN__)?__DATA_REGION_ORIGIN__:0x800060
                [0x00010000]                __TEXT_REGION_LENGTH__ = DEFINED (__TEXT_REGION_LENGTH__)?__TEXT_REGION_LENGTH__:0x20000
                [0x00001000]                __DATA_REGION_LENGTH__ = DEFINED (__DATA_REGION_LENGTH__)?__DATA_REGION_LENGTH__:0xffa0
                [0x00000800]                __EEPROM_REGION_LENGTH__ = DEFINED (__EEPROM_REGION_LENGTH__)?__EEPROM_REGION_LENGTH__:0x10000
                [0x00000003]                __FUSE_REGION_LENGTH__ = DEFINED (__FUSE_REGION_LENGTH__)?__FUSE_REGION_LENGTH__:0x400
                0x00000400                __LOCK_REGION_LENGTH__ = DEFINED (__LOCK_REGION_LENGTH__)?__LOCK_REGION_LENGTH__:0x400
                0x00000400                __SIGNATURE_REGION_LENGTH__ = DEFINED (__SIGNATURE_REGION_LENGTH__)?__SIGNATURE_REGION_LENGTH__:0x400
                0x00000400                __USER_SIGNATURE_REGION_LENGTH__ = DEFINED (__USER_SIGNATURE_REGION_LENGTH__)?__USER_SIGNATURE_REGION_LENGTH__:0x400

.hash
 *(.hash)

.dynsym
 *(.dynsym)

.dynstr
 *(.dynstr)

.gnu.version
 *(.gnu.version)

.gnu.version_d
 *(.gnu.version_d)

.gnu.version_r
 *(.gnu.version_r)

.rel.init
 *(.rel.init)

.rela.init
 *(.rela.init)

.rel.text
 *(.rel.text)
 *(.rel.text.*)
 *(.rel.gnu.linkonce.t*)

.rela.text
 *(.rela.text)
 *(.rela.text.*)
 *(.rela.gnu.linkonce.t*)

.rel.fini
 *(.rel.fini)

.rela.fini
 *(.rela.fini)

.rel.rodata
 *(.rel.rodata)
 *(.rel.rodata.*)
 *(.rel.gnu.linkonce.r*)

.rela.rodata
 *(.rela.rodata)
 *(.rela.rodata.*)
 *(.rela.gnu.linkonce.r*)

.rel.data
 *(.rel.data)
 *(.rel.data.*)
 *(.rel.gnu.linkonce.d*)

.rela.data
 *(.rela.data)
 *(.rela.data.*)
 *(.rela.gnu.linkonce.d*)

.rel.ctors
 *(.rel.ctors)

.rela.ctors
 *(.rela.ctors)

.rel.dtors
 *(.rel.dtors)

.rela.dtors
 *(.rela.dtors)

.rel.got
 *(.rel.got)

.rela.got
 *(.rela.got)

.rel.bss
 *(.rel.bss)

.rela.bss
 *(.rela.bss)

.rel.plt
 *(.rel.plt)

.rela.plt
 *(.rela.plt)

.text           0x00000000     0x3236
 *(.vectors)
 .vectors       0x00000000       0x8c C:/Program Files (x86)/Atmel/Studio/7.0/Packs/atmel/ATmega_DFP/1.7.374/gcc/dev/atmega64/avr5/crtatmega64.o
                0x00000000                __vector_default
                0x00000000                __vectors
 *(.vectors)
 *(.progmem.gcc*)
 .progmem.gcc_sw_table.UARTvprintf
                0x0000008c       0xa8 BSP/UART/uart.o
                0x00000134                . = ALIGN (0x2)
                0x00000134                __trampolines_start = .
 *(.trampolines)
 .trampolines   0x00000134        0x0 linker stubs
 *(.trampolines*)
                0x00000134                __trampolines_end = .
 *libprintf_flt.a:*(.progmem.data)
 .progmem.data  0x00000134        0x8 c:/program files (x86)/atmel/studio/7.0/toolchain/avr8/avr8-gnu-toolchain/bin/../lib/gcc/avr/5.4.0/../../../../avr/lib/avr5\libprintf_flt.a(vfprintf_flt.o)
 *libc.a:*(.progmem.data)
 .progmem.data  0x0000013c       0xfa c:/program files (x86)/atmel/studio/7.0/toolchain/avr8/avr8-gnu-toolchain/bin/../lib/gcc/avr/5.4.0/../../../../avr/lib/avr5\libc.a(ftoa_engine.o)
 *(.progmem*)
 .progmem.data.NAME_TABLE
                0x00000236       0xe4 Application/POWER/POWER_IO/POWER_IO.o
                0x00000236                NAME_TABLE
 .progmem.data.SPLASH
                0x0000031a      0x555 CMDLine/command.o
                0x0000031a                SPLASH
                0x00000870                . = ALIGN (0x2)
 *fill*         0x0000086f        0x1 
 *(.jumptables)
 *(.jumptables*)
 *(.lowtext)
 *(.lowtext*)
                0x00000870                __ctors_start = .
 *(.ctors)
                0x00000870                __ctors_end = .
                0x00000870                __dtors_start = .
 *(.dtors)
                0x00000870                __dtors_end = .
 SORT(*)(.ctors)
 SORT(*)(.dtors)
 *(.init0)
 .init0         0x00000870        0x0 C:/Program Files (x86)/Atmel/Studio/7.0/Packs/atmel/ATmega_DFP/1.7.374/gcc/dev/atmega64/avr5/crtatmega64.o
                0x00000870                __init
 *(.init0)
 *(.init1)
 *(.init1)
 *(.init2)
 .init2         0x00000870        0xc C:/Program Files (x86)/Atmel/Studio/7.0/Packs/atmel/ATmega_DFP/1.7.374/gcc/dev/atmega64/avr5/crtatmega64.o
 *(.init2)
 *(.init3)
 *(.init3)
 *(.init4)
 .init4         0x0000087c       0x16 c:/program files (x86)/atmel/studio/7.0/toolchain/avr8/avr8-gnu-toolchain/bin/../lib/gcc/avr/5.4.0/avr5\libgcc.a(_copy_data.o)
                0x0000087c                __do_copy_data
 .init4         0x00000892       0x10 c:/program files (x86)/atmel/studio/7.0/toolchain/avr8/avr8-gnu-toolchain/bin/../lib/gcc/avr/5.4.0/avr5\libgcc.a(_clear_bss.o)
                0x00000892                __do_clear_bss
 *(.init4)
 *(.init5)
 *(.init5)
 *(.init6)
 *(.init6)
 *(.init7)
 *(.init7)
 *(.init8)
 *(.init8)
 *(.init9)
 .init9         0x000008a2        0x8 C:/Program Files (x86)/Atmel/Studio/7.0/Packs/atmel/ATmega_DFP/1.7.374/gcc/dev/atmega64/avr5/crtatmega64.o
 *(.init9)
 *(.text)
 .text          0x000008aa        0x4 C:/Program Files (x86)/Atmel/Studio/7.0/Packs/atmel/ATmega_DFP/1.7.374/gcc/dev/atmega64/avr5/crtatmega64.o
                0x000008aa                __vector_22
                0x000008aa                __vector_28
                0x000008aa                __vector_1
                0x000008aa                __vector_32
                0x000008aa                __vector_34
                0x000008aa                __vector_24
                0x000008aa                __vector_12
                0x000008aa                __bad_interrupt
                0x000008aa                __vector_6
                0x000008aa                __vector_3
                0x000008aa                __vector_23
                0x000008aa                __vector_25
                0x000008aa                __vector_11
                0x000008aa                __vector_13
                0x000008aa                __vector_17
                0x000008aa                __vector_7
                0x000008aa                __vector_27
                0x000008aa                __vector_5
                0x000008aa                __vector_33
                0x000008aa                __vector_4
                0x000008aa                __vector_9
                0x000008aa                __vector_2
                0x000008aa                __vector_29
                0x000008aa                __vector_8
                0x000008aa                __vector_26
                0x000008aa                __vector_14
                0x000008aa                __vector_10
                0x000008aa                __vector_16
                0x000008aa                __vector_20
                0x000008ae                . = ALIGN (0x2)
 *(.text.*)
 .text.write_threshold
                0x000008ae       0x18 Application/POWER/ADC/ADC.o
                0x000008ae                write_threshold
 .text.ADC_init
                0x000008c6       0xf0 Application/POWER/ADC/ADC.o
                0x000008c6                ADC_init
 .text.__vector_21
                0x000009b6      0x10a Application/POWER/ADC/ADC.o
                0x000009b6                __vector_21
 .text.MUX_Init
                0x00000ac0       0x46 Application/ANALOG_MUX/HC4067.o
                0x00000ac0                MUX_Init
 .text.MUX_Set_Channel
                0x00000b06       0x4a Application/ANALOG_MUX/HC4067.o
                0x00000b06                MUX_Set_Channel
 .text.COPC_task_update
                0x00000b50       0x28 Application/COPC/COPC.o
 .text.COPC_init
                0x00000b78       0x18 Application/COPC/COPC.o
                0x00000b78                COPC_init
 .text.COPC_create_task
                0x00000b90       0x12 Application/COPC/COPC.o
                0x00000b90                COPC_create_task
 .text.status_led_led1_off
                0x00000ba2        0x8 Application/LED/status_led.o
 .text.status_led_led1_on
                0x00000baa        0x8 Application/LED/status_led.o
 .text.status_led_led2_off
                0x00000bb2        0x8 Application/LED/status_led.o
 .text.status_led_led2_on
                0x00000bba        0x8 Application/LED/status_led.o
 .text.status_led_powerup
                0x00000bc2       0x8a Application/LED/status_led.o
 .text.status_led_normal
                0x00000c4c       0x60 Application/LED/status_led.o
 .text.status_led_update
                0x00000cac       0x1c Application/LED/status_led.o
                0x00000cac                status_led_update
 .text.status_led_init
                0x00000cc8       0x26 Application/LED/status_led.o
                0x00000cc8                status_led_init
 .text.status_led_create_task
                0x00000cee        0xe Application/LED/status_led.o
                0x00000cee                status_led_create_task
 .text.main     0x00000cfc       0x60 Application/main.o
                0x00000cfc                main
 .text.TEC1_Buck_On
                0x00000d5c        0x8 Application/POWER/POWER_IO/POWER_IO.o
                0x00000d5c                TEC1_Buck_On
 .text.TEC1_Buck_Off
                0x00000d64        0x8 Application/POWER/POWER_IO/POWER_IO.o
                0x00000d64                TEC1_Buck_Off
 .text.TEC2_Buck_On
                0x00000d6c        0x8 Application/POWER/POWER_IO/POWER_IO.o
                0x00000d6c                TEC2_Buck_On
 .text.TEC2_Buck_Off
                0x00000d74        0x8 Application/POWER/POWER_IO/POWER_IO.o
                0x00000d74                TEC2_Buck_Off
 .text.TEC3_Buck_On
                0x00000d7c        0x8 Application/POWER/POWER_IO/POWER_IO.o
                0x00000d7c                TEC3_Buck_On
 .text.TEC3_Buck_Off
                0x00000d84        0x8 Application/POWER/POWER_IO/POWER_IO.o
                0x00000d84                TEC3_Buck_Off
 .text.TEC4_Buck_On
                0x00000d8c        0xc Application/POWER/POWER_IO/POWER_IO.o
                0x00000d8c                TEC4_Buck_On
 .text.TEC4_Buck_Off
                0x00000d98        0xc Application/POWER/POWER_IO/POWER_IO.o
                0x00000d98                TEC4_Buck_Off
 .text.LED_Buck_On
                0x00000da4        0x8 Application/POWER/POWER_IO/POWER_IO.o
                0x00000da4                LED_Buck_On
 .text.LED_Buck_Off
                0x00000dac        0x8 Application/POWER/POWER_IO/POWER_IO.o
                0x00000dac                LED_Buck_Off
 .text.CM4_Buck_On
                0x00000db4        0x8 Application/POWER/POWER_IO/POWER_IO.o
                0x00000db4                CM4_Buck_On
 .text.CM4_Buck_Off
                0x00000dbc        0x8 Application/POWER/POWER_IO/POWER_IO.o
                0x00000dbc                CM4_Buck_Off
 .text.MCU_Buck_On
                0x00000dc4        0x8 Application/POWER/POWER_IO/POWER_IO.o
                0x00000dc4                MCU_Buck_On
 .text.MCU_Buck_Off
                0x00000dcc        0x8 Application/POWER/POWER_IO/POWER_IO.o
                0x00000dcc                MCU_Buck_Off
 .text.TEC1_On  0x00000dd4        0x8 Application/POWER/POWER_IO/POWER_IO.o
                0x00000dd4                TEC1_On
 .text.TEC1_Off
                0x00000ddc        0x8 Application/POWER/POWER_IO/POWER_IO.o
                0x00000ddc                TEC1_Off
 .text.TEC2_On  0x00000de4        0x8 Application/POWER/POWER_IO/POWER_IO.o
                0x00000de4                TEC2_On
 .text.TEC2_Off
                0x00000dec        0x8 Application/POWER/POWER_IO/POWER_IO.o
                0x00000dec                TEC2_Off
 .text.TEC3_On  0x00000df4        0x8 Application/POWER/POWER_IO/POWER_IO.o
                0x00000df4                TEC3_On
 .text.TEC3_Off
                0x00000dfc        0x8 Application/POWER/POWER_IO/POWER_IO.o
                0x00000dfc                TEC3_Off
 .text.TEC4_On  0x00000e04        0x8 Application/POWER/POWER_IO/POWER_IO.o
                0x00000e04                TEC4_On
 .text.TEC4_Off
                0x00000e0c        0x8 Application/POWER/POWER_IO/POWER_IO.o
                0x00000e0c                TEC4_Off
 .text.IOU_On   0x00000e14        0x8 Application/POWER/POWER_IO/POWER_IO.o
                0x00000e14                IOU_On
 .text.IOU_Off  0x00000e1c        0x8 Application/POWER/POWER_IO/POWER_IO.o
                0x00000e1c                IOU_Off
 .text.COPC_On  0x00000e24        0x8 Application/POWER/POWER_IO/POWER_IO.o
                0x00000e24                COPC_On
 .text.COPC_Off
                0x00000e2c        0x8 Application/POWER/POWER_IO/POWER_IO.o
                0x00000e2c                COPC_Off
 .text.LEDIR_On
                0x00000e34        0x8 Application/POWER/POWER_IO/POWER_IO.o
                0x00000e34                LEDIR_On
 .text.LEDIR_Off
                0x00000e3c        0x8 Application/POWER/POWER_IO/POWER_IO.o
                0x00000e3c                LEDIR_Off
 .text.LEDRGB_On
                0x00000e44        0x8 Application/POWER/POWER_IO/POWER_IO.o
                0x00000e44                LEDRGB_On
 .text.LEDRGB_Off
                0x00000e4c        0x8 Application/POWER/POWER_IO/POWER_IO.o
                0x00000e4c                LEDRGB_Off
 .text.RADIO_On
                0x00000e54        0xc Application/POWER/POWER_IO/POWER_IO.o
                0x00000e54                RADIO_On
 .text.RADIO_Off
                0x00000e60        0xc Application/POWER/POWER_IO/POWER_IO.o
                0x00000e60                RADIO_Off
 .text.CM4_On   0x00000e6c        0xc Application/POWER/POWER_IO/POWER_IO.o
                0x00000e6c                CM4_On
 .text.CM4_Off  0x00000e78        0xc Application/POWER/POWER_IO/POWER_IO.o
                0x00000e78                CM4_Off
 .text.CAPC_On  0x00000e84        0x8 Application/POWER/POWER_IO/POWER_IO.o
                0x00000e84                CAPC_On
 .text.CAPC_Off
                0x00000e8c        0x8 Application/POWER/POWER_IO/POWER_IO.o
                0x00000e8c                CAPC_Off
 .text.VBUS_Low
                0x00000e94        0xa Application/POWER/POWER_IO/POWER_IO.o
                0x00000e94                VBUS_Low
 .text.VBUS_High
                0x00000e9e        0xa Application/POWER/POWER_IO/POWER_IO.o
                0x00000e9e                VBUS_High
 .text.POWER_IO_init
                0x00000ea8      0x102 Application/POWER/POWER_IO/POWER_IO.o
                0x00000ea8                POWER_IO_init
 .text.POWER_ACTIVATE
                0x00000faa       0x5c Application/POWER/POWER_IO/POWER_IO.o
                0x00000faa                POWER_ACTIVATE
 .text.OVER_ERR_CUTOFF
                0x00001006       0x18 Application/POWER/POWER_IO/POWER_IO.o
                0x00001006                OVER_ERR_CUTOFF
 .text.status_wdt_update
                0x0000101e       0x52 Application/WDT/watchdog.o
                0x0000101e                status_wdt_update
 .text.WDT_init
                0x00001070       0x2a Application/WDT/watchdog.o
                0x00001070                WDT_init
 .text.timer_start_timer0
                0x0000109a       0x10 BSP/TIMER/timer.o
                0x0000109a                timer_start_timer0
 .text.timer_timer0_init
                0x000010aa        0xe BSP/TIMER/timer.o
                0x000010aa                timer_timer0_init
 .text.rbuffer_init
                0x000010b8       0x22 BSP/UART/uart.o
                0x000010b8                rbuffer_init
 .text.rbuffer_full
                0x000010da       0x12 BSP/UART/uart.o
                0x000010da                rbuffer_full
 .text.rbuffer_empty
                0x000010ec       0x10 BSP/UART/uart.o
                0x000010ec                rbuffer_empty
 .text.rbuffer_insert
                0x000010fc       0x38 BSP/UART/uart.o
                0x000010fc                rbuffer_insert
 .text.rbuffer_remove
                0x00001134       0x3a BSP/UART/uart.o
                0x00001134                rbuffer_remove
 .text.usart0_init
                0x0000116e       0x38 BSP/UART/uart.o
                0x0000116e                usart0_init
 .text.uart_get_uart0_rx_buffer_address
                0x000011a6        0xa BSP/UART/uart.o
                0x000011a6                uart_get_uart0_rx_buffer_address
 .text.usart1_init
                0x000011b0       0x3c BSP/UART/uart.o
                0x000011b0                usart1_init
 .text.usart1_send_char
                0x000011ec       0x38 BSP/UART/uart.o
                0x000011ec                usart1_send_char
 .text.usart1_send_string
                0x00001224       0x1a BSP/UART/uart.o
                0x00001224                usart1_send_string
 .text.usart1_send_array
                0x0000123e       0x2e BSP/UART/uart.o
                0x0000123e                usart1_send_array
 .text.usart1_send_string_P
                0x0000126c       0x1e BSP/UART/uart.o
                0x0000126c                usart1_send_string_P
 .text.uart_get_uart1_rx_buffer_address
                0x0000128a        0xa BSP/UART/uart.o
                0x0000128a                uart_get_uart1_rx_buffer_address
 .text.__vector_18
                0x00001294       0x98 BSP/UART/uart.o
                0x00001294                __vector_18
 .text.__vector_19
                0x0000132c       0x72 BSP/UART/uart.o
                0x0000132c                __vector_19
 .text.__vector_30
                0x0000139e       0x9e BSP/UART/uart.o
                0x0000139e                __vector_30
 .text.__vector_31
                0x0000143c       0x78 BSP/UART/uart.o
                0x0000143c                __vector_31
 .text.UARTvprintf
                0x000014b4      0x5d4 BSP/UART/uart.o
                0x000014b4                UARTvprintf
 .text.UARTprintf
                0x00001a88       0x20 BSP/UART/uart.o
                0x00001a88                UARTprintf
 .text.CmdLineProcess
                0x00001aa8       0x8e CMDLine/cmdline.o
                0x00001aa8                CmdLineProcess
 .text.Cmd_help
                0x00001b36       0x42 CMDLine/command.o
                0x00001b36                Cmd_help
 .text.show_data
                0x00001b78      0x1d2 CMDLine/command.o
                0x00001b78                show_data
 .text.Cmd_set_channel
                0x00001d4a       0x5a CMDLine/command.o
                0x00001d4a                Cmd_set_channel
 .text.Cmd_set_buck
                0x00001da4       0x58 CMDLine/command.o
                0x00001da4                Cmd_set_buck
 .text.Cmd_set_all
                0x00001dfc       0x4c CMDLine/command.o
                0x00001dfc                Cmd_set_all
 .text.command_task_update
                0x00001e48       0xb2 CMDLine/command.o
 .text.command_create_task
                0x00001efa        0xe CMDLine/command.o
                0x00001efa                command_create_task
 .text.command_send_splash
                0x00001f08       0x26 CMDLine/command.o
                0x00001f08                command_send_splash
 .text.command_init
                0x00001f2e       0x38 CMDLine/command.o
                0x00001f2e                command_init
 .text.SCH_Initialize
                0x00001f66       0x40 Scheduler/scheduler.o
                0x00001f66                SCH_Initialize
 .text.SCH_TIM_Start
                0x00001fa6       0x16 Scheduler/scheduler.o
                0x00001fa6                SCH_TIM_Start
 .text.SCH_TIM_HasCompleted
                0x00001fbc       0x1a Scheduler/scheduler.o
                0x00001fbc                SCH_TIM_HasCompleted
 .text.SCH_TASK_CreateTask
                0x00001fd6       0x68 Scheduler/scheduler.o
                0x00001fd6                SCH_TASK_CreateTask
 .text.SCH_RunSystemTickTimer
                0x0000203e      0x18a Scheduler/scheduler.o
                0x0000203e                SCH_RunSystemTickTimer
 .text.SCH_StartSchedular
                0x000021c8        0x6 Scheduler/scheduler.o
                0x000021c8                SCH_StartSchedular
 .text.SCH_HandleScheduledTask
                0x000021ce       0xce Scheduler/scheduler.o
                0x000021ce                SCH_HandleScheduledTask
 .text.__vector_15
                0x0000229c       0x6a Scheduler/scheduler.o
                0x0000229c                __vector_15
 .text.crc16_CCITT
                0x00002306       0x4e ThirdParty/libsfp/crc16.o
                0x00002306                crc16_CCITT
 .text.fsp_init
                0x00002354        0xa ThirdParty/libsfp/fsp.o
                0x00002354                fsp_init
 .text.fsp_decode
                0x0000235e      0x120 ThirdParty/libsfp/fsp.o
                0x0000235e                fsp_decode
 .text.avr-libc.fplib
                0x0000247e       0x7a c:/program files (x86)/atmel/studio/7.0/toolchain/avr8/avr8-gnu-toolchain/bin/../lib/gcc/avr/5.4.0/../../../../avr/lib/avr5\libm.a(floatsisf.o)
                0x0000247e                __floatunsisf
                0x00002482                __floatsisf
 .text.avr-libc.fplib
                0x000024f8        0x8 c:/program files (x86)/atmel/studio/7.0/toolchain/avr8/avr8-gnu-toolchain/bin/../lib/gcc/avr/5.4.0/../../../../avr/lib/avr5\libm.a(mulsf3.o)
                0x000024f8                __mulsf3
 .text.avr-libc.fplib
                0x00002500       0xd2 c:/program files (x86)/atmel/studio/7.0/toolchain/avr8/avr8-gnu-toolchain/bin/../lib/gcc/avr/5.4.0/../../../../avr/lib/avr5\libm.a(mulsf3x.o)
                0x0000251e                __mulsf3x
                0x00002524                __mulsf3_pse
 .text.avr-libc.fplib
                0x000025d2        0xc c:/program files (x86)/atmel/studio/7.0/toolchain/avr8/avr8-gnu-toolchain/bin/../lib/gcc/avr/5.4.0/../../../../avr/lib/avr5\libm.a(fp_inf.o)
                0x000025d2                __fp_inf
 .text.avr-libc.fplib
                0x000025de        0x6 c:/program files (x86)/atmel/studio/7.0/toolchain/avr8/avr8-gnu-toolchain/bin/../lib/gcc/avr/5.4.0/../../../../avr/lib/avr5\libm.a(fp_nan.o)
                0x000025de                __fp_nan
 .text.avr-libc.fplib
                0x000025e4        0xe c:/program files (x86)/atmel/studio/7.0/toolchain/avr8/avr8-gnu-toolchain/bin/../lib/gcc/avr/5.4.0/../../../../avr/lib/avr5\libm.a(fp_pscA.o)
                0x000025e4                __fp_pscA
 .text.avr-libc.fplib
                0x000025f2        0xe c:/program files (x86)/atmel/studio/7.0/toolchain/avr8/avr8-gnu-toolchain/bin/../lib/gcc/avr/5.4.0/../../../../avr/lib/avr5\libm.a(fp_pscB.o)
                0x000025f2                __fp_pscB
 .text.avr-libc.fplib
                0x00002600       0x22 c:/program files (x86)/atmel/studio/7.0/toolchain/avr8/avr8-gnu-toolchain/bin/../lib/gcc/avr/5.4.0/../../../../avr/lib/avr5\libm.a(fp_round.o)
                0x00002600                __fp_round
 .text.avr-libc.fplib
                0x00002622       0x44 c:/program files (x86)/atmel/studio/7.0/toolchain/avr8/avr8-gnu-toolchain/bin/../lib/gcc/avr/5.4.0/../../../../avr/lib/avr5\libm.a(fp_split3.o)
                0x00002622                __fp_split3
                0x00002632                __fp_splitA
 .text.avr-libc.fplib
                0x00002666        0xe c:/program files (x86)/atmel/studio/7.0/toolchain/avr8/avr8-gnu-toolchain/bin/../lib/gcc/avr/5.4.0/../../../../avr/lib/avr5\libm.a(fp_zero.o)
                0x00002666                __fp_zero
                0x00002668                __fp_szero
 .text.avr-libc
                0x00002674      0x6fa c:/program files (x86)/atmel/studio/7.0/toolchain/avr8/avr8-gnu-toolchain/bin/../lib/gcc/avr/5.4.0/../../../../avr/lib/avr5\libprintf_flt.a(vfprintf_flt.o)
                0x00002674                vfprintf
 .text.libgcc.mul
                0x00002d6e       0x20 c:/program files (x86)/atmel/studio/7.0/toolchain/avr8/avr8-gnu-toolchain/bin/../lib/gcc/avr/5.4.0/avr5\libgcc.a(_mulsi3.o)
                0x00002d6e                __mulsi3
 .text.libgcc.div
                0x00002d8e       0x44 c:/program files (x86)/atmel/studio/7.0/toolchain/avr8/avr8-gnu-toolchain/bin/../lib/gcc/avr/5.4.0/avr5\libgcc.a(_udivmodsi4.o)
                0x00002d8e                __udivmodsi4
 .text.libgcc   0x00002dd2        0xc c:/program files (x86)/atmel/studio/7.0/toolchain/avr8/avr8-gnu-toolchain/bin/../lib/gcc/avr/5.4.0/avr5\libgcc.a(_tablejump2.o)
                0x00002dd2                __tablejump2__
 .text.libgcc.mul
                0x00002dde       0x16 c:/program files (x86)/atmel/studio/7.0/toolchain/avr8/avr8-gnu-toolchain/bin/../lib/gcc/avr/5.4.0/avr5\libgcc.a(_muluhisi3.o)
                0x00002dde                __muluhisi3
 .text.libgcc.prologue
                0x00002df4       0x38 c:/program files (x86)/atmel/studio/7.0/toolchain/avr8/avr8-gnu-toolchain/bin/../lib/gcc/avr/5.4.0/avr5\libgcc.a(_prologue.o)
                0x00002df4                __prologue_saves__
 .text.libgcc.prologue
                0x00002e2c       0x36 c:/program files (x86)/atmel/studio/7.0/toolchain/avr8/avr8-gnu-toolchain/bin/../lib/gcc/avr/5.4.0/avr5\libgcc.a(_epilogue.o)
                0x00002e2c                __epilogue_restores__
 .text.libgcc.mul
                0x00002e62       0x1e c:/program files (x86)/atmel/studio/7.0/toolchain/avr8/avr8-gnu-toolchain/bin/../lib/gcc/avr/5.4.0/avr5\libgcc.a(_umulhisi3.o)
                0x00002e62                __umulhisi3
 .text.avr-libc
                0x00002e80       0x3c c:/program files (x86)/atmel/studio/7.0/toolchain/avr8/avr8-gnu-toolchain/bin/../lib/gcc/avr/5.4.0/../../../../avr/lib/avr5\libc.a(atoi.o)
                0x00002e80                atoi
 .text.avr-libc
                0x00002ebc      0x1b0 c:/program files (x86)/atmel/studio/7.0/toolchain/avr8/avr8-gnu-toolchain/bin/../lib/gcc/avr/5.4.0/../../../../avr/lib/avr5\libc.a(ftoa_engine.o)
                0x00002ebc                __ftoa_engine
 .text.avr-libc
                0x0000306c       0x16 c:/program files (x86)/atmel/studio/7.0/toolchain/avr8/avr8-gnu-toolchain/bin/../lib/gcc/avr/5.4.0/../../../../avr/lib/avr5\libc.a(strnlen_P.o)
                0x0000306c                strnlen_P
 .text.avr-libc
                0x00003082       0x12 c:/program files (x86)/atmel/studio/7.0/toolchain/avr8/avr8-gnu-toolchain/bin/../lib/gcc/avr/5.4.0/../../../../avr/lib/avr5\libc.a(strcmp.o)
                0x00003082                strcmp
 .text.avr-libc
                0x00003094       0x16 c:/program files (x86)/atmel/studio/7.0/toolchain/avr8/avr8-gnu-toolchain/bin/../lib/gcc/avr/5.4.0/../../../../avr/lib/avr5\libc.a(strnlen.o)
                0x00003094                strnlen
 .text.avr-libc
                0x000030aa       0x10 c:/program files (x86)/atmel/studio/7.0/toolchain/avr8/avr8-gnu-toolchain/bin/../lib/gcc/avr/5.4.0/../../../../avr/lib/avr5\libc.a(mul10.o)
                0x000030aa                __mulhi_const_10
 .text.avr-libc
                0x000030ba       0x78 c:/program files (x86)/atmel/studio/7.0/toolchain/avr8/avr8-gnu-toolchain/bin/../lib/gcc/avr/5.4.0/../../../../avr/lib/avr5\libc.a(fputc.o)
                0x000030ba                fputc
 .text.avr-libc
                0x00003132       0x44 c:/program files (x86)/atmel/studio/7.0/toolchain/avr8/avr8-gnu-toolchain/bin/../lib/gcc/avr/5.4.0/../../../../avr/lib/avr5\libc.a(sprintf.o)
                0x00003132                sprintf
 .text.avr-libc
                0x00003176       0xbc c:/program files (x86)/atmel/studio/7.0/toolchain/avr8/avr8-gnu-toolchain/bin/../lib/gcc/avr/5.4.0/../../../../avr/lib/avr5\libc.a(ultoa_invert.o)
                0x00003176                __ultoa_invert
                0x00003232                . = ALIGN (0x2)
 *(.fini9)
 .fini9         0x00003232        0x0 c:/program files (x86)/atmel/studio/7.0/toolchain/avr8/avr8-gnu-toolchain/bin/../lib/gcc/avr/5.4.0/avr5\libgcc.a(_exit.o)
                0x00003232                _exit
                0x00003232                exit
 *(.fini9)
 *(.fini8)
 *(.fini8)
 *(.fini7)
 *(.fini7)
 *(.fini6)
 *(.fini6)
 *(.fini5)
 *(.fini5)
 *(.fini4)
 *(.fini4)
 *(.fini3)
 *(.fini3)
 *(.fini2)
 *(.fini2)
 *(.fini1)
 *(.fini1)
 *(.fini0)
 .fini0         0x00003232        0x4 c:/program files (x86)/atmel/studio/7.0/toolchain/avr8/avr8-gnu-toolchain/bin/../lib/gcc/avr/5.4.0/avr5\libgcc.a(_exit.o)
 *(.fini0)
                0x00003236                _etext = .

.data           0x00800100      0x2fc load address 0x00003236
                0x00800100                PROVIDE (__data_start, .)
 *(.data)
 *(.data*)
 .data.s_COPC_task_context
                0x00800100        0x7 Application/COPC/COPC.o
 .data.s_task_context
                0x00800107        0x7 Application/LED/status_led.o
 .data.function_array
                0x0080010e       0x4c Application/POWER/POWER_IO/POWER_IO.o
                0x0080010e                function_array
 .data.wdt_task_context
                0x0080015a        0x7 Application/WDT/watchdog.o
 .data.p_UART1_meta
                0x00800161        0x2 BSP/UART/uart.o
                0x00800161                p_UART1_meta
 .data.p_UART0_meta
                0x00800163        0x2 BSP/UART/uart.o
                0x00800163                p_UART0_meta
 .data.s_CommandTaskContext
                0x00800165        0x7 CMDLine/command.o
 .data.g_psCmdTable
                0x0080016c       0x24 CMDLine/command.o
                0x0080016c                g_psCmdTable
 .data.ErrorCode
                0x00800190        0xa CMDLine/command.o
                0x00800190                ErrorCode
 *(.gnu.linkonce.d*)
 *(.rodata)
 *(.rodata*)
 .rodata.ADC_to_Erro_Mapping
                0x0080019a       0x13 Application/POWER/ADC/ADC.o
                0x0080019a                ADC_to_Erro_Mapping
 .rodata.str1.1
                0x008001ad       0x13 Application/main.o
 .rodata.str1.1
                0x008001c0       0x46 Application/POWER/POWER_IO/POWER_IO.o
 .rodata.cmd_to_channel_mapping
                0x00800206       0x13 Application/POWER/POWER_IO/POWER_IO.o
                0x00800206                cmd_to_channel_mapping
 .rodata.NAME_STATUS_TABLE
                0x00800219        0xa Application/POWER/POWER_IO/POWER_IO.o
                0x00800219                NAME_STATUS_TABLE
 .rodata.str1.1
                0x00800223       0x17 BSP/UART/uart.o
                                 0x19 (size before relaxing)
 .rodata.str1.1
                0x0080023a      0x1c1 CMDLine/command.o
                                0x1cc (size before relaxing)
 *(.gnu.linkonce.r*)
                0x008003fc                . = ALIGN (0x2)
 *fill*         0x008003fb        0x1 
                0x008003fc                _edata = .
                0x008003fc                PROVIDE (__data_end, .)

.bss            0x008003fc      0x498
                0x008003fc                PROVIDE (__bss_start, .)
 *(.bss)
 *(.bss*)
 .bss.s_COPC_FspPacket
                0x008003fc       0xff Application/COPC/COPC.o
 .bss.p_COPCBuffer
                0x008004fb        0x2 Application/COPC/COPC.o
 .bss.s_led_display_status
                0x008004fd        0x1 Application/LED/status_led.o
 .bss.Error_Flag
                0x008004fe        0x1 Application/POWER/POWER_IO/POWER_IO.o
                0x008004fe                Error_Flag
 .bss.WDT_Current
                0x008004ff        0x1 Application/WDT/watchdog.o
 .bss.g_ppcArgv
                0x00800500       0x12 CMDLine/cmdline.o
 .bss.scale     0x00800512        0x4 CMDLine/command.o
                0x00800512                scale
 .bss.tmp       0x00800516        0x4 CMDLine/command.o
                0x00800516                tmp
 .bss.s_commandBufferIndex
                0x0080051a        0x1 CMDLine/command.o
 .bss.s_commandBuffer
                0x0080051b       0x80 CMDLine/command.o
 .bss.p_CommandRingBuffer
                0x0080059b        0x2 CMDLine/command.o
 .bss.s_NumOfTimers
                0x0080059d        0x1 Scheduler/scheduler.o
 .bss.s_TimerContext
                0x0080059e       0x2a Scheduler/scheduler.o
 .bss.s_NumOfTaskScheduled
                0x008005c8        0x1 Scheduler/scheduler.o
 .bss.s_TaskContext
                0x008005c9       0x2a Scheduler/scheduler.o
 .bss.fsp_decode_pos
                0x008005f3        0x1 ThirdParty/libsfp/fsp.o
                0x008005f3                fsp_decode_pos
 *(COMMON)
 COMMON         0x008005f4       0x76 Application/POWER/ADC/ADC.o
                0x008005f4                ADC_data
                0x00800669                kk
 COMMON         0x0080066a       0x13 Application/POWER/POWER_IO/POWER_IO.o
                0x0080066a                CHANNEL_STATUS_TABLE
 COMMON         0x0080067d      0x210 BSP/UART/uart.o
                0x0080067d                UART1_meta
                0x00800785                UART0_meta
 COMMON         0x0080088d        0x6 Scheduler/scheduler.o
                0x0080088d                s_SystemTick
                0x0080088f                s_SoftTimers
 COMMON         0x00800893        0x1 ThirdParty/libsfp/fsp.o
                0x00800893                fsp_my_adr
                0x00800894                PROVIDE (__bss_end, .)
                0x00003236                __data_load_start = LOADADDR (.data)
                0x00003532                __data_load_end = (__data_load_start + SIZEOF (.data))

.noinit         0x00800894        0x0
                [!provide]                PROVIDE (__noinit_start, .)
 *(.noinit*)
                [!provide]                PROVIDE (__noinit_end, .)
                0x00800894                _end = .
                [!provide]                PROVIDE (__heap_start, .)

.eeprom         0x00810000        0x0
 *(.eeprom*)
                0x00810000                __eeprom_end = .

.fuse
 *(.fuse)
 *(.lfuse)
 *(.hfuse)
 *(.efuse)

.lock
 *(.lock*)

.signature
 *(.signature*)

.user_signatures
 *(.user_signatures*)

.stab
 *(.stab)

.stabstr
 *(.stabstr)

.stab.excl
 *(.stab.excl)

.stab.exclstr
 *(.stab.exclstr)

.stab.index
 *(.stab.index)

.stab.indexstr
 *(.stab.indexstr)

.comment        0x00000000       0x5c
 *(.comment)
 .comment       0x00000000       0x30 Application/POWER/ADC/ADC.o
                                 0x31 (size before relaxing)
 .comment       0x00000030       0x31 Application/ANALOG_MUX/HC4067.o
 .comment       0x00000030       0x31 Application/COPC/COPC.o
 .comment       0x00000030       0x31 Application/LED/status_led.o
 .comment       0x00000030       0x31 Application/main.o
 .comment       0x00000030       0x31 Application/POWER/POWER_IO/POWER_IO.o
 .comment       0x00000030       0x31 Application/WDT/watchdog.o
 .comment       0x00000030       0x31 BSP/TIMER/timer.o
 .comment       0x00000030       0x31 BSP/UART/uart.o
 .comment       0x00000030       0x31 CMDLine/cmdline.o
 .comment       0x00000030       0x31 CMDLine/command.o
 .comment       0x00000030       0x31 Scheduler/scheduler.o
 .comment       0x00000030       0x31 ThirdParty/libsfp/crc16.o
 .comment       0x00000030       0x31 ThirdParty/libsfp/fsp.o
 .comment       0x00000030       0x2c c:/program files (x86)/atmel/studio/7.0/toolchain/avr8/avr8-gnu-toolchain/bin/../lib/gcc/avr/5.4.0/../../../../avr/lib/avr5\libprintf_flt.a(vfprintf_flt.o)
                                 0x2d (size before relaxing)
 .comment       0x0000005c       0x31 c:/program files (x86)/atmel/studio/7.0/toolchain/avr8/avr8-gnu-toolchain/bin/../lib/gcc/avr/5.4.0/../../../../avr/lib/avr5\libc.a(fputc.o)
 .comment       0x0000005c       0x31 c:/program files (x86)/atmel/studio/7.0/toolchain/avr8/avr8-gnu-toolchain/bin/../lib/gcc/avr/5.4.0/../../../../avr/lib/avr5\libc.a(sprintf.o)

.note.gnu.avr.deviceinfo
                0x00000000       0x3c
 .note.gnu.avr.deviceinfo
                0x00000000       0x3c C:/Program Files (x86)/Atmel/Studio/7.0/Packs/atmel/ATmega_DFP/1.7.374/gcc/dev/atmega64/avr5/crtatmega64.o

.note.gnu.build-id
 *(.note.gnu.build-id)

.debug
 *(.debug)

.line
 *(.line)

.debug_srcinfo
 *(.debug_srcinfo)

.debug_sfnames
 *(.debug_sfnames)

.debug_aranges  0x00000000      0x5a0
 *(.debug_aranges)
 .debug_aranges
                0x00000000       0x50 Application/POWER/ADC/ADC.o
 .debug_aranges
                0x00000050       0x28 Application/ANALOG_MUX/HC4067.o
 .debug_aranges
                0x00000078       0x30 Application/COPC/COPC.o
 .debug_aranges
                0x000000a8       0x68 Application/LED/status_led.o
 .debug_aranges
                0x00000110       0x20 Application/main.o
 .debug_aranges
                0x00000130      0x170 Application/POWER/POWER_IO/POWER_IO.o
 .debug_aranges
                0x000002a0       0x28 Application/WDT/watchdog.o
 .debug_aranges
                0x000002c8       0x30 BSP/TIMER/timer.o
 .debug_aranges
                0x000002f8      0x108 BSP/UART/uart.o
 .debug_aranges
                0x00000400       0x20 CMDLine/cmdline.o
 .debug_aranges
                0x00000420       0x70 CMDLine/command.o
 .debug_aranges
                0x00000490       0x90 Scheduler/scheduler.o
 .debug_aranges
                0x00000520       0x20 ThirdParty/libsfp/crc16.o
 .debug_aranges
                0x00000540       0x60 ThirdParty/libsfp/fsp.o

.debug_pubnames
 *(.debug_pubnames)

.debug_info     0x00000000     0x4f7c
 *(.debug_info .gnu.linkonce.wi.*)
 .debug_info    0x00000000      0x780 C:/Program Files (x86)/Atmel/Studio/7.0/Packs/atmel/ATmega_DFP/1.7.374/gcc/dev/atmega64/avr5/crtatmega64.o
 .debug_info    0x00000780      0x691 Application/POWER/ADC/ADC.o
 .debug_info    0x00000e11       0xa8 Application/ANALOG_MUX/HC4067.o
 .debug_info    0x00000eb9      0x552 Application/COPC/COPC.o
 .debug_info    0x0000140b      0x50d Application/LED/status_led.o
 .debug_info    0x00001918      0x364 Application/main.o
 .debug_info    0x00001c7c      0x670 Application/POWER/POWER_IO/POWER_IO.o
 .debug_info    0x000022ec      0x2c2 Application/WDT/watchdog.o
 .debug_info    0x000025ae       0xaf BSP/TIMER/timer.o
 .debug_info    0x0000265d      0xbbe BSP/UART/uart.o
 .debug_info    0x0000321b      0x1dc CMDLine/cmdline.o
 .debug_info    0x000033f7      0xbd1 CMDLine/command.o
 .debug_info    0x00003fc8      0x9af Scheduler/scheduler.o
 .debug_info    0x00004977       0xe6 ThirdParty/libsfp/crc16.o
 .debug_info    0x00004a5d      0x51f ThirdParty/libsfp/fsp.o

.debug_abbrev   0x00000000     0x1aea
 *(.debug_abbrev)
 .debug_abbrev  0x00000000      0x718 C:/Program Files (x86)/Atmel/Studio/7.0/Packs/atmel/ATmega_DFP/1.7.374/gcc/dev/atmega64/avr5/crtatmega64.o
 .debug_abbrev  0x00000718      0x202 Application/POWER/ADC/ADC.o
 .debug_abbrev  0x0000091a       0x76 Application/ANALOG_MUX/HC4067.o
 .debug_abbrev  0x00000990      0x185 Application/COPC/COPC.o
 .debug_abbrev  0x00000b15      0x13d Application/LED/status_led.o
 .debug_abbrev  0x00000c52      0x131 Application/main.o
 .debug_abbrev  0x00000d83      0x1a2 Application/POWER/POWER_IO/POWER_IO.o
 .debug_abbrev  0x00000f25       0xe0 Application/WDT/watchdog.o
 .debug_abbrev  0x00001005       0x51 BSP/TIMER/timer.o
 .debug_abbrev  0x00001056      0x2da BSP/UART/uart.o
 .debug_abbrev  0x00001330      0x11a CMDLine/cmdline.o
 .debug_abbrev  0x0000144a      0x296 CMDLine/command.o
 .debug_abbrev  0x000016e0      0x215 Scheduler/scheduler.o
 .debug_abbrev  0x000018f5       0x7c ThirdParty/libsfp/crc16.o
 .debug_abbrev  0x00001971      0x179 ThirdParty/libsfp/fsp.o

.debug_line     0x00000000     0x2d7f
 *(.debug_line .debug_line.* .debug_line_end)
 .debug_line    0x00000000      0x16a C:/Program Files (x86)/Atmel/Studio/7.0/Packs/atmel/ATmega_DFP/1.7.374/gcc/dev/atmega64/avr5/crtatmega64.o
 .debug_line    0x0000016a      0x34c Application/POWER/ADC/ADC.o
 .debug_line    0x000004b6      0x146 Application/ANALOG_MUX/HC4067.o
 .debug_line    0x000005fc      0x161 Application/COPC/COPC.o
 .debug_line    0x0000075d      0x275 Application/LED/status_led.o
 .debug_line    0x000009d2      0x211 Application/main.o
 .debug_line    0x00000be3      0x616 Application/POWER/POWER_IO/POWER_IO.o
 .debug_line    0x000011f9      0x133 Application/WDT/watchdog.o
 .debug_line    0x0000132c       0xee BSP/TIMER/timer.o
 .debug_line    0x0000141a      0x96c BSP/UART/uart.o
 .debug_line    0x00001d86      0x142 CMDLine/cmdline.o
 .debug_line    0x00001ec8      0x579 CMDLine/command.o
 .debug_line    0x00002441      0x515 Scheduler/scheduler.o
 .debug_line    0x00002956       0xdc ThirdParty/libsfp/crc16.o
 .debug_line    0x00002a32      0x34d ThirdParty/libsfp/fsp.o

.debug_frame    0x00000000      0xd80
 *(.debug_frame)
 .debug_frame   0x00000000       0xdc Application/POWER/ADC/ADC.o
 .debug_frame   0x000000dc       0x34 Application/ANALOG_MUX/HC4067.o
 .debug_frame   0x00000110       0x44 Application/COPC/COPC.o
 .debug_frame   0x00000154       0xb4 Application/LED/status_led.o
 .debug_frame   0x00000208       0x30 Application/main.o
 .debug_frame   0x00000238      0x2c4 Application/POWER/POWER_IO/POWER_IO.o
 .debug_frame   0x000004fc       0x34 Application/WDT/watchdog.o
 .debug_frame   0x00000530       0x44 BSP/TIMER/timer.o
 .debug_frame   0x00000574      0x3f8 BSP/UART/uart.o
 .debug_frame   0x0000096c       0x34 CMDLine/cmdline.o
 .debug_frame   0x000009a0      0x12c CMDLine/command.o
 .debug_frame   0x00000acc      0x180 Scheduler/scheduler.o
 .debug_frame   0x00000c4c       0x24 ThirdParty/libsfp/crc16.o
 .debug_frame   0x00000c70      0x110 ThirdParty/libsfp/fsp.o

.debug_str      0x00000000     0x1907
 *(.debug_str)
 .debug_str     0x00000000      0x27e C:/Program Files (x86)/Atmel/Studio/7.0/Packs/atmel/ATmega_DFP/1.7.374/gcc/dev/atmega64/avr5/crtatmega64.o
 .debug_str     0x0000027e      0x2e2 Application/POWER/ADC/ADC.o
                                0x33b (size before relaxing)
 .debug_str     0x00000560       0x23 Application/ANALOG_MUX/HC4067.o
                                0x19a (size before relaxing)
 .debug_str     0x00000583      0x41b Application/COPC/COPC.o
                                0x59a (size before relaxing)
 .debug_str     0x0000099e      0x1e4 Application/LED/status_led.o
                                0x49f (size before relaxing)
 .debug_str     0x00000b82       0xa3 Application/main.o
                                0x311 (size before relaxing)
 .debug_str     0x00000c25      0x25d Application/POWER/POWER_IO/POWER_IO.o
                                0x451 (size before relaxing)
 .debug_str     0x00000e82       0x64 Application/WDT/watchdog.o
                                0x381 (size before relaxing)
 .debug_str     0x00000ee6       0x4c BSP/TIMER/timer.o
                                0x1a2 (size before relaxing)
 .debug_str     0x00000f32      0x2eb BSP/UART/uart.o
                                0x505 (size before relaxing)
 .debug_str     0x0000121d       0xa9 CMDLine/cmdline.o
                                0x213 (size before relaxing)
 .debug_str     0x000012c6      0x17c CMDLine/command.o
                                0x670 (size before relaxing)
 .debug_str     0x00001442      0x3c4 Scheduler/scheduler.o
                                0x7e5 (size before relaxing)
 .debug_str     0x00001806       0x3c ThirdParty/libsfp/crc16.o
                                0x1a0 (size before relaxing)
 .debug_str     0x00001842       0xc5 ThirdParty/libsfp/fsp.o
                                0x289 (size before relaxing)

.debug_loc      0x00000000     0x279a
 *(.debug_loc)
 .debug_loc     0x00000000      0x18d Application/POWER/ADC/ADC.o
 .debug_loc     0x0000018d       0x3a Application/ANALOG_MUX/HC4067.o
 .debug_loc     0x000001c7       0x13 Application/COPC/COPC.o
 .debug_loc     0x000001da       0x21 Application/LED/status_led.o
 .debug_loc     0x000001fb       0x3c Application/main.o
 .debug_loc     0x00000237       0x85 Application/POWER/POWER_IO/POWER_IO.o
 .debug_loc     0x000002bc      0xdaf BSP/UART/uart.o
 .debug_loc     0x0000106b      0x154 CMDLine/cmdline.o
 .debug_loc     0x000011bf      0x71d CMDLine/command.o
 .debug_loc     0x000018dc      0x6fc Scheduler/scheduler.o
 .debug_loc     0x00001fd8       0xca ThirdParty/libsfp/crc16.o
 .debug_loc     0x000020a2      0x6f8 ThirdParty/libsfp/fsp.o

.debug_macinfo
 *(.debug_macinfo)

.debug_weaknames
 *(.debug_weaknames)

.debug_funcnames
 *(.debug_funcnames)

.debug_typenames
 *(.debug_typenames)

.debug_varnames
 *(.debug_varnames)

.debug_pubtypes
 *(.debug_pubtypes)

.debug_ranges   0x00000000      0x4f0
 *(.debug_ranges)
 .debug_ranges  0x00000000       0x40 Application/POWER/ADC/ADC.o
 .debug_ranges  0x00000040       0x18 Application/ANALOG_MUX/HC4067.o
 .debug_ranges  0x00000058       0x20 Application/COPC/COPC.o
 .debug_ranges  0x00000078       0x58 Application/LED/status_led.o
 .debug_ranges  0x000000d0       0x10 Application/main.o
 .debug_ranges  0x000000e0      0x160 Application/POWER/POWER_IO/POWER_IO.o
 .debug_ranges  0x00000240       0x18 Application/WDT/watchdog.o
 .debug_ranges  0x00000258       0x20 BSP/TIMER/timer.o
 .debug_ranges  0x00000278       0xf8 BSP/UART/uart.o
 .debug_ranges  0x00000370       0x10 CMDLine/cmdline.o
 .debug_ranges  0x00000380       0x90 CMDLine/command.o
 .debug_ranges  0x00000410       0x80 Scheduler/scheduler.o
 .debug_ranges  0x00000490       0x10 ThirdParty/libsfp/crc16.o
 .debug_ranges  0x000004a0       0x50 ThirdParty/libsfp/fsp.o

.debug_macro
 *(.debug_macro)
OUTPUT(PDU_V100_firmware.elf elf32-avr)
LOAD linker stubs
