Archive member included to satisfy reference by file (symbol)

c:/program files (x86)/atmel/studio/7.0/toolchain/avr8/avr8-gnu-toolchain/bin/../lib/gcc/avr/5.4.0/../../../../avr/lib/avr5\libm.a(addsf3.o)
                              Application/COPC/COPC.o (__addsf3)
c:/program files (x86)/atmel/studio/7.0/toolchain/avr8/avr8-gnu-toolchain/bin/../lib/gcc/avr/5.4.0/../../../../avr/lib/avr5\libm.a(addsf3x.o)
                              c:/program files (x86)/atmel/studio/7.0/toolchain/avr8/avr8-gnu-toolchain/bin/../lib/gcc/avr/5.4.0/../../../../avr/lib/avr5\libm.a(addsf3.o) (__addsf3x)
c:/program files (x86)/atmel/studio/7.0/toolchain/avr8/avr8-gnu-toolchain/bin/../lib/gcc/avr/5.4.0/../../../../avr/lib/avr5\libm.a(fixunssfsi.o)
                              Application/COPC/COPC.o (__fixunssfsi)
c:/program files (x86)/atmel/studio/7.0/toolchain/avr8/avr8-gnu-toolchain/bin/../lib/gcc/avr/5.4.0/../../../../avr/lib/avr5\libm.a(floatsisf.o)
                              Application/COPC/COPC.o (__floatunsisf)
c:/program files (x86)/atmel/studio/7.0/toolchain/avr8/avr8-gnu-toolchain/bin/../lib/gcc/avr/5.4.0/../../../../avr/lib/avr5\libm.a(fp_inf.o)
                              c:/program files (x86)/atmel/studio/7.0/toolchain/avr8/avr8-gnu-toolchain/bin/../lib/gcc/avr/5.4.0/../../../../avr/lib/avr5\libm.a(addsf3x.o) (__fp_inf)
c:/program files (x86)/atmel/studio/7.0/toolchain/avr8/avr8-gnu-toolchain/bin/../lib/gcc/avr/5.4.0/../../../../avr/lib/avr5\libm.a(fp_nan.o)
                              c:/program files (x86)/atmel/studio/7.0/toolchain/avr8/avr8-gnu-toolchain/bin/../lib/gcc/avr/5.4.0/../../../../avr/lib/avr5\libm.a(addsf3x.o) (__fp_nan)
c:/program files (x86)/atmel/studio/7.0/toolchain/avr8/avr8-gnu-toolchain/bin/../lib/gcc/avr/5.4.0/../../../../avr/lib/avr5\libm.a(fp_pscA.o)
                              c:/program files (x86)/atmel/studio/7.0/toolchain/avr8/avr8-gnu-toolchain/bin/../lib/gcc/avr/5.4.0/../../../../avr/lib/avr5\libm.a(addsf3x.o) (__fp_pscA)
c:/program files (x86)/atmel/studio/7.0/toolchain/avr8/avr8-gnu-toolchain/bin/../lib/gcc/avr/5.4.0/../../../../avr/lib/avr5\libm.a(fp_pscB.o)
                              c:/program files (x86)/atmel/studio/7.0/toolchain/avr8/avr8-gnu-toolchain/bin/../lib/gcc/avr/5.4.0/../../../../avr/lib/avr5\libm.a(addsf3x.o) (__fp_pscB)
c:/program files (x86)/atmel/studio/7.0/toolchain/avr8/avr8-gnu-toolchain/bin/../lib/gcc/avr/5.4.0/../../../../avr/lib/avr5\libm.a(fp_round.o)
                              c:/program files (x86)/atmel/studio/7.0/toolchain/avr8/avr8-gnu-toolchain/bin/../lib/gcc/avr/5.4.0/../../../../avr/lib/avr5\libm.a(addsf3.o) (__fp_round)
c:/program files (x86)/atmel/studio/7.0/toolchain/avr8/avr8-gnu-toolchain/bin/../lib/gcc/avr/5.4.0/../../../../avr/lib/avr5\libm.a(fp_split3.o)
                              c:/program files (x86)/atmel/studio/7.0/toolchain/avr8/avr8-gnu-toolchain/bin/../lib/gcc/avr/5.4.0/../../../../avr/lib/avr5\libm.a(addsf3x.o) (__fp_split3)
c:/program files (x86)/atmel/studio/7.0/toolchain/avr8/avr8-gnu-toolchain/bin/../lib/gcc/avr/5.4.0/../../../../avr/lib/avr5\libm.a(fp_zero.o)
                              c:/program files (x86)/atmel/studio/7.0/toolchain/avr8/avr8-gnu-toolchain/bin/../lib/gcc/avr/5.4.0/../../../../avr/lib/avr5\libm.a(addsf3x.o) (__fp_zero)
c:/program files (x86)/atmel/studio/7.0/toolchain/avr8/avr8-gnu-toolchain/bin/../lib/gcc/avr/5.4.0/../../../../avr/lib/avr5\libm.a(mulsf3.o)
                              Application/COPC/COPC.o (__mulsf3)
c:/program files (x86)/atmel/studio/7.0/toolchain/avr8/avr8-gnu-toolchain/bin/../lib/gcc/avr/5.4.0/../../../../avr/lib/avr5\libm.a(mulsf3x.o)
                              c:/program files (x86)/atmel/studio/7.0/toolchain/avr8/avr8-gnu-toolchain/bin/../lib/gcc/avr/5.4.0/../../../../avr/lib/avr5\libm.a(mulsf3.o) (__mulsf3x)
c:/program files (x86)/atmel/studio/7.0/toolchain/avr8/avr8-gnu-toolchain/bin/../lib/gcc/avr/5.4.0/../../../../avr/lib/avr5\libprintf_flt.a(vfprintf_flt.o)
                              (vfprintf)
c:/program files (x86)/atmel/studio/7.0/toolchain/avr8/avr8-gnu-toolchain/bin/../lib/gcc/avr/5.4.0/avr5\libgcc.a(_mulsi3.o)
                              BSP/UART/uart.o (__mulsi3)
c:/program files (x86)/atmel/studio/7.0/toolchain/avr8/avr8-gnu-toolchain/bin/../lib/gcc/avr/5.4.0/avr5\libgcc.a(_udivmodsi4.o)
                              BSP/UART/uart.o (__udivmodsi4)
c:/program files (x86)/atmel/studio/7.0/toolchain/avr8/avr8-gnu-toolchain/bin/../lib/gcc/avr/5.4.0/avr5\libgcc.a(_exit.o)
                              C:/Program Files (x86)/Atmel/Studio/7.0/Packs/atmel/ATmega_DFP/1.7.374/gcc/dev/atmega64/avr5/crtatmega64.o (exit)
c:/program files (x86)/atmel/studio/7.0/toolchain/avr8/avr8-gnu-toolchain/bin/../lib/gcc/avr/5.4.0/avr5\libgcc.a(_tablejump2.o)
                              BSP/UART/uart.o (__tablejump2__)
c:/program files (x86)/atmel/studio/7.0/toolchain/avr8/avr8-gnu-toolchain/bin/../lib/gcc/avr/5.4.0/avr5\libgcc.a(_copy_data.o)
                              Application/POWER/ADC/ADC.o (__do_copy_data)
c:/program files (x86)/atmel/studio/7.0/toolchain/avr8/avr8-gnu-toolchain/bin/../lib/gcc/avr/5.4.0/avr5\libgcc.a(_clear_bss.o)
                              Application/POWER/ADC/ADC.o (__do_clear_bss)
c:/program files (x86)/atmel/studio/7.0/toolchain/avr8/avr8-gnu-toolchain/bin/../lib/gcc/avr/5.4.0/avr5\libgcc.a(_muluhisi3.o)
                              c:/program files (x86)/atmel/studio/7.0/toolchain/avr8/avr8-gnu-toolchain/bin/../lib/gcc/avr/5.4.0/avr5\libgcc.a(_mulsi3.o) (__muluhisi3)
c:/program files (x86)/atmel/studio/7.0/toolchain/avr8/avr8-gnu-toolchain/bin/../lib/gcc/avr/5.4.0/avr5\libgcc.a(_prologue.o)
                              c:/program files (x86)/atmel/studio/7.0/toolchain/avr8/avr8-gnu-toolchain/bin/../lib/gcc/avr/5.4.0/../../../../avr/lib/avr5\libprintf_flt.a(vfprintf_flt.o) (__prologue_saves__)
c:/program files (x86)/atmel/studio/7.0/toolchain/avr8/avr8-gnu-toolchain/bin/../lib/gcc/avr/5.4.0/avr5\libgcc.a(_epilogue.o)
                              c:/program files (x86)/atmel/studio/7.0/toolchain/avr8/avr8-gnu-toolchain/bin/../lib/gcc/avr/5.4.0/../../../../avr/lib/avr5\libprintf_flt.a(vfprintf_flt.o) (__epilogue_restores__)
c:/program files (x86)/atmel/studio/7.0/toolchain/avr8/avr8-gnu-toolchain/bin/../lib/gcc/avr/5.4.0/avr5\libgcc.a(_umulhisi3.o)
                              c:/program files (x86)/atmel/studio/7.0/toolchain/avr8/avr8-gnu-toolchain/bin/../lib/gcc/avr/5.4.0/avr5\libgcc.a(_muluhisi3.o) (__umulhisi3)
c:/program files (x86)/atmel/studio/7.0/toolchain/avr8/avr8-gnu-toolchain/bin/../lib/gcc/avr/5.4.0/../../../../avr/lib/avr5\libc.a(atoi.o)
                              CMDLine/command.o (atoi)
c:/program files (x86)/atmel/studio/7.0/toolchain/avr8/avr8-gnu-toolchain/bin/../lib/gcc/avr/5.4.0/../../../../avr/lib/avr5\libc.a(ftoa_engine.o)
                              c:/program files (x86)/atmel/studio/7.0/toolchain/avr8/avr8-gnu-toolchain/bin/../lib/gcc/avr/5.4.0/../../../../avr/lib/avr5\libprintf_flt.a(vfprintf_flt.o) (__ftoa_engine)
c:/program files (x86)/atmel/studio/7.0/toolchain/avr8/avr8-gnu-toolchain/bin/../lib/gcc/avr/5.4.0/../../../../avr/lib/avr5\libc.a(strnlen_P.o)
                              c:/program files (x86)/atmel/studio/7.0/toolchain/avr8/avr8-gnu-toolchain/bin/../lib/gcc/avr/5.4.0/../../../../avr/lib/avr5\libprintf_flt.a(vfprintf_flt.o) (strnlen_P)
c:/program files (x86)/atmel/studio/7.0/toolchain/avr8/avr8-gnu-toolchain/bin/../lib/gcc/avr/5.4.0/../../../../avr/lib/avr5\libc.a(strcmp.o)
                              CMDLine/cmdline.o (strcmp)
c:/program files (x86)/atmel/studio/7.0/toolchain/avr8/avr8-gnu-toolchain/bin/../lib/gcc/avr/5.4.0/../../../../avr/lib/avr5\libc.a(strnlen.o)
                              c:/program files (x86)/atmel/studio/7.0/toolchain/avr8/avr8-gnu-toolchain/bin/../lib/gcc/avr/5.4.0/../../../../avr/lib/avr5\libprintf_flt.a(vfprintf_flt.o) (strnlen)
c:/program files (x86)/atmel/studio/7.0/toolchain/avr8/avr8-gnu-toolchain/bin/../lib/gcc/avr/5.4.0/../../../../avr/lib/avr5\libc.a(mul10.o)
                              c:/program files (x86)/atmel/studio/7.0/toolchain/avr8/avr8-gnu-toolchain/bin/../lib/gcc/avr/5.4.0/../../../../avr/lib/avr5\libc.a(atoi.o) (__mulhi_const_10)
c:/program files (x86)/atmel/studio/7.0/toolchain/avr8/avr8-gnu-toolchain/bin/../lib/gcc/avr/5.4.0/../../../../avr/lib/avr5\libc.a(fputc.o)
                              c:/program files (x86)/atmel/studio/7.0/toolchain/avr8/avr8-gnu-toolchain/bin/../lib/gcc/avr/5.4.0/../../../../avr/lib/avr5\libprintf_flt.a(vfprintf_flt.o) (fputc)
c:/program files (x86)/atmel/studio/7.0/toolchain/avr8/avr8-gnu-toolchain/bin/../lib/gcc/avr/5.4.0/../../../../avr/lib/avr5\libc.a(sprintf.o)
                              CMDLine/command.o (sprintf)
c:/program files (x86)/atmel/studio/7.0/toolchain/avr8/avr8-gnu-toolchain/bin/../lib/gcc/avr/5.4.0/../../../../avr/lib/avr5\libc.a(ultoa_invert.o)
                              c:/program files (x86)/atmel/studio/7.0/toolchain/avr8/avr8-gnu-toolchain/bin/../lib/gcc/avr/5.4.0/../../../../avr/lib/avr5\libprintf_flt.a(vfprintf_flt.o) (__ultoa_invert)

Allocating common symbols
Common symbol       size              file

s_SystemTick        0x2               Scheduler/scheduler.o
CHANNEL_STATUS_TABLE
                    0x13              Application/POWER/POWER_IO/POWER_IO.o
UART1_meta          0x108             BSP/UART/uart.o
s_SoftTimers        0x4               Scheduler/scheduler.o
fsp_my_adr          0x1               ThirdParty/libsfp/fsp.o
UART0_meta          0x108             BSP/UART/uart.o
ADC_data            0x75              Application/POWER/ADC/ADC.o
kk                  0x1               Application/POWER/ADC/ADC.o
PDU_Status          0x1               Application/POWER/POWER_IO/POWER_IO.o

Discarded input sections

 .data          0x00000000        0x0 C:/Program Files (x86)/Atmel/Studio/7.0/Packs/atmel/ATmega_DFP/1.7.374/gcc/dev/atmega64/avr5/crtatmega64.o
 .bss           0x00000000        0x0 C:/Program Files (x86)/Atmel/Studio/7.0/Packs/atmel/ATmega_DFP/1.7.374/gcc/dev/atmega64/avr5/crtatmega64.o
 .text          0x00000000        0x0 Application/PDU_INT/PDU_INT.o
 .data          0x00000000        0x0 Application/PDU_INT/PDU_INT.o
 .bss           0x00000000        0x0 Application/PDU_INT/PDU_INT.o
 .text          0x00000000        0x0 Application/POWER/ADC/ADC.o
 .data          0x00000000        0x0 Application/POWER/ADC/ADC.o
 .bss           0x00000000        0x0 Application/POWER/ADC/ADC.o
 .text.get_raw  0x00000000       0x2c Application/POWER/ADC/ADC.o
 .text.ADC_Interrupt_En
                0x00000000        0x8 Application/POWER/ADC/ADC.o
 .text.ADC_Interrupt_Dis
                0x00000000        0x8 Application/POWER/ADC/ADC.o
 .text.ADC_Start_Convert
                0x00000000        0x8 Application/POWER/ADC/ADC.o
 .text          0x00000000        0x0 Application/ANALOG_MUX/HC4067.o
 .data          0x00000000        0x0 Application/ANALOG_MUX/HC4067.o
 .bss           0x00000000        0x0 Application/ANALOG_MUX/HC4067.o
 .text          0x00000000        0x0 Application/COPC/COPC.o
 .data          0x00000000        0x0 Application/COPC/COPC.o
 .bss           0x00000000        0x0 Application/COPC/COPC.o
 .text.ACK_answer
                0x00000000       0x4e Application/COPC/COPC.o
 .text          0x00000000        0x0 Application/LED/status_led.o
 .data          0x00000000        0x0 Application/LED/status_led.o
 .bss           0x00000000        0x0 Application/LED/status_led.o
 .text          0x00000000        0x0 Application/main.o
 .data          0x00000000        0x0 Application/main.o
 .bss           0x00000000        0x0 Application/main.o
 .text          0x00000000        0x0 Application/POWER/POWER_IO/POWER_IO.o
 .data          0x00000000        0x0 Application/POWER/POWER_IO/POWER_IO.o
 .bss           0x00000000        0x0 Application/POWER/POWER_IO/POWER_IO.o
 .text.HDRM_On  0x00000000        0x8 Application/POWER/POWER_IO/POWER_IO.o
 .text.HDRM_Off
                0x00000000        0x8 Application/POWER/POWER_IO/POWER_IO.o
 .text          0x00000000        0x0 Application/WDT/watchdog.o
 .data          0x00000000        0x0 Application/WDT/watchdog.o
 .bss           0x00000000        0x0 Application/WDT/watchdog.o
 .text          0x00000000        0x0 BSP/ADC/AD.o
 .data          0x00000000        0x0 BSP/ADC/AD.o
 .bss           0x00000000        0x0 BSP/ADC/AD.o
 .text.init_adc
                0x00000000        0x8 BSP/ADC/AD.o
 .text.adc_read
                0x00000000       0x26 BSP/ADC/AD.o
 .text.voltage  0x00000000       0x1c BSP/ADC/AD.o
 .debug_info    0x00000000      0x102 BSP/ADC/AD.o
 .debug_abbrev  0x00000000       0xaf BSP/ADC/AD.o
 .debug_loc     0x00000000       0x42 BSP/ADC/AD.o
 .debug_aranges
                0x00000000       0x30 BSP/ADC/AD.o
 .debug_ranges  0x00000000       0x20 BSP/ADC/AD.o
 .debug_line    0x00000000       0xfd BSP/ADC/AD.o
 .debug_str     0x00000000      0x198 BSP/ADC/AD.o
 .comment       0x00000000       0x31 BSP/ADC/AD.o
 .debug_frame   0x00000000       0x44 BSP/ADC/AD.o
 .text          0x00000000        0x0 BSP/TIMER/SPI/spi.o
 .data          0x00000000        0x0 BSP/TIMER/SPI/spi.o
 .bss           0x00000000        0x0 BSP/TIMER/SPI/spi.o
 .text.SPI_Init
                0x00000000       0x14 BSP/TIMER/SPI/spi.o
 .text.SPI_SendByte
                0x00000000        0xa BSP/TIMER/SPI/spi.o
 .text.SPI_ReadByte
                0x00000000        0xc BSP/TIMER/SPI/spi.o
 .debug_info    0x00000000       0xcb BSP/TIMER/SPI/spi.o
 .debug_abbrev  0x00000000       0x96 BSP/TIMER/SPI/spi.o
 .debug_loc     0x00000000       0x1f BSP/TIMER/SPI/spi.o
 .debug_aranges
                0x00000000       0x30 BSP/TIMER/SPI/spi.o
 .debug_ranges  0x00000000       0x20 BSP/TIMER/SPI/spi.o
 .debug_line    0x00000000      0x110 BSP/TIMER/SPI/spi.o
 .debug_str     0x00000000      0x195 BSP/TIMER/SPI/spi.o
 .comment       0x00000000       0x31 BSP/TIMER/SPI/spi.o
 .debug_frame   0x00000000       0x44 BSP/TIMER/SPI/spi.o
 .text          0x00000000        0x0 BSP/TIMER/timer.o
 .data          0x00000000        0x0 BSP/TIMER/timer.o
 .bss           0x00000000        0x0 BSP/TIMER/timer.o
 .text.timer_stop_timer0
                0x00000000        0x8 BSP/TIMER/timer.o
 .text          0x00000000        0x0 BSP/TWI/i2c.o
 .data          0x00000000        0x0 BSP/TWI/i2c.o
 .bss           0x00000000        0x0 BSP/TWI/i2c.o
 .text.i2c_wait
                0x00000000        0xa BSP/TWI/i2c.o
 .text.i2c_init
                0x00000000        0xe BSP/TWI/i2c.o
 .text.i2c_init_with_pullups
                0x00000000       0x12 BSP/TWI/i2c.o
 .text.i2c_uninit
                0x00000000        0xc BSP/TWI/i2c.o
 .text.i2c_start
                0x00000000       0x1a BSP/TWI/i2c.o
 .text.i2c_restart
                0x00000000       0x1a BSP/TWI/i2c.o
 .text.i2c_stop
                0x00000000       0x12 BSP/TWI/i2c.o
 .text.i2c_addr
                0x00000000       0x36 BSP/TWI/i2c.o
 .text.i2c_tx_byte
                0x00000000       0x1e BSP/TWI/i2c.o
 .text.i2c_tx_data
                0x00000000       0x42 BSP/TWI/i2c.o
 .text.i2c_rx_byte
                0x00000000       0x2a BSP/TWI/i2c.o
 .text.i2c_rx_last
                0x00000000       0x2a BSP/TWI/i2c.o
 .text.i2c_rx_data
                0x00000000       0x5a BSP/TWI/i2c.o
 .debug_info    0x00000000      0x310 BSP/TWI/i2c.o
 .debug_abbrev  0x00000000      0x159 BSP/TWI/i2c.o
 .debug_loc     0x00000000      0x37f BSP/TWI/i2c.o
 .debug_aranges
                0x00000000       0x80 BSP/TWI/i2c.o
 .debug_ranges  0x00000000       0x70 BSP/TWI/i2c.o
 .debug_line    0x00000000      0x353 BSP/TWI/i2c.o
 .debug_str     0x00000000      0x21b BSP/TWI/i2c.o
 .comment       0x00000000       0x31 BSP/TWI/i2c.o
 .debug_frame   0x00000000      0x144 BSP/TWI/i2c.o
 .text          0x00000000        0x0 BSP/UART/uart.o
 .data          0x00000000        0x0 BSP/UART/uart.o
 .bss           0x00000000        0x0 BSP/UART/uart.o
 .text.rbuffer_count
                0x00000000        0xa BSP/UART/uart.o
 .text.usart0_send_string
                0x00000000       0x1a BSP/UART/uart.o
 .text.usart0_send_string_P
                0x00000000       0x1e BSP/UART/uart.o
 .text.usart0_rx_count
                0x00000000        0xe BSP/UART/uart.o
 .text.usart0_read_char
                0x00000000       0x5a BSP/UART/uart.o
 .text.usart0_close
                0x00000000       0x3c BSP/UART/uart.o
 .text.usart1_send_array
                0x00000000       0x2e BSP/UART/uart.o
 .text.usart1_rx_count
                0x00000000        0xe BSP/UART/uart.o
 .text.usart1_read_char
                0x00000000       0x5a BSP/UART/uart.o
 .text.usart1_close
                0x00000000       0x44 BSP/UART/uart.o
 .rodata.str1.1
                0x00000000       0x19 BSP/UART/uart.o
 .text.UARTvprintf
                0x00000000      0x5d4 BSP/UART/uart.o
 .progmem.gcc_sw_table.UARTvprintf
                0x00000000       0xa8 BSP/UART/uart.o
 .text.UARTprintf
                0x00000000       0x20 BSP/UART/uart.o
 .text          0x00000000        0x0 CMDLine/cmdline.o
 .data          0x00000000        0x0 CMDLine/cmdline.o
 .bss           0x00000000        0x0 CMDLine/cmdline.o
 .text          0x00000000        0x0 CMDLine/command.o
 .data          0x00000000        0x0 CMDLine/command.o
 .bss           0x00000000        0x0 CMDLine/command.o
 .text.Cmd_TEC_disable
                0x00000000       0x30 CMDLine/command.o
 .text.Cmd_TEC_disable_auto_control
                0x00000000       0x30 CMDLine/command.o
 .text          0x00000000        0x0 Scheduler/scheduler.o
 .data          0x00000000        0x0 Scheduler/scheduler.o
 .bss           0x00000000        0x0 Scheduler/scheduler.o
 .text.SCH_TASK_ResumeTask
                0x00000000       0x28 Scheduler/scheduler.o
 .text.SCH_TASK_StopTask
                0x00000000       0x26 Scheduler/scheduler.o
 .text.SCH_TIM_CreateTimer
                0x00000000       0x62 Scheduler/scheduler.o
 .text.SCH_TIM_RestartTimer
                0x00000000       0x34 Scheduler/scheduler.o
 .text.SCH_TIM_StopTimer
                0x00000000       0x26 Scheduler/scheduler.o
 .text.SCH_StopSchedular
                0x00000000       0x30 Scheduler/scheduler.o
 .text.SCH_SystemTick
                0x00000000        0xa Scheduler/scheduler.o
 .text          0x00000000        0x0 ThirdParty/libsfp/crc16.o
 .data          0x00000000        0x0 ThirdParty/libsfp/crc16.o
 .bss           0x00000000        0x0 ThirdParty/libsfp/crc16.o
 .text          0x00000000        0x0 ThirdParty/libsfp/fsp.o
 .data          0x00000000        0x0 ThirdParty/libsfp/fsp.o
 .bss           0x00000000        0x0 ThirdParty/libsfp/fsp.o
 .text.fsp_reset
                0x00000000        0x6 ThirdParty/libsfp/fsp.o
 .text.fsp_gen_data_pkt
                0x00000000       0x3c ThirdParty/libsfp/fsp.o
 .text.fsp_gen_cmd_pkt
                0x00000000       0x4e ThirdParty/libsfp/fsp.o
 .text.fsp_gen_ack_pkt
                0x00000000       0x22 ThirdParty/libsfp/fsp.o
 .text.fsp_gen_nack_pkt
                0x00000000       0x22 ThirdParty/libsfp/fsp.o
 .text          0x00000000        0x0 c:/program files (x86)/atmel/studio/7.0/toolchain/avr8/avr8-gnu-toolchain/bin/../lib/gcc/avr/5.4.0/../../../../avr/lib/avr5\libm.a(addsf3.o)
 .data          0x00000000        0x0 c:/program files (x86)/atmel/studio/7.0/toolchain/avr8/avr8-gnu-toolchain/bin/../lib/gcc/avr/5.4.0/../../../../avr/lib/avr5\libm.a(addsf3.o)
 .bss           0x00000000        0x0 c:/program files (x86)/atmel/studio/7.0/toolchain/avr8/avr8-gnu-toolchain/bin/../lib/gcc/avr/5.4.0/../../../../avr/lib/avr5\libm.a(addsf3.o)
 .text          0x00000000        0x0 c:/program files (x86)/atmel/studio/7.0/toolchain/avr8/avr8-gnu-toolchain/bin/../lib/gcc/avr/5.4.0/../../../../avr/lib/avr5\libm.a(addsf3x.o)
 .data          0x00000000        0x0 c:/program files (x86)/atmel/studio/7.0/toolchain/avr8/avr8-gnu-toolchain/bin/../lib/gcc/avr/5.4.0/../../../../avr/lib/avr5\libm.a(addsf3x.o)
 .bss           0x00000000        0x0 c:/program files (x86)/atmel/studio/7.0/toolchain/avr8/avr8-gnu-toolchain/bin/../lib/gcc/avr/5.4.0/../../../../avr/lib/avr5\libm.a(addsf3x.o)
 .text          0x00000000        0x0 c:/program files (x86)/atmel/studio/7.0/toolchain/avr8/avr8-gnu-toolchain/bin/../lib/gcc/avr/5.4.0/../../../../avr/lib/avr5\libm.a(fixunssfsi.o)
 .data          0x00000000        0x0 c:/program files (x86)/atmel/studio/7.0/toolchain/avr8/avr8-gnu-toolchain/bin/../lib/gcc/avr/5.4.0/../../../../avr/lib/avr5\libm.a(fixunssfsi.o)
 .bss           0x00000000        0x0 c:/program files (x86)/atmel/studio/7.0/toolchain/avr8/avr8-gnu-toolchain/bin/../lib/gcc/avr/5.4.0/../../../../avr/lib/avr5\libm.a(fixunssfsi.o)
 .text          0x00000000        0x0 c:/program files (x86)/atmel/studio/7.0/toolchain/avr8/avr8-gnu-toolchain/bin/../lib/gcc/avr/5.4.0/../../../../avr/lib/avr5\libm.a(floatsisf.o)
 .data          0x00000000        0x0 c:/program files (x86)/atmel/studio/7.0/toolchain/avr8/avr8-gnu-toolchain/bin/../lib/gcc/avr/5.4.0/../../../../avr/lib/avr5\libm.a(floatsisf.o)
 .bss           0x00000000        0x0 c:/program files (x86)/atmel/studio/7.0/toolchain/avr8/avr8-gnu-toolchain/bin/../lib/gcc/avr/5.4.0/../../../../avr/lib/avr5\libm.a(floatsisf.o)
 .text          0x00000000        0x0 c:/program files (x86)/atmel/studio/7.0/toolchain/avr8/avr8-gnu-toolchain/bin/../lib/gcc/avr/5.4.0/../../../../avr/lib/avr5\libm.a(fp_inf.o)
 .data          0x00000000        0x0 c:/program files (x86)/atmel/studio/7.0/toolchain/avr8/avr8-gnu-toolchain/bin/../lib/gcc/avr/5.4.0/../../../../avr/lib/avr5\libm.a(fp_inf.o)
 .bss           0x00000000        0x0 c:/program files (x86)/atmel/studio/7.0/toolchain/avr8/avr8-gnu-toolchain/bin/../lib/gcc/avr/5.4.0/../../../../avr/lib/avr5\libm.a(fp_inf.o)
 .text          0x00000000        0x0 c:/program files (x86)/atmel/studio/7.0/toolchain/avr8/avr8-gnu-toolchain/bin/../lib/gcc/avr/5.4.0/../../../../avr/lib/avr5\libm.a(fp_nan.o)
 .data          0x00000000        0x0 c:/program files (x86)/atmel/studio/7.0/toolchain/avr8/avr8-gnu-toolchain/bin/../lib/gcc/avr/5.4.0/../../../../avr/lib/avr5\libm.a(fp_nan.o)
 .bss           0x00000000        0x0 c:/program files (x86)/atmel/studio/7.0/toolchain/avr8/avr8-gnu-toolchain/bin/../lib/gcc/avr/5.4.0/../../../../avr/lib/avr5\libm.a(fp_nan.o)
 .text          0x00000000        0x0 c:/program files (x86)/atmel/studio/7.0/toolchain/avr8/avr8-gnu-toolchain/bin/../lib/gcc/avr/5.4.0/../../../../avr/lib/avr5\libm.a(fp_pscA.o)
 .data          0x00000000        0x0 c:/program files (x86)/atmel/studio/7.0/toolchain/avr8/avr8-gnu-toolchain/bin/../lib/gcc/avr/5.4.0/../../../../avr/lib/avr5\libm.a(fp_pscA.o)
 .bss           0x00000000        0x0 c:/program files (x86)/atmel/studio/7.0/toolchain/avr8/avr8-gnu-toolchain/bin/../lib/gcc/avr/5.4.0/../../../../avr/lib/avr5\libm.a(fp_pscA.o)
 .text          0x00000000        0x0 c:/program files (x86)/atmel/studio/7.0/toolchain/avr8/avr8-gnu-toolchain/bin/../lib/gcc/avr/5.4.0/../../../../avr/lib/avr5\libm.a(fp_pscB.o)
 .data          0x00000000        0x0 c:/program files (x86)/atmel/studio/7.0/toolchain/avr8/avr8-gnu-toolchain/bin/../lib/gcc/avr/5.4.0/../../../../avr/lib/avr5\libm.a(fp_pscB.o)
 .bss           0x00000000        0x0 c:/program files (x86)/atmel/studio/7.0/toolchain/avr8/avr8-gnu-toolchain/bin/../lib/gcc/avr/5.4.0/../../../../avr/lib/avr5\libm.a(fp_pscB.o)
 .text          0x00000000        0x0 c:/program files (x86)/atmel/studio/7.0/toolchain/avr8/avr8-gnu-toolchain/bin/../lib/gcc/avr/5.4.0/../../../../avr/lib/avr5\libm.a(fp_round.o)
 .data          0x00000000        0x0 c:/program files (x86)/atmel/studio/7.0/toolchain/avr8/avr8-gnu-toolchain/bin/../lib/gcc/avr/5.4.0/../../../../avr/lib/avr5\libm.a(fp_round.o)
 .bss           0x00000000        0x0 c:/program files (x86)/atmel/studio/7.0/toolchain/avr8/avr8-gnu-toolchain/bin/../lib/gcc/avr/5.4.0/../../../../avr/lib/avr5\libm.a(fp_round.o)
 .text          0x00000000        0x0 c:/program files (x86)/atmel/studio/7.0/toolchain/avr8/avr8-gnu-toolchain/bin/../lib/gcc/avr/5.4.0/../../../../avr/lib/avr5\libm.a(fp_split3.o)
 .data          0x00000000        0x0 c:/program files (x86)/atmel/studio/7.0/toolchain/avr8/avr8-gnu-toolchain/bin/../lib/gcc/avr/5.4.0/../../../../avr/lib/avr5\libm.a(fp_split3.o)
 .bss           0x00000000        0x0 c:/program files (x86)/atmel/studio/7.0/toolchain/avr8/avr8-gnu-toolchain/bin/../lib/gcc/avr/5.4.0/../../../../avr/lib/avr5\libm.a(fp_split3.o)
 .text          0x00000000        0x0 c:/program files (x86)/atmel/studio/7.0/toolchain/avr8/avr8-gnu-toolchain/bin/../lib/gcc/avr/5.4.0/../../../../avr/lib/avr5\libm.a(fp_zero.o)
 .data          0x00000000        0x0 c:/program files (x86)/atmel/studio/7.0/toolchain/avr8/avr8-gnu-toolchain/bin/../lib/gcc/avr/5.4.0/../../../../avr/lib/avr5\libm.a(fp_zero.o)
 .bss           0x00000000        0x0 c:/program files (x86)/atmel/studio/7.0/toolchain/avr8/avr8-gnu-toolchain/bin/../lib/gcc/avr/5.4.0/../../../../avr/lib/avr5\libm.a(fp_zero.o)
 .text          0x00000000        0x0 c:/program files (x86)/atmel/studio/7.0/toolchain/avr8/avr8-gnu-toolchain/bin/../lib/gcc/avr/5.4.0/../../../../avr/lib/avr5\libm.a(mulsf3.o)
 .data          0x00000000        0x0 c:/program files (x86)/atmel/studio/7.0/toolchain/avr8/avr8-gnu-toolchain/bin/../lib/gcc/avr/5.4.0/../../../../avr/lib/avr5\libm.a(mulsf3.o)
 .bss           0x00000000        0x0 c:/program files (x86)/atmel/studio/7.0/toolchain/avr8/avr8-gnu-toolchain/bin/../lib/gcc/avr/5.4.0/../../../../avr/lib/avr5\libm.a(mulsf3.o)
 .text          0x00000000        0x0 c:/program files (x86)/atmel/studio/7.0/toolchain/avr8/avr8-gnu-toolchain/bin/../lib/gcc/avr/5.4.0/../../../../avr/lib/avr5\libm.a(mulsf3x.o)
 .data          0x00000000        0x0 c:/program files (x86)/atmel/studio/7.0/toolchain/avr8/avr8-gnu-toolchain/bin/../lib/gcc/avr/5.4.0/../../../../avr/lib/avr5\libm.a(mulsf3x.o)
 .bss           0x00000000        0x0 c:/program files (x86)/atmel/studio/7.0/toolchain/avr8/avr8-gnu-toolchain/bin/../lib/gcc/avr/5.4.0/../../../../avr/lib/avr5\libm.a(mulsf3x.o)
 .text          0x00000000        0x0 c:/program files (x86)/atmel/studio/7.0/toolchain/avr8/avr8-gnu-toolchain/bin/../lib/gcc/avr/5.4.0/../../../../avr/lib/avr5\libprintf_flt.a(vfprintf_flt.o)
 .data          0x00000000        0x0 c:/program files (x86)/atmel/studio/7.0/toolchain/avr8/avr8-gnu-toolchain/bin/../lib/gcc/avr/5.4.0/../../../../avr/lib/avr5\libprintf_flt.a(vfprintf_flt.o)
 .bss           0x00000000        0x0 c:/program files (x86)/atmel/studio/7.0/toolchain/avr8/avr8-gnu-toolchain/bin/../lib/gcc/avr/5.4.0/../../../../avr/lib/avr5\libprintf_flt.a(vfprintf_flt.o)
 .text          0x00000000        0x0 c:/program files (x86)/atmel/studio/7.0/toolchain/avr8/avr8-gnu-toolchain/bin/../lib/gcc/avr/5.4.0/avr5\libgcc.a(_mulsi3.o)
 .data          0x00000000        0x0 c:/program files (x86)/atmel/studio/7.0/toolchain/avr8/avr8-gnu-toolchain/bin/../lib/gcc/avr/5.4.0/avr5\libgcc.a(_mulsi3.o)
 .bss           0x00000000        0x0 c:/program files (x86)/atmel/studio/7.0/toolchain/avr8/avr8-gnu-toolchain/bin/../lib/gcc/avr/5.4.0/avr5\libgcc.a(_mulsi3.o)
 .text.libgcc.mul
                0x00000000       0x20 c:/program files (x86)/atmel/studio/7.0/toolchain/avr8/avr8-gnu-toolchain/bin/../lib/gcc/avr/5.4.0/avr5\libgcc.a(_mulsi3.o)
 .text.libgcc.div
                0x00000000        0x0 c:/program files (x86)/atmel/studio/7.0/toolchain/avr8/avr8-gnu-toolchain/bin/../lib/gcc/avr/5.4.0/avr5\libgcc.a(_mulsi3.o)
 .text.libgcc   0x00000000        0x0 c:/program files (x86)/atmel/studio/7.0/toolchain/avr8/avr8-gnu-toolchain/bin/../lib/gcc/avr/5.4.0/avr5\libgcc.a(_mulsi3.o)
 .text.libgcc.prologue
                0x00000000        0x0 c:/program files (x86)/atmel/studio/7.0/toolchain/avr8/avr8-gnu-toolchain/bin/../lib/gcc/avr/5.4.0/avr5\libgcc.a(_mulsi3.o)
 .text.libgcc.builtins
                0x00000000        0x0 c:/program files (x86)/atmel/studio/7.0/toolchain/avr8/avr8-gnu-toolchain/bin/../lib/gcc/avr/5.4.0/avr5\libgcc.a(_mulsi3.o)
 .text.libgcc.fmul
                0x00000000        0x0 c:/program files (x86)/atmel/studio/7.0/toolchain/avr8/avr8-gnu-toolchain/bin/../lib/gcc/avr/5.4.0/avr5\libgcc.a(_mulsi3.o)
 .text.libgcc.fixed
                0x00000000        0x0 c:/program files (x86)/atmel/studio/7.0/toolchain/avr8/avr8-gnu-toolchain/bin/../lib/gcc/avr/5.4.0/avr5\libgcc.a(_mulsi3.o)
 .text          0x00000000        0x0 c:/program files (x86)/atmel/studio/7.0/toolchain/avr8/avr8-gnu-toolchain/bin/../lib/gcc/avr/5.4.0/avr5\libgcc.a(_udivmodsi4.o)
 .data          0x00000000        0x0 c:/program files (x86)/atmel/studio/7.0/toolchain/avr8/avr8-gnu-toolchain/bin/../lib/gcc/avr/5.4.0/avr5\libgcc.a(_udivmodsi4.o)
 .bss           0x00000000        0x0 c:/program files (x86)/atmel/studio/7.0/toolchain/avr8/avr8-gnu-toolchain/bin/../lib/gcc/avr/5.4.0/avr5\libgcc.a(_udivmodsi4.o)
 .text.libgcc.mul
                0x00000000        0x0 c:/program files (x86)/atmel/studio/7.0/toolchain/avr8/avr8-gnu-toolchain/bin/../lib/gcc/avr/5.4.0/avr5\libgcc.a(_udivmodsi4.o)
 .text.libgcc.div
                0x00000000       0x44 c:/program files (x86)/atmel/studio/7.0/toolchain/avr8/avr8-gnu-toolchain/bin/../lib/gcc/avr/5.4.0/avr5\libgcc.a(_udivmodsi4.o)
 .text.libgcc   0x00000000        0x0 c:/program files (x86)/atmel/studio/7.0/toolchain/avr8/avr8-gnu-toolchain/bin/../lib/gcc/avr/5.4.0/avr5\libgcc.a(_udivmodsi4.o)
 .text.libgcc.prologue
                0x00000000        0x0 c:/program files (x86)/atmel/studio/7.0/toolchain/avr8/avr8-gnu-toolchain/bin/../lib/gcc/avr/5.4.0/avr5\libgcc.a(_udivmodsi4.o)
 .text.libgcc.builtins
                0x00000000        0x0 c:/program files (x86)/atmel/studio/7.0/toolchain/avr8/avr8-gnu-toolchain/bin/../lib/gcc/avr/5.4.0/avr5\libgcc.a(_udivmodsi4.o)
 .text.libgcc.fmul
                0x00000000        0x0 c:/program files (x86)/atmel/studio/7.0/toolchain/avr8/avr8-gnu-toolchain/bin/../lib/gcc/avr/5.4.0/avr5\libgcc.a(_udivmodsi4.o)
 .text.libgcc.fixed
                0x00000000        0x0 c:/program files (x86)/atmel/studio/7.0/toolchain/avr8/avr8-gnu-toolchain/bin/../lib/gcc/avr/5.4.0/avr5\libgcc.a(_udivmodsi4.o)
 .text          0x00000000        0x0 c:/program files (x86)/atmel/studio/7.0/toolchain/avr8/avr8-gnu-toolchain/bin/../lib/gcc/avr/5.4.0/avr5\libgcc.a(_exit.o)
 .data          0x00000000        0x0 c:/program files (x86)/atmel/studio/7.0/toolchain/avr8/avr8-gnu-toolchain/bin/../lib/gcc/avr/5.4.0/avr5\libgcc.a(_exit.o)
 .bss           0x00000000        0x0 c:/program files (x86)/atmel/studio/7.0/toolchain/avr8/avr8-gnu-toolchain/bin/../lib/gcc/avr/5.4.0/avr5\libgcc.a(_exit.o)
 .text.libgcc.mul
                0x00000000        0x0 c:/program files (x86)/atmel/studio/7.0/toolchain/avr8/avr8-gnu-toolchain/bin/../lib/gcc/avr/5.4.0/avr5\libgcc.a(_exit.o)
 .text.libgcc.div
                0x00000000        0x0 c:/program files (x86)/atmel/studio/7.0/toolchain/avr8/avr8-gnu-toolchain/bin/../lib/gcc/avr/5.4.0/avr5\libgcc.a(_exit.o)
 .text.libgcc   0x00000000        0x0 c:/program files (x86)/atmel/studio/7.0/toolchain/avr8/avr8-gnu-toolchain/bin/../lib/gcc/avr/5.4.0/avr5\libgcc.a(_exit.o)
 .text.libgcc.prologue
                0x00000000        0x0 c:/program files (x86)/atmel/studio/7.0/toolchain/avr8/avr8-gnu-toolchain/bin/../lib/gcc/avr/5.4.0/avr5\libgcc.a(_exit.o)
 .text.libgcc.builtins
                0x00000000        0x0 c:/program files (x86)/atmel/studio/7.0/toolchain/avr8/avr8-gnu-toolchain/bin/../lib/gcc/avr/5.4.0/avr5\libgcc.a(_exit.o)
 .text.libgcc.fmul
                0x00000000        0x0 c:/program files (x86)/atmel/studio/7.0/toolchain/avr8/avr8-gnu-toolchain/bin/../lib/gcc/avr/5.4.0/avr5\libgcc.a(_exit.o)
 .text.libgcc.fixed
                0x00000000        0x0 c:/program files (x86)/atmel/studio/7.0/toolchain/avr8/avr8-gnu-toolchain/bin/../lib/gcc/avr/5.4.0/avr5\libgcc.a(_exit.o)
 .text          0x00000000        0x0 c:/program files (x86)/atmel/studio/7.0/toolchain/avr8/avr8-gnu-toolchain/bin/../lib/gcc/avr/5.4.0/avr5\libgcc.a(_tablejump2.o)
 .data          0x00000000        0x0 c:/program files (x86)/atmel/studio/7.0/toolchain/avr8/avr8-gnu-toolchain/bin/../lib/gcc/avr/5.4.0/avr5\libgcc.a(_tablejump2.o)
 .bss           0x00000000        0x0 c:/program files (x86)/atmel/studio/7.0/toolchain/avr8/avr8-gnu-toolchain/bin/../lib/gcc/avr/5.4.0/avr5\libgcc.a(_tablejump2.o)
 .text.libgcc.mul
                0x00000000        0x0 c:/program files (x86)/atmel/studio/7.0/toolchain/avr8/avr8-gnu-toolchain/bin/../lib/gcc/avr/5.4.0/avr5\libgcc.a(_tablejump2.o)
 .text.libgcc.div
                0x00000000        0x0 c:/program files (x86)/atmel/studio/7.0/toolchain/avr8/avr8-gnu-toolchain/bin/../lib/gcc/avr/5.4.0/avr5\libgcc.a(_tablejump2.o)
 .text.libgcc   0x00000000        0xc c:/program files (x86)/atmel/studio/7.0/toolchain/avr8/avr8-gnu-toolchain/bin/../lib/gcc/avr/5.4.0/avr5\libgcc.a(_tablejump2.o)
 .text.libgcc.prologue
                0x00000000        0x0 c:/program files (x86)/atmel/studio/7.0/toolchain/avr8/avr8-gnu-toolchain/bin/../lib/gcc/avr/5.4.0/avr5\libgcc.a(_tablejump2.o)
 .text.libgcc.builtins
                0x00000000        0x0 c:/program files (x86)/atmel/studio/7.0/toolchain/avr8/avr8-gnu-toolchain/bin/../lib/gcc/avr/5.4.0/avr5\libgcc.a(_tablejump2.o)
 .text.libgcc.fmul
                0x00000000        0x0 c:/program files (x86)/atmel/studio/7.0/toolchain/avr8/avr8-gnu-toolchain/bin/../lib/gcc/avr/5.4.0/avr5\libgcc.a(_tablejump2.o)
 .text.libgcc.fixed
                0x00000000        0x0 c:/program files (x86)/atmel/studio/7.0/toolchain/avr8/avr8-gnu-toolchain/bin/../lib/gcc/avr/5.4.0/avr5\libgcc.a(_tablejump2.o)
 .text          0x00000000        0x0 c:/program files (x86)/atmel/studio/7.0/toolchain/avr8/avr8-gnu-toolchain/bin/../lib/gcc/avr/5.4.0/avr5\libgcc.a(_copy_data.o)
 .data          0x00000000        0x0 c:/program files (x86)/atmel/studio/7.0/toolchain/avr8/avr8-gnu-toolchain/bin/../lib/gcc/avr/5.4.0/avr5\libgcc.a(_copy_data.o)
 .bss           0x00000000        0x0 c:/program files (x86)/atmel/studio/7.0/toolchain/avr8/avr8-gnu-toolchain/bin/../lib/gcc/avr/5.4.0/avr5\libgcc.a(_copy_data.o)
 .text.libgcc.mul
                0x00000000        0x0 c:/program files (x86)/atmel/studio/7.0/toolchain/avr8/avr8-gnu-toolchain/bin/../lib/gcc/avr/5.4.0/avr5\libgcc.a(_copy_data.o)
 .text.libgcc.div
                0x00000000        0x0 c:/program files (x86)/atmel/studio/7.0/toolchain/avr8/avr8-gnu-toolchain/bin/../lib/gcc/avr/5.4.0/avr5\libgcc.a(_copy_data.o)
 .text.libgcc   0x00000000        0x0 c:/program files (x86)/atmel/studio/7.0/toolchain/avr8/avr8-gnu-toolchain/bin/../lib/gcc/avr/5.4.0/avr5\libgcc.a(_copy_data.o)
 .text.libgcc.prologue
                0x00000000        0x0 c:/program files (x86)/atmel/studio/7.0/toolchain/avr8/avr8-gnu-toolchain/bin/../lib/gcc/avr/5.4.0/avr5\libgcc.a(_copy_data.o)
 .text.libgcc.builtins
                0x00000000        0x0 c:/program files (x86)/atmel/studio/7.0/toolchain/avr8/avr8-gnu-toolchain/bin/../lib/gcc/avr/5.4.0/avr5\libgcc.a(_copy_data.o)
 .text.libgcc.fmul
                0x00000000        0x0 c:/program files (x86)/atmel/studio/7.0/toolchain/avr8/avr8-gnu-toolchain/bin/../lib/gcc/avr/5.4.0/avr5\libgcc.a(_copy_data.o)
 .text.libgcc.fixed
                0x00000000        0x0 c:/program files (x86)/atmel/studio/7.0/toolchain/avr8/avr8-gnu-toolchain/bin/../lib/gcc/avr/5.4.0/avr5\libgcc.a(_copy_data.o)
 .text          0x00000000        0x0 c:/program files (x86)/atmel/studio/7.0/toolchain/avr8/avr8-gnu-toolchain/bin/../lib/gcc/avr/5.4.0/avr5\libgcc.a(_clear_bss.o)
 .data          0x00000000        0x0 c:/program files (x86)/atmel/studio/7.0/toolchain/avr8/avr8-gnu-toolchain/bin/../lib/gcc/avr/5.4.0/avr5\libgcc.a(_clear_bss.o)
 .bss           0x00000000        0x0 c:/program files (x86)/atmel/studio/7.0/toolchain/avr8/avr8-gnu-toolchain/bin/../lib/gcc/avr/5.4.0/avr5\libgcc.a(_clear_bss.o)
 .text.libgcc.mul
                0x00000000        0x0 c:/program files (x86)/atmel/studio/7.0/toolchain/avr8/avr8-gnu-toolchain/bin/../lib/gcc/avr/5.4.0/avr5\libgcc.a(_clear_bss.o)
 .text.libgcc.div
                0x00000000        0x0 c:/program files (x86)/atmel/studio/7.0/toolchain/avr8/avr8-gnu-toolchain/bin/../lib/gcc/avr/5.4.0/avr5\libgcc.a(_clear_bss.o)
 .text.libgcc   0x00000000        0x0 c:/program files (x86)/atmel/studio/7.0/toolchain/avr8/avr8-gnu-toolchain/bin/../lib/gcc/avr/5.4.0/avr5\libgcc.a(_clear_bss.o)
 .text.libgcc.prologue
                0x00000000        0x0 c:/program files (x86)/atmel/studio/7.0/toolchain/avr8/avr8-gnu-toolchain/bin/../lib/gcc/avr/5.4.0/avr5\libgcc.a(_clear_bss.o)
 .text.libgcc.builtins
                0x00000000        0x0 c:/program files (x86)/atmel/studio/7.0/toolchain/avr8/avr8-gnu-toolchain/bin/../lib/gcc/avr/5.4.0/avr5\libgcc.a(_clear_bss.o)
 .text.libgcc.fmul
                0x00000000        0x0 c:/program files (x86)/atmel/studio/7.0/toolchain/avr8/avr8-gnu-toolchain/bin/../lib/gcc/avr/5.4.0/avr5\libgcc.a(_clear_bss.o)
 .text.libgcc.fixed
                0x00000000        0x0 c:/program files (x86)/atmel/studio/7.0/toolchain/avr8/avr8-gnu-toolchain/bin/../lib/gcc/avr/5.4.0/avr5\libgcc.a(_clear_bss.o)
 .text          0x00000000        0x0 c:/program files (x86)/atmel/studio/7.0/toolchain/avr8/avr8-gnu-toolchain/bin/../lib/gcc/avr/5.4.0/avr5\libgcc.a(_muluhisi3.o)
 .data          0x00000000        0x0 c:/program files (x86)/atmel/studio/7.0/toolchain/avr8/avr8-gnu-toolchain/bin/../lib/gcc/avr/5.4.0/avr5\libgcc.a(_muluhisi3.o)
 .bss           0x00000000        0x0 c:/program files (x86)/atmel/studio/7.0/toolchain/avr8/avr8-gnu-toolchain/bin/../lib/gcc/avr/5.4.0/avr5\libgcc.a(_muluhisi3.o)
 .text.libgcc.mul
                0x00000000       0x16 c:/program files (x86)/atmel/studio/7.0/toolchain/avr8/avr8-gnu-toolchain/bin/../lib/gcc/avr/5.4.0/avr5\libgcc.a(_muluhisi3.o)
 .text.libgcc.div
                0x00000000        0x0 c:/program files (x86)/atmel/studio/7.0/toolchain/avr8/avr8-gnu-toolchain/bin/../lib/gcc/avr/5.4.0/avr5\libgcc.a(_muluhisi3.o)
 .text.libgcc   0x00000000        0x0 c:/program files (x86)/atmel/studio/7.0/toolchain/avr8/avr8-gnu-toolchain/bin/../lib/gcc/avr/5.4.0/avr5\libgcc.a(_muluhisi3.o)
 .text.libgcc.prologue
                0x00000000        0x0 c:/program files (x86)/atmel/studio/7.0/toolchain/avr8/avr8-gnu-toolchain/bin/../lib/gcc/avr/5.4.0/avr5\libgcc.a(_muluhisi3.o)
 .text.libgcc.builtins
                0x00000000        0x0 c:/program files (x86)/atmel/studio/7.0/toolchain/avr8/avr8-gnu-toolchain/bin/../lib/gcc/avr/5.4.0/avr5\libgcc.a(_muluhisi3.o)
 .text.libgcc.fmul
                0x00000000        0x0 c:/program files (x86)/atmel/studio/7.0/toolchain/avr8/avr8-gnu-toolchain/bin/../lib/gcc/avr/5.4.0/avr5\libgcc.a(_muluhisi3.o)
 .text.libgcc.fixed
                0x00000000        0x0 c:/program files (x86)/atmel/studio/7.0/toolchain/avr8/avr8-gnu-toolchain/bin/../lib/gcc/avr/5.4.0/avr5\libgcc.a(_muluhisi3.o)
 .text          0x00000000        0x0 c:/program files (x86)/atmel/studio/7.0/toolchain/avr8/avr8-gnu-toolchain/bin/../lib/gcc/avr/5.4.0/avr5\libgcc.a(_prologue.o)
 .data          0x00000000        0x0 c:/program files (x86)/atmel/studio/7.0/toolchain/avr8/avr8-gnu-toolchain/bin/../lib/gcc/avr/5.4.0/avr5\libgcc.a(_prologue.o)
 .bss           0x00000000        0x0 c:/program files (x86)/atmel/studio/7.0/toolchain/avr8/avr8-gnu-toolchain/bin/../lib/gcc/avr/5.4.0/avr5\libgcc.a(_prologue.o)
 .text.libgcc.mul
                0x00000000        0x0 c:/program files (x86)/atmel/studio/7.0/toolchain/avr8/avr8-gnu-toolchain/bin/../lib/gcc/avr/5.4.0/avr5\libgcc.a(_prologue.o)
 .text.libgcc.div
                0x00000000        0x0 c:/program files (x86)/atmel/studio/7.0/toolchain/avr8/avr8-gnu-toolchain/bin/../lib/gcc/avr/5.4.0/avr5\libgcc.a(_prologue.o)
 .text.libgcc   0x00000000        0x0 c:/program files (x86)/atmel/studio/7.0/toolchain/avr8/avr8-gnu-toolchain/bin/../lib/gcc/avr/5.4.0/avr5\libgcc.a(_prologue.o)
 .text.libgcc.builtins
                0x00000000        0x0 c:/program files (x86)/atmel/studio/7.0/toolchain/avr8/avr8-gnu-toolchain/bin/../lib/gcc/avr/5.4.0/avr5\libgcc.a(_prologue.o)
 .text.libgcc.fmul
                0x00000000        0x0 c:/program files (x86)/atmel/studio/7.0/toolchain/avr8/avr8-gnu-toolchain/bin/../lib/gcc/avr/5.4.0/avr5\libgcc.a(_prologue.o)
 .text.libgcc.fixed
                0x00000000        0x0 c:/program files (x86)/atmel/studio/7.0/toolchain/avr8/avr8-gnu-toolchain/bin/../lib/gcc/avr/5.4.0/avr5\libgcc.a(_prologue.o)
 .text          0x00000000        0x0 c:/program files (x86)/atmel/studio/7.0/toolchain/avr8/avr8-gnu-toolchain/bin/../lib/gcc/avr/5.4.0/avr5\libgcc.a(_epilogue.o)
 .data          0x00000000        0x0 c:/program files (x86)/atmel/studio/7.0/toolchain/avr8/avr8-gnu-toolchain/bin/../lib/gcc/avr/5.4.0/avr5\libgcc.a(_epilogue.o)
 .bss           0x00000000        0x0 c:/program files (x86)/atmel/studio/7.0/toolchain/avr8/avr8-gnu-toolchain/bin/../lib/gcc/avr/5.4.0/avr5\libgcc.a(_epilogue.o)
 .text.libgcc.mul
                0x00000000        0x0 c:/program files (x86)/atmel/studio/7.0/toolchain/avr8/avr8-gnu-toolchain/bin/../lib/gcc/avr/5.4.0/avr5\libgcc.a(_epilogue.o)
 .text.libgcc.div
                0x00000000        0x0 c:/program files (x86)/atmel/studio/7.0/toolchain/avr8/avr8-gnu-toolchain/bin/../lib/gcc/avr/5.4.0/avr5\libgcc.a(_epilogue.o)
 .text.libgcc   0x00000000        0x0 c:/program files (x86)/atmel/studio/7.0/toolchain/avr8/avr8-gnu-toolchain/bin/../lib/gcc/avr/5.4.0/avr5\libgcc.a(_epilogue.o)
 .text.libgcc.builtins
                0x00000000        0x0 c:/program files (x86)/atmel/studio/7.0/toolchain/avr8/avr8-gnu-toolchain/bin/../lib/gcc/avr/5.4.0/avr5\libgcc.a(_epilogue.o)
 .text.libgcc.fmul
                0x00000000        0x0 c:/program files (x86)/atmel/studio/7.0/toolchain/avr8/avr8-gnu-toolchain/bin/../lib/gcc/avr/5.4.0/avr5\libgcc.a(_epilogue.o)
 .text.libgcc.fixed
                0x00000000        0x0 c:/program files (x86)/atmel/studio/7.0/toolchain/avr8/avr8-gnu-toolchain/bin/../lib/gcc/avr/5.4.0/avr5\libgcc.a(_epilogue.o)
 .text          0x00000000        0x0 c:/program files (x86)/atmel/studio/7.0/toolchain/avr8/avr8-gnu-toolchain/bin/../lib/gcc/avr/5.4.0/avr5\libgcc.a(_umulhisi3.o)
 .data          0x00000000        0x0 c:/program files (x86)/atmel/studio/7.0/toolchain/avr8/avr8-gnu-toolchain/bin/../lib/gcc/avr/5.4.0/avr5\libgcc.a(_umulhisi3.o)
 .bss           0x00000000        0x0 c:/program files (x86)/atmel/studio/7.0/toolchain/avr8/avr8-gnu-toolchain/bin/../lib/gcc/avr/5.4.0/avr5\libgcc.a(_umulhisi3.o)
 .text.libgcc.mul
                0x00000000       0x1e c:/program files (x86)/atmel/studio/7.0/toolchain/avr8/avr8-gnu-toolchain/bin/../lib/gcc/avr/5.4.0/avr5\libgcc.a(_umulhisi3.o)
 .text.libgcc.div
                0x00000000        0x0 c:/program files (x86)/atmel/studio/7.0/toolchain/avr8/avr8-gnu-toolchain/bin/../lib/gcc/avr/5.4.0/avr5\libgcc.a(_umulhisi3.o)
 .text.libgcc   0x00000000        0x0 c:/program files (x86)/atmel/studio/7.0/toolchain/avr8/avr8-gnu-toolchain/bin/../lib/gcc/avr/5.4.0/avr5\libgcc.a(_umulhisi3.o)
 .text.libgcc.prologue
                0x00000000        0x0 c:/program files (x86)/atmel/studio/7.0/toolchain/avr8/avr8-gnu-toolchain/bin/../lib/gcc/avr/5.4.0/avr5\libgcc.a(_umulhisi3.o)
 .text.libgcc.builtins
                0x00000000        0x0 c:/program files (x86)/atmel/studio/7.0/toolchain/avr8/avr8-gnu-toolchain/bin/../lib/gcc/avr/5.4.0/avr5\libgcc.a(_umulhisi3.o)
 .text.libgcc.fmul
                0x00000000        0x0 c:/program files (x86)/atmel/studio/7.0/toolchain/avr8/avr8-gnu-toolchain/bin/../lib/gcc/avr/5.4.0/avr5\libgcc.a(_umulhisi3.o)
 .text.libgcc.fixed
                0x00000000        0x0 c:/program files (x86)/atmel/studio/7.0/toolchain/avr8/avr8-gnu-toolchain/bin/../lib/gcc/avr/5.4.0/avr5\libgcc.a(_umulhisi3.o)
 .text          0x00000000        0x0 c:/program files (x86)/atmel/studio/7.0/toolchain/avr8/avr8-gnu-toolchain/bin/../lib/gcc/avr/5.4.0/../../../../avr/lib/avr5\libc.a(atoi.o)
 .data          0x00000000        0x0 c:/program files (x86)/atmel/studio/7.0/toolchain/avr8/avr8-gnu-toolchain/bin/../lib/gcc/avr/5.4.0/../../../../avr/lib/avr5\libc.a(atoi.o)
 .bss           0x00000000        0x0 c:/program files (x86)/atmel/studio/7.0/toolchain/avr8/avr8-gnu-toolchain/bin/../lib/gcc/avr/5.4.0/../../../../avr/lib/avr5\libc.a(atoi.o)
 .text          0x00000000        0x0 c:/program files (x86)/atmel/studio/7.0/toolchain/avr8/avr8-gnu-toolchain/bin/../lib/gcc/avr/5.4.0/../../../../avr/lib/avr5\libc.a(ftoa_engine.o)
 .data          0x00000000        0x0 c:/program files (x86)/atmel/studio/7.0/toolchain/avr8/avr8-gnu-toolchain/bin/../lib/gcc/avr/5.4.0/../../../../avr/lib/avr5\libc.a(ftoa_engine.o)
 .bss           0x00000000        0x0 c:/program files (x86)/atmel/studio/7.0/toolchain/avr8/avr8-gnu-toolchain/bin/../lib/gcc/avr/5.4.0/../../../../avr/lib/avr5\libc.a(ftoa_engine.o)
 .text          0x00000000        0x0 c:/program files (x86)/atmel/studio/7.0/toolchain/avr8/avr8-gnu-toolchain/bin/../lib/gcc/avr/5.4.0/../../../../avr/lib/avr5\libc.a(strnlen_P.o)
 .data          0x00000000        0x0 c:/program files (x86)/atmel/studio/7.0/toolchain/avr8/avr8-gnu-toolchain/bin/../lib/gcc/avr/5.4.0/../../../../avr/lib/avr5\libc.a(strnlen_P.o)
 .bss           0x00000000        0x0 c:/program files (x86)/atmel/studio/7.0/toolchain/avr8/avr8-gnu-toolchain/bin/../lib/gcc/avr/5.4.0/../../../../avr/lib/avr5\libc.a(strnlen_P.o)
 .text          0x00000000        0x0 c:/program files (x86)/atmel/studio/7.0/toolchain/avr8/avr8-gnu-toolchain/bin/../lib/gcc/avr/5.4.0/../../../../avr/lib/avr5\libc.a(strcmp.o)
 .data          0x00000000        0x0 c:/program files (x86)/atmel/studio/7.0/toolchain/avr8/avr8-gnu-toolchain/bin/../lib/gcc/avr/5.4.0/../../../../avr/lib/avr5\libc.a(strcmp.o)
 .bss           0x00000000        0x0 c:/program files (x86)/atmel/studio/7.0/toolchain/avr8/avr8-gnu-toolchain/bin/../lib/gcc/avr/5.4.0/../../../../avr/lib/avr5\libc.a(strcmp.o)
 .text          0x00000000        0x0 c:/program files (x86)/atmel/studio/7.0/toolchain/avr8/avr8-gnu-toolchain/bin/../lib/gcc/avr/5.4.0/../../../../avr/lib/avr5\libc.a(strnlen.o)
 .data          0x00000000        0x0 c:/program files (x86)/atmel/studio/7.0/toolchain/avr8/avr8-gnu-toolchain/bin/../lib/gcc/avr/5.4.0/../../../../avr/lib/avr5\libc.a(strnlen.o)
 .bss           0x00000000        0x0 c:/program files (x86)/atmel/studio/7.0/toolchain/avr8/avr8-gnu-toolchain/bin/../lib/gcc/avr/5.4.0/../../../../avr/lib/avr5\libc.a(strnlen.o)
 .text          0x00000000        0x0 c:/program files (x86)/atmel/studio/7.0/toolchain/avr8/avr8-gnu-toolchain/bin/../lib/gcc/avr/5.4.0/../../../../avr/lib/avr5\libc.a(mul10.o)
 .data          0x00000000        0x0 c:/program files (x86)/atmel/studio/7.0/toolchain/avr8/avr8-gnu-toolchain/bin/../lib/gcc/avr/5.4.0/../../../../avr/lib/avr5\libc.a(mul10.o)
 .bss           0x00000000        0x0 c:/program files (x86)/atmel/studio/7.0/toolchain/avr8/avr8-gnu-toolchain/bin/../lib/gcc/avr/5.4.0/../../../../avr/lib/avr5\libc.a(mul10.o)
 .text          0x00000000        0x0 c:/program files (x86)/atmel/studio/7.0/toolchain/avr8/avr8-gnu-toolchain/bin/../lib/gcc/avr/5.4.0/../../../../avr/lib/avr5\libc.a(fputc.o)
 .data          0x00000000        0x0 c:/program files (x86)/atmel/studio/7.0/toolchain/avr8/avr8-gnu-toolchain/bin/../lib/gcc/avr/5.4.0/../../../../avr/lib/avr5\libc.a(fputc.o)
 .bss           0x00000000        0x0 c:/program files (x86)/atmel/studio/7.0/toolchain/avr8/avr8-gnu-toolchain/bin/../lib/gcc/avr/5.4.0/../../../../avr/lib/avr5\libc.a(fputc.o)
 .text          0x00000000        0x0 c:/program files (x86)/atmel/studio/7.0/toolchain/avr8/avr8-gnu-toolchain/bin/../lib/gcc/avr/5.4.0/../../../../avr/lib/avr5\libc.a(sprintf.o)
 .data          0x00000000        0x0 c:/program files (x86)/atmel/studio/7.0/toolchain/avr8/avr8-gnu-toolchain/bin/../lib/gcc/avr/5.4.0/../../../../avr/lib/avr5\libc.a(sprintf.o)
 .bss           0x00000000        0x0 c:/program files (x86)/atmel/studio/7.0/toolchain/avr8/avr8-gnu-toolchain/bin/../lib/gcc/avr/5.4.0/../../../../avr/lib/avr5\libc.a(sprintf.o)
 .text          0x00000000        0x0 c:/program files (x86)/atmel/studio/7.0/toolchain/avr8/avr8-gnu-toolchain/bin/../lib/gcc/avr/5.4.0/../../../../avr/lib/avr5\libc.a(ultoa_invert.o)
 .data          0x00000000        0x0 c:/program files (x86)/atmel/studio/7.0/toolchain/avr8/avr8-gnu-toolchain/bin/../lib/gcc/avr/5.4.0/../../../../avr/lib/avr5\libc.a(ultoa_invert.o)
 .bss           0x00000000        0x0 c:/program files (x86)/atmel/studio/7.0/toolchain/avr8/avr8-gnu-toolchain/bin/../lib/gcc/avr/5.4.0/../../../../avr/lib/avr5\libc.a(ultoa_invert.o)

Memory Configuration

Name             Origin             Length             Attributes
text             0x00000000         0x00010000         xr
data             0x00800100         0x00001000         rw !x
eeprom           0x00810000         0x00000800         rw !x
fuse             0x00820000         0x00000003         rw !x
lock             0x00830000         0x00000400         rw !x
signature        0x00840000         0x00000400         rw !x
user_signatures  0x00850000         0x00000400         rw !x
*default*        0x00000000         0xffffffff

Linker script and memory map

Address of section .data set to 0x800100
LOAD C:/Program Files (x86)/Atmel/Studio/7.0/Packs/atmel/ATmega_DFP/1.7.374/gcc/dev/atmega64/avr5/crtatmega64.o
LOAD Application/PDU_INT/PDU_INT.o
LOAD Application/POWER/ADC/ADC.o
LOAD Application/ANALOG_MUX/HC4067.o
LOAD Application/COPC/COPC.o
LOAD Application/LED/status_led.o
LOAD Application/main.o
LOAD Application/POWER/POWER_IO/POWER_IO.o
LOAD Application/WDT/watchdog.o
LOAD BSP/ADC/AD.o
LOAD BSP/TIMER/SPI/spi.o
LOAD BSP/TIMER/timer.o
LOAD BSP/TWI/i2c.o
LOAD BSP/UART/uart.o
LOAD CMDLine/cmdline.o
LOAD CMDLine/command.o
LOAD Scheduler/scheduler.o
LOAD ThirdParty/libsfp/crc16.o
LOAD ThirdParty/libsfp/fsp.o
START GROUP
LOAD c:/program files (x86)/atmel/studio/7.0/toolchain/avr8/avr8-gnu-toolchain/bin/../lib/gcc/avr/5.4.0/../../../../avr/lib/avr5\libm.a
END GROUP
LOAD c:/program files (x86)/atmel/studio/7.0/toolchain/avr8/avr8-gnu-toolchain/bin/../lib/gcc/avr/5.4.0/../../../../avr/lib/avr5\libprintf_flt.a
START GROUP
LOAD c:/program files (x86)/atmel/studio/7.0/toolchain/avr8/avr8-gnu-toolchain/bin/../lib/gcc/avr/5.4.0/avr5\libgcc.a
LOAD c:/program files (x86)/atmel/studio/7.0/toolchain/avr8/avr8-gnu-toolchain/bin/../lib/gcc/avr/5.4.0/../../../../avr/lib/avr5\libm.a
LOAD c:/program files (x86)/atmel/studio/7.0/toolchain/avr8/avr8-gnu-toolchain/bin/../lib/gcc/avr/5.4.0/../../../../avr/lib/avr5\libc.a
LOAD C:/Program Files (x86)/Atmel/Studio/7.0/Packs/atmel/ATmega_DFP/1.7.374/gcc/dev/atmega64/avr5\libatmega64.a
END GROUP
                0x00000000                __TEXT_REGION_ORIGIN__ = DEFINED (__TEXT_REGION_ORIGIN__)?__TEXT_REGION_ORIGIN__:0x0
                [0x00800100]                __DATA_REGION_ORIGIN__ = DEFINED (__DATA_REGION_ORIGIN__)?__DATA_REGION_ORIGIN__:0x800060
                [0x00010000]                __TEXT_REGION_LENGTH__ = DEFINED (__TEXT_REGION_LENGTH__)?__TEXT_REGION_LENGTH__:0x20000
                [0x00001000]                __DATA_REGION_LENGTH__ = DEFINED (__DATA_REGION_LENGTH__)?__DATA_REGION_LENGTH__:0xffa0
                [0x00000800]                __EEPROM_REGION_LENGTH__ = DEFINED (__EEPROM_REGION_LENGTH__)?__EEPROM_REGION_LENGTH__:0x10000
                [0x00000003]                __FUSE_REGION_LENGTH__ = DEFINED (__FUSE_REGION_LENGTH__)?__FUSE_REGION_LENGTH__:0x400
                0x00000400                __LOCK_REGION_LENGTH__ = DEFINED (__LOCK_REGION_LENGTH__)?__LOCK_REGION_LENGTH__:0x400
                0x00000400                __SIGNATURE_REGION_LENGTH__ = DEFINED (__SIGNATURE_REGION_LENGTH__)?__SIGNATURE_REGION_LENGTH__:0x400
                0x00000400                __USER_SIGNATURE_REGION_LENGTH__ = DEFINED (__USER_SIGNATURE_REGION_LENGTH__)?__USER_SIGNATURE_REGION_LENGTH__:0x400

.hash
 *(.hash)

.dynsym
 *(.dynsym)

.dynstr
 *(.dynstr)

.gnu.version
 *(.gnu.version)

.gnu.version_d
 *(.gnu.version_d)

.gnu.version_r
 *(.gnu.version_r)

.rel.init
 *(.rel.init)

.rela.init
 *(.rela.init)

.rel.text
 *(.rel.text)
 *(.rel.text.*)
 *(.rel.gnu.linkonce.t*)

.rela.text
 *(.rela.text)
 *(.rela.text.*)
 *(.rela.gnu.linkonce.t*)

.rel.fini
 *(.rel.fini)

.rela.fini
 *(.rela.fini)

.rel.rodata
 *(.rel.rodata)
 *(.rel.rodata.*)
 *(.rel.gnu.linkonce.r*)

.rela.rodata
 *(.rela.rodata)
 *(.rela.rodata.*)
 *(.rela.gnu.linkonce.r*)

.rel.data
 *(.rel.data)
 *(.rel.data.*)
 *(.rel.gnu.linkonce.d*)

.rela.data
 *(.rela.data)
 *(.rela.data.*)
 *(.rela.gnu.linkonce.d*)

.rel.ctors
 *(.rel.ctors)

.rela.ctors
 *(.rela.ctors)

.rel.dtors
 *(.rel.dtors)

.rela.dtors
 *(.rela.dtors)

.rel.got
 *(.rel.got)

.rela.got
 *(.rela.got)

.rel.bss
 *(.rel.bss)

.rela.bss
 *(.rela.bss)

.rel.plt
 *(.rel.plt)

.rela.plt
 *(.rela.plt)

.text           0x00000000     0x38ee
 *(.vectors)
 .vectors       0x00000000       0x8c C:/Program Files (x86)/Atmel/Studio/7.0/Packs/atmel/ATmega_DFP/1.7.374/gcc/dev/atmega64/avr5/crtatmega64.o
                0x00000000                __vector_default
                0x00000000                __vectors
 *(.vectors)
 *(.progmem.gcc*)
                0x0000008c                . = ALIGN (0x2)
                0x0000008c                __trampolines_start = .
 *(.trampolines)
 .trampolines   0x0000008c        0x0 linker stubs
 *(.trampolines*)
                0x0000008c                __trampolines_end = .
 *libprintf_flt.a:*(.progmem.data)
 .progmem.data  0x0000008c        0x8 c:/program files (x86)/atmel/studio/7.0/toolchain/avr8/avr8-gnu-toolchain/bin/../lib/gcc/avr/5.4.0/../../../../avr/lib/avr5\libprintf_flt.a(vfprintf_flt.o)
 *libc.a:*(.progmem.data)
 .progmem.data  0x00000094       0xfa c:/program files (x86)/atmel/studio/7.0/toolchain/avr8/avr8-gnu-toolchain/bin/../lib/gcc/avr/5.4.0/../../../../avr/lib/avr5\libc.a(ftoa_engine.o)
 *(.progmem*)
 .progmem.data.NAME_TABLE
                0x0000018e       0xe4 Application/POWER/POWER_IO/POWER_IO.o
                0x0000018e                NAME_TABLE
 .progmem.data.SPLASH
                0x00000272      0x555 CMDLine/command.o
                0x00000272                SPLASH
                0x000007c8                . = ALIGN (0x2)
 *fill*         0x000007c7        0x1 
 *(.jumptables)
 *(.jumptables*)
 *(.lowtext)
 *(.lowtext*)
                0x000007c8                __ctors_start = .
 *(.ctors)
                0x000007c8                __ctors_end = .
                0x000007c8                __dtors_start = .
 *(.dtors)
                0x000007c8                __dtors_end = .
 SORT(*)(.ctors)
 SORT(*)(.dtors)
 *(.init0)
 .init0         0x000007c8        0x0 C:/Program Files (x86)/Atmel/Studio/7.0/Packs/atmel/ATmega_DFP/1.7.374/gcc/dev/atmega64/avr5/crtatmega64.o
                0x000007c8                __init
 *(.init0)
 *(.init1)
 *(.init1)
 *(.init2)
 .init2         0x000007c8        0xc C:/Program Files (x86)/Atmel/Studio/7.0/Packs/atmel/ATmega_DFP/1.7.374/gcc/dev/atmega64/avr5/crtatmega64.o
 *(.init2)
 *(.init3)
 *(.init3)
 *(.init4)
 .init4         0x000007d4       0x16 c:/program files (x86)/atmel/studio/7.0/toolchain/avr8/avr8-gnu-toolchain/bin/../lib/gcc/avr/5.4.0/avr5\libgcc.a(_copy_data.o)
                0x000007d4                __do_copy_data
 .init4         0x000007ea       0x10 c:/program files (x86)/atmel/studio/7.0/toolchain/avr8/avr8-gnu-toolchain/bin/../lib/gcc/avr/5.4.0/avr5\libgcc.a(_clear_bss.o)
                0x000007ea                __do_clear_bss
 *(.init4)
 *(.init5)
 *(.init5)
 *(.init6)
 *(.init6)
 *(.init7)
 *(.init7)
 *(.init8)
 *(.init8)
 *(.init9)
 .init9         0x000007fa        0x8 C:/Program Files (x86)/Atmel/Studio/7.0/Packs/atmel/ATmega_DFP/1.7.374/gcc/dev/atmega64/avr5/crtatmega64.o
 *(.init9)
 *(.text)
 .text          0x00000802        0x4 C:/Program Files (x86)/Atmel/Studio/7.0/Packs/atmel/ATmega_DFP/1.7.374/gcc/dev/atmega64/avr5/crtatmega64.o
                0x00000802                __vector_22
                0x00000802                __vector_28
                0x00000802                __vector_1
                0x00000802                __vector_32
                0x00000802                __vector_34
                0x00000802                __vector_24
                0x00000802                __vector_12
                0x00000802                __bad_interrupt
                0x00000802                __vector_6
                0x00000802                __vector_3
                0x00000802                __vector_23
                0x00000802                __vector_25
                0x00000802                __vector_11
                0x00000802                __vector_13
                0x00000802                __vector_17
                0x00000802                __vector_7
                0x00000802                __vector_27
                0x00000802                __vector_5
                0x00000802                __vector_33
                0x00000802                __vector_4
                0x00000802                __vector_9
                0x00000802                __vector_2
                0x00000802                __vector_29
                0x00000802                __vector_8
                0x00000802                __vector_26
                0x00000802                __vector_14
                0x00000802                __vector_10
                0x00000802                __vector_16
                0x00000802                __vector_20
                0x00000806                . = ALIGN (0x2)
 *(.text.*)
 .text.PDUINT_init
                0x00000806        0xe Application/PDU_INT/PDU_INT.o
                0x00000806                PDUINT_init
 .text.PDU_INT_En
                0x00000814        0x8 Application/PDU_INT/PDU_INT.o
                0x00000814                PDU_INT_En
 .text.PDU_INT_Dis
                0x0000081c        0x8 Application/PDU_INT/PDU_INT.o
                0x0000081c                PDU_INT_Dis
 .text.Get_PDU_Int
                0x00000824       0x1c Application/PDU_INT/PDU_INT.o
                0x00000824                Get_PDU_Int
 .text.write_threshold
                0x00000840       0x18 Application/POWER/ADC/ADC.o
                0x00000840                write_threshold
 .text.ADC_init
                0x00000858       0xf0 Application/POWER/ADC/ADC.o
                0x00000858                ADC_init
 .text.__vector_21
                0x00000948      0x126 Application/POWER/ADC/ADC.o
                0x00000948                __vector_21
 .text.MUX_Init
                0x00000a6e       0x46 Application/ANALOG_MUX/HC4067.o
                0x00000a6e                MUX_Init
 .text.MUX_Set_Channel
                0x00000ab4       0x4a Application/ANALOG_MUX/HC4067.o
                0x00000ab4                MUX_Set_Channel
 .text.COPC_init
                0x00000afe       0x24 Application/COPC/COPC.o
                0x00000afe                COPC_init
 .text.COPC_create_task
                0x00000b22       0x12 Application/COPC/COPC.o
                0x00000b22                COPC_create_task
 .text.Channel_Status
                0x00000b34      0x1de Application/COPC/COPC.o
                0x00000b34                Channel_Status
 .text.Buck_Status
                0x00000d12      0x21e Application/COPC/COPC.o
                0x00000d12                Buck_Status
 .text.OK_Send  0x00000f30       0x96 Application/COPC/COPC.o
                0x00000f30                OK_Send
 .text.Get_All_Status
                0x00000fc6      0x1ae Application/COPC/COPC.o
                0x00000fc6                Get_All_Status
 .text.COPC_Process
                0x00001174      0x102 Application/COPC/COPC.o
                0x00001174                COPC_Process
 .text.COPC_task_update
                0x00001276       0x6a Application/COPC/COPC.o
 .text.status_led_led1_off
                0x000012e0        0x8 Application/LED/status_led.o
 .text.status_led_led1_on
                0x000012e8        0x8 Application/LED/status_led.o
 .text.status_led_led2_off
                0x000012f0        0x8 Application/LED/status_led.o
 .text.status_led_led2_on
                0x000012f8        0x8 Application/LED/status_led.o
 .text.status_led_powerup
                0x00001300       0x8a Application/LED/status_led.o
 .text.status_led_normal
                0x0000138a       0x60 Application/LED/status_led.o
 .text.status_led_update
                0x000013ea       0x1c Application/LED/status_led.o
                0x000013ea                status_led_update
 .text.status_led_set_status
                0x00001406       0x12 Application/LED/status_led.o
                0x00001406                status_led_set_status
 .text.status_led_init
                0x00001418       0x26 Application/LED/status_led.o
                0x00001418                status_led_init
 .text.status_led_create_task
                0x0000143e        0xe Application/LED/status_led.o
                0x0000143e                status_led_create_task
 .text.main     0x0000144c      0x116 Application/main.o
                0x0000144c                main
 .text.TEC1_Buck_On
                0x00001562        0x8 Application/POWER/POWER_IO/POWER_IO.o
                0x00001562                TEC1_Buck_On
 .text.TEC1_Buck_Off
                0x0000156a        0x8 Application/POWER/POWER_IO/POWER_IO.o
                0x0000156a                TEC1_Buck_Off
 .text.TEC2_Buck_On
                0x00001572        0x8 Application/POWER/POWER_IO/POWER_IO.o
                0x00001572                TEC2_Buck_On
 .text.TEC2_Buck_Off
                0x0000157a        0x8 Application/POWER/POWER_IO/POWER_IO.o
                0x0000157a                TEC2_Buck_Off
 .text.TEC3_Buck_On
                0x00001582        0x8 Application/POWER/POWER_IO/POWER_IO.o
                0x00001582                TEC3_Buck_On
 .text.TEC3_Buck_Off
                0x0000158a        0x8 Application/POWER/POWER_IO/POWER_IO.o
                0x0000158a                TEC3_Buck_Off
 .text.TEC4_Buck_On
                0x00001592        0xc Application/POWER/POWER_IO/POWER_IO.o
                0x00001592                TEC4_Buck_On
 .text.TEC4_Buck_Off
                0x0000159e        0xc Application/POWER/POWER_IO/POWER_IO.o
                0x0000159e                TEC4_Buck_Off
 .text.LED_Buck_On
                0x000015aa        0x8 Application/POWER/POWER_IO/POWER_IO.o
                0x000015aa                LED_Buck_On
 .text.LED_Buck_Off
                0x000015b2        0x8 Application/POWER/POWER_IO/POWER_IO.o
                0x000015b2                LED_Buck_Off
 .text.CM4_Buck_On
                0x000015ba        0x8 Application/POWER/POWER_IO/POWER_IO.o
                0x000015ba                CM4_Buck_On
 .text.CM4_Buck_Off
                0x000015c2        0x8 Application/POWER/POWER_IO/POWER_IO.o
                0x000015c2                CM4_Buck_Off
 .text.MCU_Buck_On
                0x000015ca        0x8 Application/POWER/POWER_IO/POWER_IO.o
                0x000015ca                MCU_Buck_On
 .text.MCU_Buck_Off
                0x000015d2        0x8 Application/POWER/POWER_IO/POWER_IO.o
                0x000015d2                MCU_Buck_Off
 .text.TEC1_On  0x000015da        0x8 Application/POWER/POWER_IO/POWER_IO.o
                0x000015da                TEC1_On
 .text.TEC1_Off
                0x000015e2        0x8 Application/POWER/POWER_IO/POWER_IO.o
                0x000015e2                TEC1_Off
 .text.TEC2_On  0x000015ea        0x8 Application/POWER/POWER_IO/POWER_IO.o
                0x000015ea                TEC2_On
 .text.TEC2_Off
                0x000015f2        0x8 Application/POWER/POWER_IO/POWER_IO.o
                0x000015f2                TEC2_Off
 .text.TEC3_On  0x000015fa        0x8 Application/POWER/POWER_IO/POWER_IO.o
                0x000015fa                TEC3_On
 .text.TEC3_Off
                0x00001602        0x8 Application/POWER/POWER_IO/POWER_IO.o
                0x00001602                TEC3_Off
 .text.TEC4_On  0x0000160a        0x8 Application/POWER/POWER_IO/POWER_IO.o
                0x0000160a                TEC4_On
 .text.TEC4_Off
                0x00001612        0x8 Application/POWER/POWER_IO/POWER_IO.o
                0x00001612                TEC4_Off
 .text.IOU_On   0x0000161a        0x8 Application/POWER/POWER_IO/POWER_IO.o
                0x0000161a                IOU_On
 .text.IOU_Off  0x00001622        0x8 Application/POWER/POWER_IO/POWER_IO.o
                0x00001622                IOU_Off
 .text.COPC_On  0x0000162a        0x8 Application/POWER/POWER_IO/POWER_IO.o
                0x0000162a                COPC_On
 .text.COPC_Off
                0x00001632        0x8 Application/POWER/POWER_IO/POWER_IO.o
                0x00001632                COPC_Off
 .text.LEDIR_On
                0x0000163a        0x8 Application/POWER/POWER_IO/POWER_IO.o
                0x0000163a                LEDIR_On
 .text.LEDIR_Off
                0x00001642        0x8 Application/POWER/POWER_IO/POWER_IO.o
                0x00001642                LEDIR_Off
 .text.LEDRGB_On
                0x0000164a        0x8 Application/POWER/POWER_IO/POWER_IO.o
                0x0000164a                LEDRGB_On
 .text.LEDRGB_Off
                0x00001652        0x8 Application/POWER/POWER_IO/POWER_IO.o
                0x00001652                LEDRGB_Off
 .text.CM4_On   0x0000165a        0xc Application/POWER/POWER_IO/POWER_IO.o
                0x0000165a                CM4_On
 .text.CM4_Off  0x00001666        0xc Application/POWER/POWER_IO/POWER_IO.o
                0x00001666                CM4_Off
 .text.CAPC_On  0x00001672        0x8 Application/POWER/POWER_IO/POWER_IO.o
                0x00001672                CAPC_On
 .text.CAPC_Off
                0x0000167a        0x8 Application/POWER/POWER_IO/POWER_IO.o
                0x0000167a                CAPC_Off
 .text.VBUSOK   0x00001682        0x2 Application/POWER/POWER_IO/POWER_IO.o
                0x00001682                VBUSOK
 .text.VINHigh  0x00001684        0xa Application/POWER/POWER_IO/POWER_IO.o
                0x00001684                VINHigh
 .text.VBUS_High
                0x0000168e        0xa Application/POWER/POWER_IO/POWER_IO.o
                0x0000168e                VBUS_High
 .text.VIN_LOSS
                0x00001698       0x16 Application/POWER/POWER_IO/POWER_IO.o
                0x00001698                VIN_LOSS
 .text.POWER_IO_init
                0x000016ae       0xf6 Application/POWER/POWER_IO/POWER_IO.o
                0x000016ae                POWER_IO_init
 .text.POWER_ACTIVATE
                0x000017a4      0x130 Application/POWER/POWER_IO/POWER_IO.o
                0x000017a4                POWER_ACTIVATE
 .text.OVER_ERR_CUTOFF
                0x000018d4       0x8e Application/POWER/POWER_IO/POWER_IO.o
                0x000018d4                OVER_ERR_CUTOFF
 .text.status_wdt_update
                0x00001962       0x52 Application/WDT/watchdog.o
                0x00001962                status_wdt_update
 .text.WDT_init
                0x000019b4       0x2a Application/WDT/watchdog.o
                0x000019b4                WDT_init
 .text.timer_start_timer0
                0x000019de       0x10 BSP/TIMER/timer.o
                0x000019de                timer_start_timer0
 .text.timer_timer0_init
                0x000019ee        0xe BSP/TIMER/timer.o
                0x000019ee                timer_timer0_init
 .text.rbuffer_init
                0x000019fc       0x22 BSP/UART/uart.o
                0x000019fc                rbuffer_init
 .text.rbuffer_full
                0x00001a1e       0x12 BSP/UART/uart.o
                0x00001a1e                rbuffer_full
 .text.rbuffer_empty
                0x00001a30       0x10 BSP/UART/uart.o
                0x00001a30                rbuffer_empty
 .text.rbuffer_insert
                0x00001a40       0x38 BSP/UART/uart.o
                0x00001a40                rbuffer_insert
 .text.rbuffer_remove
                0x00001a78       0x3a BSP/UART/uart.o
                0x00001a78                rbuffer_remove
 .text.usart0_init
                0x00001ab2       0x3e BSP/UART/uart.o
                0x00001ab2                usart0_init
 .text.usart0_send_char
                0x00001af0       0x34 BSP/UART/uart.o
                0x00001af0                usart0_send_char
 .text.usart0_send_array
                0x00001b24       0x2e BSP/UART/uart.o
                0x00001b24                usart0_send_array
 .text.uart_get_uart0_rx_buffer_address
                0x00001b52        0xa BSP/UART/uart.o
                0x00001b52                uart_get_uart0_rx_buffer_address
 .text.usart1_init
                0x00001b5c       0x46 BSP/UART/uart.o
                0x00001b5c                usart1_init
 .text.usart1_send_char
                0x00001ba2       0x38 BSP/UART/uart.o
                0x00001ba2                usart1_send_char
 .text.usart1_send_string
                0x00001bda       0x1a BSP/UART/uart.o
                0x00001bda                usart1_send_string
 .text.usart1_send_string_P
                0x00001bf4       0x1e BSP/UART/uart.o
                0x00001bf4                usart1_send_string_P
 .text.uart_get_uart1_rx_buffer_address
                0x00001c12        0xa BSP/UART/uart.o
                0x00001c12                uart_get_uart1_rx_buffer_address
 .text.__vector_18
                0x00001c1c       0x98 BSP/UART/uart.o
                0x00001c1c                __vector_18
 .text.__vector_19
                0x00001cb4       0x72 BSP/UART/uart.o
                0x00001cb4                __vector_19
 .text.__vector_30
                0x00001d26       0x9e BSP/UART/uart.o
                0x00001d26                __vector_30
 .text.__vector_31
                0x00001dc4       0x78 BSP/UART/uart.o
                0x00001dc4                __vector_31
 .text.CmdLineProcess
                0x00001e3c       0x8e CMDLine/cmdline.o
                0x00001e3c                CmdLineProcess
 .text.Cmd_help
                0x00001eca       0x42 CMDLine/command.o
                0x00001eca                Cmd_help
 .text.show_data
                0x00001f0c      0x1a2 CMDLine/command.o
                0x00001f0c                show_data
 .text.Cmd_set_channel
                0x000020ae       0x5a CMDLine/command.o
                0x000020ae                Cmd_set_channel
 .text.Cmd_set_buck
                0x00002108       0x58 CMDLine/command.o
                0x00002108                Cmd_set_buck
 .text.Cmd_set_all
                0x00002160       0x4c CMDLine/command.o
                0x00002160                Cmd_set_all
 .text.command_task_update
                0x000021ac       0xb2 CMDLine/command.o
 .text.command_create_task
                0x0000225e        0xe CMDLine/command.o
                0x0000225e                command_create_task
 .text.command_send_splash
                0x0000226c       0x26 CMDLine/command.o
                0x0000226c                command_send_splash
 .text.command_init
                0x00002292       0x38 CMDLine/command.o
                0x00002292                command_init
 .text.SCH_Initialize
                0x000022ca       0x40 Scheduler/scheduler.o
                0x000022ca                SCH_Initialize
 .text.SCH_TIM_Start
                0x0000230a       0x16 Scheduler/scheduler.o
                0x0000230a                SCH_TIM_Start
 .text.SCH_TIM_HasCompleted
                0x00002320       0x1a Scheduler/scheduler.o
                0x00002320                SCH_TIM_HasCompleted
 .text.SCH_TASK_CreateTask
                0x0000233a       0x68 Scheduler/scheduler.o
                0x0000233a                SCH_TASK_CreateTask
 .text.SCH_RunSystemTickTimer
                0x000023a2      0x18a Scheduler/scheduler.o
                0x000023a2                SCH_RunSystemTickTimer
 .text.SCH_StartSchedular
                0x0000252c        0x6 Scheduler/scheduler.o
                0x0000252c                SCH_StartSchedular
 .text.SCH_HandleScheduledTask
                0x00002532       0xce Scheduler/scheduler.o
                0x00002532                SCH_HandleScheduledTask
 .text.__vector_15
                0x00002600       0xb2 Scheduler/scheduler.o
                0x00002600                __vector_15
 .text.crc16_CCITT
                0x000026b2       0x4e ThirdParty/libsfp/crc16.o
                0x000026b2                crc16_CCITT
 .text.fsp_init
                0x00002700        0xa ThirdParty/libsfp/fsp.o
                0x00002700                fsp_init
 .text.fsp_gen_pkt
                0x0000270a       0x7e ThirdParty/libsfp/fsp.o
                0x0000270a                fsp_gen_pkt
 .text.fsp_gen_cmd_w_data_pkt
                0x00002788       0x3a ThirdParty/libsfp/fsp.o
                0x00002788                fsp_gen_cmd_w_data_pkt
 .text.fsp_encode
                0x000027c2      0x1c0 ThirdParty/libsfp/fsp.o
                0x000027c2                fsp_encode
 .text.fsp_decode
                0x00002982      0x120 ThirdParty/libsfp/fsp.o
                0x00002982                fsp_decode
 .text.avr-libc.fplib
                0x00002aa2        0xe c:/program files (x86)/atmel/studio/7.0/toolchain/avr8/avr8-gnu-toolchain/bin/../lib/gcc/avr/5.4.0/../../../../avr/lib/avr5\libm.a(addsf3.o)
                0x00002aa2                __subsf3
                0x00002aa4                __addsf3
 .text.avr-libc.fplib
                0x00002ab0       0xcc c:/program files (x86)/atmel/studio/7.0/toolchain/avr8/avr8-gnu-toolchain/bin/../lib/gcc/avr/5.4.0/../../../../avr/lib/avr5\libm.a(addsf3x.o)
                0x00002ad2                __addsf3x
 .text.avr-libc.fplib
                0x00002b7c       0x5e c:/program files (x86)/atmel/studio/7.0/toolchain/avr8/avr8-gnu-toolchain/bin/../lib/gcc/avr/5.4.0/../../../../avr/lib/avr5\libm.a(fixunssfsi.o)
                0x00002b7c                __fixunssfsi
 .text.avr-libc.fplib
                0x00002bda       0x7a c:/program files (x86)/atmel/studio/7.0/toolchain/avr8/avr8-gnu-toolchain/bin/../lib/gcc/avr/5.4.0/../../../../avr/lib/avr5\libm.a(floatsisf.o)
                0x00002bda                __floatunsisf
                0x00002bde                __floatsisf
 .text.avr-libc.fplib
                0x00002c54        0xc c:/program files (x86)/atmel/studio/7.0/toolchain/avr8/avr8-gnu-toolchain/bin/../lib/gcc/avr/5.4.0/../../../../avr/lib/avr5\libm.a(fp_inf.o)
                0x00002c54                __fp_inf
 .text.avr-libc.fplib
                0x00002c60        0x6 c:/program files (x86)/atmel/studio/7.0/toolchain/avr8/avr8-gnu-toolchain/bin/../lib/gcc/avr/5.4.0/../../../../avr/lib/avr5\libm.a(fp_nan.o)
                0x00002c60                __fp_nan
 .text.avr-libc.fplib
                0x00002c66        0xe c:/program files (x86)/atmel/studio/7.0/toolchain/avr8/avr8-gnu-toolchain/bin/../lib/gcc/avr/5.4.0/../../../../avr/lib/avr5\libm.a(fp_pscA.o)
                0x00002c66                __fp_pscA
 .text.avr-libc.fplib
                0x00002c74        0xe c:/program files (x86)/atmel/studio/7.0/toolchain/avr8/avr8-gnu-toolchain/bin/../lib/gcc/avr/5.4.0/../../../../avr/lib/avr5\libm.a(fp_pscB.o)
                0x00002c74                __fp_pscB
 .text.avr-libc.fplib
                0x00002c82       0x22 c:/program files (x86)/atmel/studio/7.0/toolchain/avr8/avr8-gnu-toolchain/bin/../lib/gcc/avr/5.4.0/../../../../avr/lib/avr5\libm.a(fp_round.o)
                0x00002c82                __fp_round
 .text.avr-libc.fplib
                0x00002ca4       0x44 c:/program files (x86)/atmel/studio/7.0/toolchain/avr8/avr8-gnu-toolchain/bin/../lib/gcc/avr/5.4.0/../../../../avr/lib/avr5\libm.a(fp_split3.o)
                0x00002ca4                __fp_split3
                0x00002cb4                __fp_splitA
 .text.avr-libc.fplib
                0x00002ce8        0xe c:/program files (x86)/atmel/studio/7.0/toolchain/avr8/avr8-gnu-toolchain/bin/../lib/gcc/avr/5.4.0/../../../../avr/lib/avr5\libm.a(fp_zero.o)
                0x00002ce8                __fp_zero
                0x00002cea                __fp_szero
 .text.avr-libc.fplib
                0x00002cf6        0x8 c:/program files (x86)/atmel/studio/7.0/toolchain/avr8/avr8-gnu-toolchain/bin/../lib/gcc/avr/5.4.0/../../../../avr/lib/avr5\libm.a(mulsf3.o)
                0x00002cf6                __mulsf3
 .text.avr-libc.fplib
                0x00002cfe       0xd2 c:/program files (x86)/atmel/studio/7.0/toolchain/avr8/avr8-gnu-toolchain/bin/../lib/gcc/avr/5.4.0/../../../../avr/lib/avr5\libm.a(mulsf3x.o)
                0x00002d1c                __mulsf3x
                0x00002d22                __mulsf3_pse
 .text.avr-libc
                0x00002dd0      0x6fa c:/program files (x86)/atmel/studio/7.0/toolchain/avr8/avr8-gnu-toolchain/bin/../lib/gcc/avr/5.4.0/../../../../avr/lib/avr5\libprintf_flt.a(vfprintf_flt.o)
                0x00002dd0                vfprintf
 .text.libgcc.prologue
                0x000034ca       0x38 c:/program files (x86)/atmel/studio/7.0/toolchain/avr8/avr8-gnu-toolchain/bin/../lib/gcc/avr/5.4.0/avr5\libgcc.a(_prologue.o)
                0x000034ca                __prologue_saves__
 .text.libgcc.prologue
                0x00003502       0x36 c:/program files (x86)/atmel/studio/7.0/toolchain/avr8/avr8-gnu-toolchain/bin/../lib/gcc/avr/5.4.0/avr5\libgcc.a(_epilogue.o)
                0x00003502                __epilogue_restores__
 .text.avr-libc
                0x00003538       0x3c c:/program files (x86)/atmel/studio/7.0/toolchain/avr8/avr8-gnu-toolchain/bin/../lib/gcc/avr/5.4.0/../../../../avr/lib/avr5\libc.a(atoi.o)
                0x00003538                atoi
 .text.avr-libc
                0x00003574      0x1b0 c:/program files (x86)/atmel/studio/7.0/toolchain/avr8/avr8-gnu-toolchain/bin/../lib/gcc/avr/5.4.0/../../../../avr/lib/avr5\libc.a(ftoa_engine.o)
                0x00003574                __ftoa_engine
 .text.avr-libc
                0x00003724       0x16 c:/program files (x86)/atmel/studio/7.0/toolchain/avr8/avr8-gnu-toolchain/bin/../lib/gcc/avr/5.4.0/../../../../avr/lib/avr5\libc.a(strnlen_P.o)
                0x00003724                strnlen_P
 .text.avr-libc
                0x0000373a       0x12 c:/program files (x86)/atmel/studio/7.0/toolchain/avr8/avr8-gnu-toolchain/bin/../lib/gcc/avr/5.4.0/../../../../avr/lib/avr5\libc.a(strcmp.o)
                0x0000373a                strcmp
 .text.avr-libc
                0x0000374c       0x16 c:/program files (x86)/atmel/studio/7.0/toolchain/avr8/avr8-gnu-toolchain/bin/../lib/gcc/avr/5.4.0/../../../../avr/lib/avr5\libc.a(strnlen.o)
                0x0000374c                strnlen
 .text.avr-libc
                0x00003762       0x10 c:/program files (x86)/atmel/studio/7.0/toolchain/avr8/avr8-gnu-toolchain/bin/../lib/gcc/avr/5.4.0/../../../../avr/lib/avr5\libc.a(mul10.o)
                0x00003762                __mulhi_const_10
 .text.avr-libc
                0x00003772       0x78 c:/program files (x86)/atmel/studio/7.0/toolchain/avr8/avr8-gnu-toolchain/bin/../lib/gcc/avr/5.4.0/../../../../avr/lib/avr5\libc.a(fputc.o)
                0x00003772                fputc
 .text.avr-libc
                0x000037ea       0x44 c:/program files (x86)/atmel/studio/7.0/toolchain/avr8/avr8-gnu-toolchain/bin/../lib/gcc/avr/5.4.0/../../../../avr/lib/avr5\libc.a(sprintf.o)
                0x000037ea                sprintf
 .text.avr-libc
                0x0000382e       0xbc c:/program files (x86)/atmel/studio/7.0/toolchain/avr8/avr8-gnu-toolchain/bin/../lib/gcc/avr/5.4.0/../../../../avr/lib/avr5\libc.a(ultoa_invert.o)
                0x0000382e                __ultoa_invert
                0x000038ea                . = ALIGN (0x2)
 *(.fini9)
 .fini9         0x000038ea        0x0 c:/program files (x86)/atmel/studio/7.0/toolchain/avr8/avr8-gnu-toolchain/bin/../lib/gcc/avr/5.4.0/avr5\libgcc.a(_exit.o)
                0x000038ea                _exit
                0x000038ea                exit
 *(.fini9)
 *(.fini8)
 *(.fini8)
 *(.fini7)
 *(.fini7)
 *(.fini6)
 *(.fini6)
 *(.fini5)
 *(.fini5)
 *(.fini4)
 *(.fini4)
 *(.fini3)
 *(.fini3)
 *(.fini2)
 *(.fini2)
 *(.fini1)
 *(.fini1)
 *(.fini0)
 .fini0         0x000038ea        0x4 c:/program files (x86)/atmel/studio/7.0/toolchain/avr8/avr8-gnu-toolchain/bin/../lib/gcc/avr/5.4.0/avr5\libgcc.a(_exit.o)
 *(.fini0)
                0x000038ee                _etext = .

.data           0x00800100      0x422 load address 0x000038ee
                0x00800100                PROVIDE (__data_start, .)
 *(.data)
 *(.data*)
 .data.s_COPC_task_context
                0x00800100        0x7 Application/COPC/COPC.o
 .data.s_task_context
                0x00800107        0x7 Application/LED/status_led.o
 .data.OFF_TIME
                0x0080010e       0x12 Application/POWER/POWER_IO/POWER_IO.o
                0x0080010e                OFF_TIME
 .data.OFF_TIME_MAXIMUM
                0x00800120       0x12 Application/POWER/POWER_IO/POWER_IO.o
                0x00800120                OFF_TIME_MAXIMUM
 .data.function_array
                0x00800132       0x4c Application/POWER/POWER_IO/POWER_IO.o
                0x00800132                function_array
 .data.wdt_task_context
                0x0080017e        0x7 Application/WDT/watchdog.o
 .data.p_UART1_meta
                0x00800185        0x2 BSP/UART/uart.o
                0x00800185                p_UART1_meta
 .data.p_UART0_meta
                0x00800187        0x2 BSP/UART/uart.o
                0x00800187                p_UART0_meta
 .data.s_CommandTaskContext
                0x00800189        0x7 CMDLine/command.o
 .data.g_psCmdTable
                0x00800190       0x24 CMDLine/command.o
                0x00800190                g_psCmdTable
 .data.ErrorCode
                0x008001b4        0xa CMDLine/command.o
                0x008001b4                ErrorCode
 *(.gnu.linkonce.d*)
 *(.rodata)
 *(.rodata*)
 .rodata.ADC_to_Erro_Mapping
                0x008001be       0x13 Application/POWER/ADC/ADC.o
                0x008001be                ADC_to_Erro_Mapping
 .rodata.str1.1
                0x008001d1       0xc0 Application/COPC/COPC.o
 .rodata.str1.1
                0x00800291       0x68 Application/POWER/POWER_IO/POWER_IO.o
                                 0x6b (size before relaxing)
 .rodata.time_mapping_to_cmd
                0x008002f9        0x9 Application/POWER/POWER_IO/POWER_IO.o
                0x008002f9                time_mapping_to_cmd
 .rodata.buck_mapping_to_time
                0x00800302        0xe Application/POWER/POWER_IO/POWER_IO.o
                0x00800302                buck_mapping_to_time
 .rodata.buck_mapping_to_channel
                0x00800310        0xe Application/POWER/POWER_IO/POWER_IO.o
                0x00800310                buck_mapping_to_channel
 .rodata.time_mapping_to_channel
                0x0080031e        0x9 Application/POWER/POWER_IO/POWER_IO.o
                0x0080031e                time_mapping_to_channel
 .rodata.channel_mapping_to_buck
                0x00800327        0x9 Application/POWER/POWER_IO/POWER_IO.o
                0x00800327                channel_mapping_to_buck
 .rodata.channel_mapping_to_cmd
                0x00800330       0x13 Application/POWER/POWER_IO/POWER_IO.o
                0x00800330                channel_mapping_to_cmd
 .rodata.cmd_to_channel_mapping
                0x00800343       0x13 Application/POWER/POWER_IO/POWER_IO.o
                0x00800343                cmd_to_channel_mapping
 .rodata.NAME_STATUS_TABLE
                0x00800356        0xa Application/POWER/POWER_IO/POWER_IO.o
                0x00800356                NAME_STATUS_TABLE
 .rodata.str1.1
                0x00800360      0x1c1 CMDLine/command.o
                                0x1cc (size before relaxing)
 *(.gnu.linkonce.r*)
                0x00800522                . = ALIGN (0x2)
 *fill*         0x00800521        0x1 
                0x00800522                _edata = .
                0x00800522                PROVIDE (__data_end, .)

.bss            0x00800522      0x49a
                0x00800522                PROVIDE (__bss_start, .)
 *(.bss)
 *(.bss*)
 .bss.swap_byte
                0x00800522        0x1 Application/COPC/COPC.o
                0x00800522                swap_byte
 .bss.s_pCOPC_Sfp_Payload
                0x00800523        0x2 Application/COPC/COPC.o
 .bss.s_PDU_FspPacket
                0x00800525       0x81 Application/COPC/COPC.o
 .bss.s_COPC_FspPacket
                0x008005a6       0x81 Application/COPC/COPC.o
 .bss.p_COPCBuffer
                0x00800627        0x2 Application/COPC/COPC.o
 .bss.s_led_display_status
                0x00800629        0x1 Application/LED/status_led.o
 .bss.kkkk      0x0080062a        0x4 Application/main.o
                0x0080062a                kkkk
 .bss.WDT_Current
                0x0080062e        0x1 Application/WDT/watchdog.o
 .bss.g_ppcArgv
                0x0080062f       0x12 CMDLine/cmdline.o
 .bss.s_commandBufferIndex
                0x00800641        0x1 CMDLine/command.o
 .bss.s_commandBuffer
                0x00800642       0x80 CMDLine/command.o
 .bss.p_CommandRingBuffer
                0x008006c2        0x2 CMDLine/command.o
 .bss.s_NumOfTimers
                0x008006c4        0x1 Scheduler/scheduler.o
 .bss.s_TimerContext
                0x008006c5       0x2a Scheduler/scheduler.o
 .bss.s_NumOfTaskScheduled
                0x008006ef        0x1 Scheduler/scheduler.o
 .bss.s_TaskContext
                0x008006f0       0x2a Scheduler/scheduler.o
 .bss.fsp_decode_pos
                0x0080071a        0x1 ThirdParty/libsfp/fsp.o
                0x0080071a                fsp_decode_pos
 *(COMMON)
 COMMON         0x0080071b       0x76 Application/POWER/ADC/ADC.o
                0x0080071b                ADC_data
                0x00800790                kk
 COMMON         0x00800791       0x14 Application/POWER/POWER_IO/POWER_IO.o
                0x00800791                CHANNEL_STATUS_TABLE
                0x008007a4                PDU_Status
 COMMON         0x008007a5      0x210 BSP/UART/uart.o
                0x008007a5                UART1_meta
                0x008008ad                UART0_meta
 COMMON         0x008009b5        0x6 Scheduler/scheduler.o
                0x008009b5                s_SystemTick
                0x008009b7                s_SoftTimers
 COMMON         0x008009bb        0x1 ThirdParty/libsfp/fsp.o
                0x008009bb                fsp_my_adr
                0x008009bc                PROVIDE (__bss_end, .)
                0x000038ee                __data_load_start = LOADADDR (.data)
                0x00003d10                __data_load_end = (__data_load_start + SIZEOF (.data))

.noinit         0x008009bc        0x0
                [!provide]                PROVIDE (__noinit_start, .)
 *(.noinit*)
                [!provide]                PROVIDE (__noinit_end, .)
                0x008009bc                _end = .
                [!provide]                PROVIDE (__heap_start, .)

.eeprom         0x00810000        0x0
 *(.eeprom*)
                0x00810000                __eeprom_end = .

.fuse
 *(.fuse)
 *(.lfuse)
 *(.hfuse)
 *(.efuse)

.lock
 *(.lock*)

.signature
 *(.signature*)

.user_signatures
 *(.user_signatures*)

.stab
 *(.stab)

.stabstr
 *(.stabstr)

.stab.excl
 *(.stab.excl)

.stab.exclstr
 *(.stab.exclstr)

.stab.index
 *(.stab.index)

.stab.indexstr
 *(.stab.indexstr)

.comment        0x00000000       0x5c
 *(.comment)
 .comment       0x00000000       0x30 Application/PDU_INT/PDU_INT.o
                                 0x31 (size before relaxing)
 .comment       0x00000030       0x31 Application/POWER/ADC/ADC.o
 .comment       0x00000030       0x31 Application/ANALOG_MUX/HC4067.o
 .comment       0x00000030       0x31 Application/COPC/COPC.o
 .comment       0x00000030       0x31 Application/LED/status_led.o
 .comment       0x00000030       0x31 Application/main.o
 .comment       0x00000030       0x31 Application/POWER/POWER_IO/POWER_IO.o
 .comment       0x00000030       0x31 Application/WDT/watchdog.o
 .comment       0x00000030       0x31 BSP/TIMER/timer.o
 .comment       0x00000030       0x31 BSP/UART/uart.o
 .comment       0x00000030       0x31 CMDLine/cmdline.o
 .comment       0x00000030       0x31 CMDLine/command.o
 .comment       0x00000030       0x31 Scheduler/scheduler.o
 .comment       0x00000030       0x31 ThirdParty/libsfp/crc16.o
 .comment       0x00000030       0x31 ThirdParty/libsfp/fsp.o
 .comment       0x00000030       0x2c c:/program files (x86)/atmel/studio/7.0/toolchain/avr8/avr8-gnu-toolchain/bin/../lib/gcc/avr/5.4.0/../../../../avr/lib/avr5\libprintf_flt.a(vfprintf_flt.o)
                                 0x2d (size before relaxing)
 .comment       0x0000005c       0x31 c:/program files (x86)/atmel/studio/7.0/toolchain/avr8/avr8-gnu-toolchain/bin/../lib/gcc/avr/5.4.0/../../../../avr/lib/avr5\libc.a(fputc.o)
 .comment       0x0000005c       0x31 c:/program files (x86)/atmel/studio/7.0/toolchain/avr8/avr8-gnu-toolchain/bin/../lib/gcc/avr/5.4.0/../../../../avr/lib/avr5\libc.a(sprintf.o)

.note.gnu.avr.deviceinfo
                0x00000000       0x3c
 .note.gnu.avr.deviceinfo
                0x00000000       0x3c C:/Program Files (x86)/Atmel/Studio/7.0/Packs/atmel/ATmega_DFP/1.7.374/gcc/dev/atmega64/avr5/crtatmega64.o

.note.gnu.build-id
 *(.note.gnu.build-id)

.debug
 *(.debug)

.line
 *(.line)

.debug_srcinfo
 *(.debug_srcinfo)

.debug_sfnames
 *(.debug_sfnames)

.debug_aranges  0x00000000      0x610
 *(.debug_aranges)
 .debug_aranges
                0x00000000       0x38 Application/PDU_INT/PDU_INT.o
 .debug_aranges
                0x00000038       0x50 Application/POWER/ADC/ADC.o
 .debug_aranges
                0x00000088       0x28 Application/ANALOG_MUX/HC4067.o
 .debug_aranges
                0x000000b0       0x60 Application/COPC/COPC.o
 .debug_aranges
                0x00000110       0x68 Application/LED/status_led.o
 .debug_aranges
                0x00000178       0x20 Application/main.o
 .debug_aranges
                0x00000198      0x170 Application/POWER/POWER_IO/POWER_IO.o
 .debug_aranges
                0x00000308       0x28 Application/WDT/watchdog.o
 .debug_aranges
                0x00000330       0x30 BSP/TIMER/timer.o
 .debug_aranges
                0x00000360      0x108 BSP/UART/uart.o
 .debug_aranges
                0x00000468       0x20 CMDLine/cmdline.o
 .debug_aranges
                0x00000488       0x70 CMDLine/command.o
 .debug_aranges
                0x000004f8       0x90 Scheduler/scheduler.o
 .debug_aranges
                0x00000588       0x20 ThirdParty/libsfp/crc16.o
 .debug_aranges
                0x000005a8       0x68 ThirdParty/libsfp/fsp.o

.debug_pubnames
 *(.debug_pubnames)

.debug_info     0x00000000     0x617d
 *(.debug_info .gnu.linkonce.wi.*)
 .debug_info    0x00000000      0x780 C:/Program Files (x86)/Atmel/Studio/7.0/Packs/atmel/ATmega_DFP/1.7.374/gcc/dev/atmega64/avr5/crtatmega64.o
 .debug_info    0x00000780       0xc5 Application/PDU_INT/PDU_INT.o
 .debug_info    0x00000845      0x6b4 Application/POWER/ADC/ADC.o
 .debug_info    0x00000ef9       0xa8 Application/ANALOG_MUX/HC4067.o
 .debug_info    0x00000fa1     0x1003 Application/COPC/COPC.o
 .debug_info    0x00001fa4      0x513 Application/LED/status_led.o
 .debug_info    0x000024b7      0x4f8 Application/main.o
 .debug_info    0x000029af      0x957 Application/POWER/POWER_IO/POWER_IO.o
 .debug_info    0x00003306      0x2c2 Application/WDT/watchdog.o
 .debug_info    0x000035c8       0xaf BSP/TIMER/timer.o
 .debug_info    0x00003677      0xbc0 BSP/UART/uart.o
 .debug_info    0x00004237      0x1dc CMDLine/cmdline.o
 .debug_info    0x00004413      0xbbc CMDLine/command.o
 .debug_info    0x00004fcf      0xa32 Scheduler/scheduler.o
 .debug_info    0x00005a01       0xe6 ThirdParty/libsfp/crc16.o
 .debug_info    0x00005ae7      0x696 ThirdParty/libsfp/fsp.o

.debug_abbrev   0x00000000     0x1cd1
 *(.debug_abbrev)
 .debug_abbrev  0x00000000      0x718 C:/Program Files (x86)/Atmel/Studio/7.0/Packs/atmel/ATmega_DFP/1.7.374/gcc/dev/atmega64/avr5/crtatmega64.o
 .debug_abbrev  0x00000718       0x67 Application/PDU_INT/PDU_INT.o
 .debug_abbrev  0x0000077f      0x213 Application/POWER/ADC/ADC.o
 .debug_abbrev  0x00000992       0x76 Application/ANALOG_MUX/HC4067.o
 .debug_abbrev  0x00000a08      0x26c Application/COPC/COPC.o
 .debug_abbrev  0x00000c74      0x13d Application/LED/status_led.o
 .debug_abbrev  0x00000db1      0x187 Application/main.o
 .debug_abbrev  0x00000f38      0x1bd Application/POWER/POWER_IO/POWER_IO.o
 .debug_abbrev  0x000010f5       0xe0 Application/WDT/watchdog.o
 .debug_abbrev  0x000011d5       0x51 BSP/TIMER/timer.o
 .debug_abbrev  0x00001226      0x2da BSP/UART/uart.o
 .debug_abbrev  0x00001500      0x11a CMDLine/cmdline.o
 .debug_abbrev  0x0000161a      0x285 CMDLine/command.o
 .debug_abbrev  0x0000189f      0x23d Scheduler/scheduler.o
 .debug_abbrev  0x00001adc       0x7c ThirdParty/libsfp/crc16.o
 .debug_abbrev  0x00001b58      0x179 ThirdParty/libsfp/fsp.o

.debug_line     0x00000000     0x35f0
 *(.debug_line .debug_line.* .debug_line_end)
 .debug_line    0x00000000      0x16a C:/Program Files (x86)/Atmel/Studio/7.0/Packs/atmel/ATmega_DFP/1.7.374/gcc/dev/atmega64/avr5/crtatmega64.o
 .debug_line    0x0000016a      0x104 Application/PDU_INT/PDU_INT.o
 .debug_line    0x0000026e      0x370 Application/POWER/ADC/ADC.o
 .debug_line    0x000005de      0x146 Application/ANALOG_MUX/HC4067.o
 .debug_line    0x00000724      0x5c8 Application/COPC/COPC.o
 .debug_line    0x00000cec      0x28c Application/LED/status_led.o
 .debug_line    0x00000f78      0x2c1 Application/main.o
 .debug_line    0x00001239      0x6b2 Application/POWER/POWER_IO/POWER_IO.o
 .debug_line    0x000018eb      0x133 Application/WDT/watchdog.o
 .debug_line    0x00001a1e       0xee BSP/TIMER/timer.o
 .debug_line    0x00001b0c      0x978 BSP/UART/uart.o
 .debug_line    0x00002484      0x142 CMDLine/cmdline.o
 .debug_line    0x000025c6      0x58b CMDLine/command.o
 .debug_line    0x00002b51      0x579 Scheduler/scheduler.o
 .debug_line    0x000030ca       0xdc ThirdParty/libsfp/crc16.o
 .debug_line    0x000031a6      0x44a ThirdParty/libsfp/fsp.o

.debug_frame    0x00000000      0xfb0
 *(.debug_frame)
 .debug_frame   0x00000000       0x54 Application/PDU_INT/PDU_INT.o
 .debug_frame   0x00000054       0xdc Application/POWER/ADC/ADC.o
 .debug_frame   0x00000130       0x34 Application/ANALOG_MUX/HC4067.o
 .debug_frame   0x00000164      0x1b4 Application/COPC/COPC.o
 .debug_frame   0x00000318       0xb4 Application/LED/status_led.o
 .debug_frame   0x000003cc       0x24 Application/main.o
 .debug_frame   0x000003f0      0x2e8 Application/POWER/POWER_IO/POWER_IO.o
 .debug_frame   0x000006d8       0x34 Application/WDT/watchdog.o
 .debug_frame   0x0000070c       0x44 BSP/TIMER/timer.o
 .debug_frame   0x00000750      0x3f8 BSP/UART/uart.o
 .debug_frame   0x00000b48       0x34 CMDLine/cmdline.o
 .debug_frame   0x00000b7c      0x12c CMDLine/command.o
 .debug_frame   0x00000ca8      0x180 Scheduler/scheduler.o
 .debug_frame   0x00000e28       0x24 ThirdParty/libsfp/crc16.o
 .debug_frame   0x00000e4c      0x164 ThirdParty/libsfp/fsp.o

.debug_str      0x00000000     0x1b98
 *(.debug_str)
 .debug_str     0x00000000      0x27e C:/Program Files (x86)/Atmel/Studio/7.0/Packs/atmel/ATmega_DFP/1.7.374/gcc/dev/atmega64/avr5/crtatmega64.o
 .debug_str     0x0000027e      0x172 Application/PDU_INT/PDU_INT.o
                                0x1a6 (size before relaxing)
 .debug_str     0x000003f0      0x1de Application/POWER/ADC/ADC.o
                                0x359 (size before relaxing)
 .debug_str     0x000005ce       0x23 Application/ANALOG_MUX/HC4067.o
                                0x19a (size before relaxing)
 .debug_str     0x000005f1      0x683 Application/COPC/COPC.o
                                0x8dd (size before relaxing)
 .debug_str     0x00000c74      0x1e0 Application/LED/status_led.o
                                0x49b (size before relaxing)
 .debug_str     0x00000e54       0xba Application/main.o
                                0x3de (size before relaxing)
 .debug_str     0x00000f0e      0x24e Application/POWER/POWER_IO/POWER_IO.o
                                0x545 (size before relaxing)
 .debug_str     0x0000115c       0x64 Application/WDT/watchdog.o
                                0x381 (size before relaxing)
 .debug_str     0x000011c0       0x4c BSP/TIMER/timer.o
                                0x1a2 (size before relaxing)
 .debug_str     0x0000120c      0x2be BSP/UART/uart.o
                                0x505 (size before relaxing)
 .debug_str     0x000014ca       0xa9 CMDLine/cmdline.o
                                0x213 (size before relaxing)
 .debug_str     0x00001573      0x170 CMDLine/command.o
                                0x66a (size before relaxing)
 .debug_str     0x000016e3      0x3c4 Scheduler/scheduler.o
                                0x802 (size before relaxing)
 .debug_str     0x00001aa7       0x3c ThirdParty/libsfp/crc16.o
                                0x1a0 (size before relaxing)
 .debug_str     0x00001ae3       0xb5 ThirdParty/libsfp/fsp.o
                                0x2b0 (size before relaxing)

.debug_loc      0x00000000     0x365d
 *(.debug_loc)
 .debug_loc     0x00000000      0x18d Application/POWER/ADC/ADC.o
 .debug_loc     0x0000018d       0x3a Application/ANALOG_MUX/HC4067.o
 .debug_loc     0x000001c7      0x6e1 Application/COPC/COPC.o
 .debug_loc     0x000008a8       0x21 Application/LED/status_led.o
 .debug_loc     0x000008c9       0x7d Application/main.o
 .debug_loc     0x00000946      0x167 Application/POWER/POWER_IO/POWER_IO.o
 .debug_loc     0x00000aad      0xdaf BSP/UART/uart.o
 .debug_loc     0x0000185c      0x154 CMDLine/cmdline.o
 .debug_loc     0x000019b0      0x837 CMDLine/command.o
 .debug_loc     0x000021e7      0x70f Scheduler/scheduler.o
 .debug_loc     0x000028f6       0xca ThirdParty/libsfp/crc16.o
 .debug_loc     0x000029c0      0xc9d ThirdParty/libsfp/fsp.o

.debug_macinfo
 *(.debug_macinfo)

.debug_weaknames
 *(.debug_weaknames)

.debug_funcnames
 *(.debug_funcnames)

.debug_typenames
 *(.debug_typenames)

.debug_varnames
 *(.debug_varnames)

.debug_pubtypes
 *(.debug_pubtypes)

.debug_ranges   0x00000000      0x568
 *(.debug_ranges)
 .debug_ranges  0x00000000       0x28 Application/PDU_INT/PDU_INT.o
 .debug_ranges  0x00000028       0x40 Application/POWER/ADC/ADC.o
 .debug_ranges  0x00000068       0x18 Application/ANALOG_MUX/HC4067.o
 .debug_ranges  0x00000080       0x50 Application/COPC/COPC.o
 .debug_ranges  0x000000d0       0x58 Application/LED/status_led.o
 .debug_ranges  0x00000128       0x28 Application/main.o
 .debug_ranges  0x00000150      0x160 Application/POWER/POWER_IO/POWER_IO.o
 .debug_ranges  0x000002b0       0x18 Application/WDT/watchdog.o
 .debug_ranges  0x000002c8       0x20 BSP/TIMER/timer.o
 .debug_ranges  0x000002e8       0xf8 BSP/UART/uart.o
 .debug_ranges  0x000003e0       0x10 CMDLine/cmdline.o
 .debug_ranges  0x000003f0       0x90 CMDLine/command.o
 .debug_ranges  0x00000480       0x80 Scheduler/scheduler.o
 .debug_ranges  0x00000500       0x10 ThirdParty/libsfp/crc16.o
 .debug_ranges  0x00000510       0x58 ThirdParty/libsfp/fsp.o

.debug_macro
 *(.debug_macro)
OUTPUT(PDU_V100_firmware.elf elf32-avr)
LOAD linker stubs
